[2026-09-30 16:46:28] start: /Users/aaron/venvs/navcil/bin/python scripts/nc15_lora_train.py --device cpu --src-out /Users/aaron/research/01_navrouter-cil/outputs/navcil/mac 
[16:46:29] NC-15 L1 r=3 orders=reverse,paper threads=8 λ*=1.5 src=/Users/aaron/research/01_navrouter-cil/outputs/navcil/mac → /Users/aaron/research/01_navrouter-cil-lora-val/outputs/navcil/mac/nc15/lora_r3
[SelectorBank] loaded 4 skills from /Users/aaron/research/01_navrouter-cil/outputs/navcil/mac/bank/fold1.pt
[16:46:30] reverse r=3 fold 1 tcga_rcc: train n=616 trainable=2823
[16:46:40]     epoch 1/5 n=616 loss=0.3161 read=1.7s compute=6.4s
[16:46:47]     epoch 2/5 n=616 loss=0.1911 read=1.3s compute=5.6s
[16:46:54]     epoch 3/5 n=616 loss=0.1642 read=1.3s compute=5.8s
[16:47:01]     epoch 4/5 n=616 loss=0.1430 read=1.3s compute=5.7s
[16:47:08]     epoch 5/5 n=616 loss=0.1429 read=1.3s compute=5.7s
[16:47:08] reverse r=3 fold 1 tcga_brca: train n=763 trainable=2823
[16:47:16]     epoch 1/5 n=763 loss=0.3174 read=1.7s compute=5.8s
[16:47:23]     epoch 2/5 n=763 loss=0.2753 read=1.2s compute=6.0s
[16:47:31]     epoch 3/5 n=763 loss=0.2647 read=1.2s compute=6.0s
[16:47:38]     epoch 4/5 n=763 loss=0.2462 read=1.2s compute=6.1s
[16:47:46]     epoch 5/5 n=763 loss=0.2347 read=1.2s compute=6.0s
[16:47:46] reverse r=3 fold 1 tcga_lung: train n=774 trainable=2823
[16:47:55]     epoch 1/5 n=774 loss=0.3882 read=1.9s compute=6.8s
[16:48:05]     epoch 2/5 n=774 loss=0.2703 read=1.8s compute=7.7s
[16:48:14]     epoch 3/5 n=774 loss=0.2449 read=1.8s compute=7.3s
[16:48:23]     epoch 4/5 n=774 loss=0.2111 read=1.7s compute=7.0s
[16:48:33]     epoch 5/5 n=774 loss=0.1966 read=1.8s compute=7.7s
[16:48:51] reverse r=3 fold 1: eval 19s
[SelectorBank] loaded 4 skills from /Users/aaron/research/01_navrouter-cil/outputs/navcil/mac/bank/fold2.pt
[16:48:52] reverse r=3 fold 2 tcga_rcc: train n=613 trainable=2823
[16:49:00]     epoch 1/5 n=613 loss=0.4132 read=1.6s compute=6.2s
[16:49:07]     epoch 2/5 n=613 loss=0.2110 read=1.4s compute=6.3s
[16:49:15]     epoch 3/5 n=613 loss=0.2036 read=1.4s compute=5.9s
[16:49:22]     epoch 4/5 n=613 loss=0.1803 read=1.3s compute=5.8s
[16:49:30]     epoch 5/5 n=613 loss=0.1733 read=1.4s compute=6.6s
[16:49:30] reverse r=3 fold 2 tcga_brca: train n=764 trainable=2823
[16:49:39]     epoch 1/5 n=764 loss=0.3258 read=1.7s compute=6.4s
[16:49:47]     epoch 2/5 n=764 loss=0.2802 read=1.5s compute=6.6s
[16:49:56]     epoch 3/5 n=764 loss=0.2616 read=1.7s compute=7.4s
[16:50:05]     epoch 4/5 n=764 loss=0.2469 read=1.6s compute=6.5s
[16:50:13]     epoch 5/5 n=764 loss=0.2342 read=1.6s compute=6.3s
[16:50:13] reverse r=3 fold 2 tcga_lung: train n=761 trainable=2823
[16:50:22]     epoch 1/5 n=761 loss=0.4455 read=1.9s compute=6.8s
[16:50:32]     epoch 2/5 n=761 loss=0.3028 read=1.8s compute=7.8s
[16:50:41]     epoch 3/5 n=761 loss=0.2827 read=1.8s compute=6.8s
[16:50:49]     epoch 4/5 n=761 loss=0.2450 read=1.7s compute=6.8s
[16:50:58]     epoch 5/5 n=761 loss=0.2278 read=1.7s compute=6.7s
[16:51:15] reverse r=3 fold 2: eval 17s
[SelectorBank] loaded 4 skills from /Users/aaron/research/01_navrouter-cil/outputs/navcil/mac/bank/fold3.pt
[16:51:15] reverse r=3 fold 3 tcga_rcc: train n=617 trainable=2823
[16:51:23]     epoch 1/5 n=617 loss=0.2453 read=1.5s compute=5.8s
[16:51:30]     epoch 2/5 n=617 loss=0.1775 read=1.3s compute=5.7s
[16:51:37]     epoch 3/5 n=617 loss=0.1567 read=1.3s compute=5.6s
[16:51:45]     epoch 4/5 n=617 loss=0.1529 read=1.6s compute=5.9s
[16:51:52]     epoch 5/5 n=617 loss=0.1396 read=1.5s compute=5.7s
[16:51:52] reverse r=3 fold 3 tcga_brca: train n=763 trainable=2823
[16:52:00]     epoch 1/5 n=763 loss=0.3655 read=1.7s compute=6.0s
[16:52:08]     epoch 2/5 n=763 loss=0.2715 read=1.4s compute=6.0s
[16:52:15]     epoch 3/5 n=763 loss=0.2628 read=1.4s compute=6.1s
[16:52:23]     epoch 4/5 n=763 loss=0.2545 read=1.4s compute=6.1s
[16:52:31]     epoch 5/5 n=763 loss=0.2465 read=1.4s compute=6.1s
[16:52:31] reverse r=3 fold 3 tcga_lung: train n=765 trainable=2823
[16:52:40]     epoch 1/5 n=765 loss=0.4703 read=1.9s compute=6.6s
[16:52:48]     epoch 2/5 n=765 loss=0.3317 read=1.7s compute=6.5s
[16:52:57]     epoch 3/5 n=765 loss=0.2774 read=1.7s compute=6.6s
[16:53:05]     epoch 4/5 n=765 loss=0.2479 read=1.7s compute=6.6s
[16:53:14]     epoch 5/5 n=765 loss=0.2324 read=1.7s compute=6.9s
[16:53:32] reverse r=3 fold 3: eval 19s
[SelectorBank] loaded 4 skills from /Users/aaron/research/01_navrouter-cil/outputs/navcil/mac/bank/fold4.pt
[16:53:32] reverse r=3 fold 4 tcga_rcc: train n=613 trainable=2823
[16:53:40]     epoch 1/5 n=613 loss=0.2837 read=1.5s compute=5.8s
[16:53:47]     epoch 2/5 n=613 loss=0.1346 read=1.3s compute=5.8s
[16:53:54]     epoch 3/5 n=613 loss=0.1206 read=1.3s compute=5.7s
[16:54:02]     epoch 4/5 n=613 loss=0.0980 read=1.3s compute=5.9s
[16:54:09]     epoch 5/5 n=613 loss=0.0862 read=1.3s compute=5.8s
[16:54:09] reverse r=3 fold 4 tcga_brca: train n=762 trainable=2823
[16:54:17]     epoch 1/5 n=762 loss=0.4784 read=1.7s compute=6.0s
[16:54:25]     epoch 2/5 n=762 loss=0.3065 read=1.4s compute=5.9s
[16:54:32]     epoch 3/5 n=762 loss=0.2597 read=1.4s compute=6.0s
[16:54:40]     epoch 4/5 n=762 loss=0.2437 read=1.4s compute=5.9s
[16:54:47]     epoch 5/5 n=762 loss=0.2323 read=1.4s compute=6.1s
[16:54:48] reverse r=3 fold 4 tcga_lung: train n=756 trainable=2823
[16:54:56]     epoch 1/5 n=756 loss=0.5577 read=1.8s compute=6.4s
[16:55:04]     epoch 2/5 n=756 loss=0.3492 read=1.6s compute=6.4s
[16:55:12]     epoch 3/5 n=756 loss=0.3018 read=1.6s compute=6.5s
[16:55:21]     epoch 4/5 n=756 loss=0.2897 read=1.6s compute=6.4s
[16:55:29]     epoch 5/5 n=756 loss=0.2617 read=1.6s compute=6.5s
[16:55:47] reverse r=3 fold 4: eval 18s
[SelectorBank] loaded 4 skills from /Users/aaron/research/01_navrouter-cil/outputs/navcil/mac/bank/fold5.pt
[16:55:47] reverse r=3 fold 5 tcga_rcc: train n=619 trainable=2823
[16:55:55]     epoch 1/5 n=619 loss=0.2870 read=1.5s compute=5.7s
[16:56:02]     epoch 2/5 n=619 loss=0.1775 read=1.3s compute=5.8s
[16:56:09]     epoch 3/5 n=619 loss=0.1541 read=1.3s compute=5.7s
[16:56:16]     epoch 4/5 n=619 loss=0.1315 read=1.3s compute=5.8s
[16:56:24]     epoch 5/5 n=619 loss=0.1201 read=1.3s compute=6.0s
[16:56:24] reverse r=3 fold 5 tcga_brca: train n=763 trainable=2823
[16:56:32]     epoch 1/5 n=763 loss=0.3904 read=1.8s compute=6.2s
[16:56:40]     epoch 2/5 n=763 loss=0.2874 read=1.5s compute=6.4s
[16:56:48]     epoch 3/5 n=763 loss=0.2576 read=1.5s compute=6.2s
[16:56:56]     epoch 4/5 n=763 loss=0.2482 read=1.5s compute=6.4s
[16:57:04]     epoch 5/5 n=763 loss=0.2419 read=1.5s compute=6.1s
[16:57:04] reverse r=3 fold 5 tcga_lung: train n=764 trainable=2823
[16:57:13]     epoch 1/5 n=764 loss=0.3652 read=1.9s compute=6.6s
[16:57:21]     epoch 2/5 n=764 loss=0.2891 read=1.6s compute=6.5s
[16:57:29]     epoch 3/5 n=764 loss=0.2473 read=1.7s compute=6.6s
[16:57:38]     epoch 4/5 n=764 loss=0.2490 read=1.6s compute=6.5s
[16:57:46]     epoch 5/5 n=764 loss=0.2281 read=1.7s compute=6.6s
[16:58:04] reverse r=3 fold 5: eval 18s
[SelectorBank] loaded 4 skills from /Users/aaron/research/01_navrouter-cil/outputs/navcil/mac/bank/fold6.pt
[16:58:04] reverse r=3 fold 6 tcga_rcc: train n=616 trainable=2823
[16:58:12]     epoch 1/5 n=616 loss=0.2375 read=1.6s compute=6.1s
[16:58:19]     epoch 2/5 n=616 loss=0.1907 read=1.4s compute=6.1s
[16:58:27]     epoch 3/5 n=616 loss=0.1585 read=1.3s compute=6.0s
[16:58:34]     epoch 4/5 n=616 loss=0.1483 read=1.2s compute=5.9s
[16:58:41]     epoch 5/5 n=616 loss=0.1401 read=1.2s compute=5.7s
[16:58:41] reverse r=3 fold 6 tcga_brca: train n=758 trainable=2823
[16:58:49]     epoch 1/5 n=758 loss=0.3627 read=1.7s compute=6.0s
[16:58:57]     epoch 2/5 n=758 loss=0.2574 read=1.3s compute=6.3s
[16:59:05]     epoch 3/5 n=758 loss=0.2329 read=1.3s compute=6.2s
[16:59:13]     epoch 4/5 n=758 loss=0.2003 read=1.3s compute=6.3s
[16:59:20]     epoch 5/5 n=758 loss=0.1878 read=1.2s compute=6.2s
[16:59:20] reverse r=3 fold 6 tcga_lung: train n=759 trainable=2823
[16:59:29]     epoch 1/5 n=759 loss=0.6034 read=1.8s compute=6.7s
[16:59:38]     epoch 2/5 n=759 loss=0.4161 read=1.5s compute=6.9s
[16:59:46]     epoch 3/5 n=759 loss=0.3600 read=1.5s compute=6.6s
[16:59:55]     epoch 4/5 n=759 loss=0.3474 read=1.6s compute=7.0s
[17:00:03]     epoch 5/5 n=759 loss=0.3165 read=1.6s compute=6.6s
[17:00:22] reverse r=3 fold 6: eval 18s
[SelectorBank] loaded 4 skills from /Users/aaron/research/01_navrouter-cil/outputs/navcil/mac/bank/fold7.pt
[17:00:22] reverse r=3 fold 7 tcga_rcc: train n=615 trainable=2823
[17:00:29]     epoch 1/5 n=615 loss=0.3399 read=1.6s compute=6.0s
[17:00:37]     epoch 2/5 n=615 loss=0.1632 read=1.3s compute=5.7s
[17:00:44]     epoch 3/5 n=615 loss=0.1482 read=1.3s compute=5.8s
[17:00:51]     epoch 4/5 n=615 loss=0.1356 read=1.3s compute=5.8s
[17:00:59]     epoch 5/5 n=615 loss=0.1228 read=1.3s compute=6.1s
[17:00:59] reverse r=3 fold 7 tcga_brca: train n=760 trainable=2823
[17:01:07]     epoch 1/5 n=760 loss=0.3714 read=1.8s compute=6.1s
[17:01:14]     epoch 2/5 n=760 loss=0.3005 read=1.3s compute=6.0s
[17:01:22]     epoch 3/5 n=760 loss=0.2859 read=1.3s compute=6.1s
[2026-09-30 17:01:28] heartbeat progress: 25 .done
[17:01:30]     epoch 4/5 n=760 loss=0.2602 read=1.4s compute=6.2s
[17:01:37]     epoch 5/5 n=760 loss=0.2429 read=1.4s compute=6.1s
[17:01:37] reverse r=3 fold 7 tcga_lung: train n=774 trainable=2823
[17:01:46]     epoch 1/5 n=774 loss=0.5312 read=1.9s compute=6.6s
[17:01:55]     epoch 2/5 n=774 loss=0.3357 read=1.7s compute=6.7s
[17:02:03]     epoch 3/5 n=774 loss=0.2977 read=1.6s compute=6.7s
[17:02:12]     epoch 4/5 n=774 loss=0.2703 read=1.7s compute=6.8s
[17:02:21]     epoch 5/5 n=774 loss=0.2721 read=1.7s compute=6.8s
[17:02:37] reverse r=3 fold 7: eval 17s
[SelectorBank] loaded 4 skills from /Users/aaron/research/01_navrouter-cil/outputs/navcil/mac/bank/fold8.pt
[17:02:37] reverse r=3 fold 8 tcga_rcc: train n=617 trainable=2823
[17:02:45]     epoch 1/5 n=617 loss=0.2922 read=1.5s compute=5.9s
[17:02:52]     epoch 2/5 n=617 loss=0.1608 read=1.3s compute=5.8s
[17:03:00]     epoch 3/5 n=617 loss=0.1408 read=1.3s compute=5.8s
[17:03:07]     epoch 4/5 n=617 loss=0.1245 read=1.4s compute=6.2s
[17:03:15]     epoch 5/5 n=617 loss=0.1239 read=1.5s compute=6.4s
[17:03:15] reverse r=3 fold 8 tcga_brca: train n=762 trainable=2823
[17:03:24]     epoch 1/5 n=762 loss=0.3341 read=1.9s compute=6.7s
[17:03:32]     epoch 2/5 n=762 loss=0.2820 read=1.5s compute=6.3s
[17:03:40]     epoch 3/5 n=762 loss=0.2635 read=1.4s compute=6.0s
[17:03:48]     epoch 4/5 n=762 loss=0.2474 read=1.4s compute=6.3s
[17:03:56]     epoch 5/5 n=762 loss=0.2431 read=1.5s compute=6.5s
[17:03:56] reverse r=3 fold 8 tcga_lung: train n=777 trainable=2823
[17:04:06]     epoch 1/5 n=777 loss=0.4194 read=2.0s compute=7.2s
[17:04:14]     epoch 2/5 n=777 loss=0.2666 read=1.7s compute=7.0s
[17:04:23]     epoch 3/5 n=777 loss=0.2405 read=1.7s compute=7.1s
[17:04:32]     epoch 4/5 n=777 loss=0.2446 read=1.7s compute=6.7s
[17:04:41]     epoch 5/5 n=777 loss=0.2279 read=1.7s compute=6.8s
[17:04:58] reverse r=3 fold 8: eval 17s
[SelectorBank] loaded 4 skills from /Users/aaron/research/01_navrouter-cil/outputs/navcil/mac/bank/fold9.pt
[17:04:58] reverse r=3 fold 9 tcga_rcc: train n=612 trainable=2823
[17:05:05]     epoch 1/5 n=612 loss=0.3201 read=1.5s compute=5.9s
[17:05:13]     epoch 2/5 n=612 loss=0.1444 read=1.3s compute=5.9s
[17:05:20]     epoch 3/5 n=612 loss=0.1361 read=1.3s compute=6.0s
[17:05:28]     epoch 4/5 n=612 loss=0.1269 read=1.3s compute=6.0s
[17:05:35]     epoch 5/5 n=612 loss=0.1169 read=1.3s compute=5.9s
[17:05:35] reverse r=3 fold 9 tcga_brca: train n=760 trainable=2823
[17:05:43]     epoch 1/5 n=760 loss=0.3428 read=1.7s compute=6.0s
[17:05:51]     epoch 2/5 n=760 loss=0.2931 read=1.4s compute=6.3s
[17:05:59]     epoch 3/5 n=760 loss=0.2656 read=1.5s compute=6.3s
[17:06:07]     epoch 4/5 n=760 loss=0.2517 read=1.3s compute=6.2s
[17:06:15]     epoch 5/5 n=760 loss=0.2378 read=1.3s compute=6.3s
[17:06:15] reverse r=3 fold 9 tcga_lung: train n=762 trainable=2823
[17:06:24]     epoch 1/5 n=762 loss=0.4557 read=1.8s compute=6.8s
[17:06:32]     epoch 2/5 n=762 loss=0.3258 read=1.6s compute=6.8s
[17:06:41]     epoch 3/5 n=762 loss=0.2786 read=1.6s compute=7.2s
[17:06:50]     epoch 4/5 n=762 loss=0.2649 read=1.7s compute=6.5s
[17:06:58]     epoch 5/5 n=762 loss=0.2526 read=1.6s compute=6.7s
[17:07:17] reverse r=3 fold 9: eval 19s
[SelectorBank] loaded 4 skills from /Users/aaron/research/01_navrouter-cil/outputs/navcil/mac/bank/fold10.pt
[17:07:17] reverse r=3 fold 10 tcga_rcc: train n=618 trainable=2823
[17:07:25]     epoch 1/5 n=618 loss=0.3296 read=1.6s compute=5.9s
[17:07:32]     epoch 2/5 n=618 loss=0.1962 read=1.4s compute=5.9s
[17:07:39]     epoch 3/5 n=618 loss=0.1848 read=1.3s compute=5.8s
[17:07:47]     epoch 4/5 n=618 loss=0.1835 read=1.3s compute=5.8s
[17:07:54]     epoch 5/5 n=618 loss=0.1625 read=1.3s compute=5.8s
[17:07:54] reverse r=3 fold 10 tcga_brca: train n=763 trainable=2823
[17:08:02]     epoch 1/5 n=763 loss=0.3194 read=1.7s compute=6.1s
[17:08:11]     epoch 2/5 n=763 loss=0.2706 read=1.5s compute=6.7s
[17:08:19]     epoch 3/5 n=763 loss=0.2403 read=1.5s compute=6.5s
[17:08:27]     epoch 4/5 n=763 loss=0.2185 read=1.5s compute=6.6s
[17:08:35]     epoch 5/5 n=763 loss=0.2054 read=1.5s compute=6.6s
[17:08:35] reverse r=3 fold 10 tcga_lung: train n=771 trainable=2823
[17:08:44]     epoch 1/5 n=771 loss=0.5079 read=1.9s compute=6.8s
[17:08:53]     epoch 2/5 n=771 loss=0.3399 read=1.7s compute=6.8s
[17:09:03]     epoch 3/5 n=771 loss=0.2997 read=1.8s compute=7.7s
[17:09:15]     epoch 4/5 n=771 loss=0.2862 read=2.0s compute=10.5s
[17:09:24]     epoch 5/5 n=771 loss=0.2634 read=1.7s compute=6.7s
[17:09:42] reverse r=3 fold 10: eval 18s
[17:09:42] reverse r=3 完成（1392s）
[SelectorBank] loaded 4 skills from /Users/aaron/research/01_navrouter-cil/outputs/navcil/mac/bank/fold1.pt
[17:09:42] paper r=3 fold 1 tcga_brca: train n=763 trainable=2823
[17:09:50]     epoch 1/5 n=763 loss=0.3873 read=1.8s compute=6.3s
[17:09:58]     epoch 2/5 n=763 loss=0.2824 read=1.5s compute=6.1s
[17:10:06]     epoch 3/5 n=763 loss=0.2522 read=1.5s compute=6.1s
[17:10:14]     epoch 4/5 n=763 loss=0.2282 read=1.4s compute=6.2s
[17:10:23]     epoch 5/5 n=763 loss=0.2207 read=1.5s compute=7.6s
[17:10:23] paper r=3 fold 1 tcga_rcc: train n=616 trainable=2823
[17:10:32]     epoch 1/5 n=616 loss=0.2577 read=1.7s compute=7.4s
[17:10:40]     epoch 2/5 n=616 loss=0.1797 read=1.4s compute=6.1s
[17:10:48]     epoch 3/5 n=616 loss=0.1635 read=1.3s compute=5.9s
[17:10:57]     epoch 4/5 n=616 loss=0.1463 read=1.5s compute=7.3s
[17:11:05]     epoch 5/5 n=616 loss=0.1348 read=1.5s compute=6.5s
[17:11:05] paper r=3 fold 1 tcga_esca: train n=120 trainable=2823
[17:11:06]     epoch 1/5 n=120 loss=1.2136 read=0.3s compute=1.1s
[17:11:08]     epoch 2/5 n=120 loss=0.2464 read=0.2s compute=1.1s
[17:11:09]     epoch 3/5 n=120 loss=0.0912 read=0.2s compute=1.1s
[17:11:10]     epoch 4/5 n=120 loss=0.0637 read=0.2s compute=1.1s
[17:11:12]     epoch 5/5 n=120 loss=0.0410 read=0.2s compute=1.0s
[17:11:32] paper r=3 fold 1: eval 21s
[SelectorBank] loaded 4 skills from /Users/aaron/research/01_navrouter-cil/outputs/navcil/mac/bank/fold2.pt
[17:11:32] paper r=3 fold 2 tcga_brca: train n=764 trainable=2823
[17:11:41]     epoch 1/5 n=764 loss=0.3333 read=1.8s compute=6.6s
[17:11:49]     epoch 2/5 n=764 loss=0.2603 read=1.5s compute=6.3s
[17:11:57]     epoch 3/5 n=764 loss=0.2359 read=1.5s compute=6.2s
[17:12:05]     epoch 4/5 n=764 loss=0.2264 read=1.4s compute=6.0s
[17:12:12]     epoch 5/5 n=764 loss=0.2163 read=1.5s compute=6.1s
[17:12:13] paper r=3 fold 2 tcga_rcc: train n=613 trainable=2823
[17:12:20]     epoch 1/5 n=613 loss=0.2936 read=1.6s compute=6.0s
[17:12:28]     epoch 2/5 n=613 loss=0.2097 read=1.3s compute=5.8s
[17:12:35]     epoch 3/5 n=613 loss=0.1934 read=1.4s compute=6.2s
[17:12:43]     epoch 4/5 n=613 loss=0.1554 read=1.4s compute=6.0s
[17:12:51]     epoch 5/5 n=613 loss=0.1320 read=1.4s compute=6.3s
[17:12:51] paper r=3 fold 2 tcga_esca: train n=120 trainable=2823
[17:12:52]     epoch 1/5 n=120 loss=2.0539 read=0.3s compute=1.1s
[17:12:54]     epoch 2/5 n=120 loss=0.1063 read=0.2s compute=1.1s
[17:12:55]     epoch 3/5 n=120 loss=0.0524 read=0.2s compute=1.1s
[17:12:56]     epoch 4/5 n=120 loss=0.0542 read=0.2s compute=1.1s
[17:12:58]     epoch 5/5 n=120 loss=0.0376 read=0.2s compute=1.1s
[17:13:18] paper r=3 fold 2: eval 21s
[SelectorBank] loaded 4 skills from /Users/aaron/research/01_navrouter-cil/outputs/navcil/mac/bank/fold3.pt
[17:13:18] paper r=3 fold 3 tcga_brca: train n=763 trainable=2823
[17:13:27]     epoch 1/5 n=763 loss=0.3387 read=1.7s compute=6.5s
[17:13:35]     epoch 2/5 n=763 loss=0.2817 read=1.6s compute=6.8s
[17:13:44]     epoch 3/5 n=763 loss=0.2468 read=1.6s compute=6.3s
[17:13:51]     epoch 4/5 n=763 loss=0.2264 read=1.5s compute=6.2s
[17:14:00]     epoch 5/5 n=763 loss=0.2020 read=1.5s compute=6.4s
[17:14:00] paper r=3 fold 3 tcga_rcc: train n=617 trainable=2823
[17:14:08]     epoch 1/5 n=617 loss=0.2866 read=1.7s compute=6.4s
[17:14:15]     epoch 2/5 n=617 loss=0.1981 read=1.4s compute=5.8s
[17:14:23]     epoch 3/5 n=617 loss=0.1629 read=1.4s compute=6.0s
[17:14:31]     epoch 4/5 n=617 loss=0.1683 read=1.5s compute=6.5s
[17:14:39]     epoch 5/5 n=617 loss=0.1541 read=1.5s compute=6.4s
[17:14:39] paper r=3 fold 3 tcga_esca: train n=120 trainable=2823
[17:14:41]     epoch 1/5 n=120 loss=1.4270 read=0.3s compute=1.0s
[17:14:42]     epoch 2/5 n=120 loss=0.2121 read=0.2s compute=1.1s
[17:14:43]     epoch 3/5 n=120 loss=0.1078 read=0.2s compute=1.1s
[17:14:44]     epoch 4/5 n=120 loss=0.0520 read=0.2s compute=1.1s
[17:14:46]     epoch 5/5 n=120 loss=0.0516 read=0.2s compute=1.2s
[17:15:07] paper r=3 fold 3: eval 21s
[SelectorBank] loaded 4 skills from /Users/aaron/research/01_navrouter-cil/outputs/navcil/mac/bank/fold4.pt
[17:15:07] paper r=3 fold 4 tcga_brca: train n=762 trainable=2823
[17:15:15]     epoch 1/5 n=762 loss=0.3083 read=1.7s compute=6.2s
[17:15:23]     epoch 2/5 n=762 loss=0.2681 read=1.5s compute=6.3s
[17:15:32]     epoch 3/5 n=762 loss=0.2415 read=1.5s compute=6.4s
[17:15:39]     epoch 4/5 n=762 loss=0.2234 read=1.5s compute=6.1s
[17:15:48]     epoch 5/5 n=762 loss=0.2147 read=1.6s compute=6.5s
[17:15:48] paper r=3 fold 4 tcga_rcc: train n=613 trainable=2823
[17:15:56]     epoch 1/5 n=613 loss=0.3132 read=1.7s compute=6.3s
[17:16:04]     epoch 2/5 n=613 loss=0.1501 read=1.5s compute=6.0s
[17:16:11]     epoch 3/5 n=613 loss=0.1089 read=1.4s compute=6.0s
[17:16:19]     epoch 4/5 n=613 loss=0.1013 read=1.3s compute=5.7s
[17:16:27]     epoch 5/5 n=613 loss=0.0941 read=1.6s compute=6.4s
[17:16:27] paper r=3 fold 4 tcga_esca: train n=119 trainable=2823
[2026-09-30 17:16:28] heartbeat progress: 55 .done
[17:16:28]     epoch 1/5 n=119 loss=1.1429 read=0.3s compute=1.2s
[17:16:30]     epoch 2/5 n=119 loss=0.2102 read=0.2s compute=1.2s
[17:16:31]     epoch 3/5 n=119 loss=0.1412 read=0.2s compute=1.1s
[17:16:32]     epoch 4/5 n=119 loss=0.1955 read=0.2s compute=1.2s
[17:16:34]     epoch 5/5 n=119 loss=0.1644 read=0.2s compute=1.2s
[17:16:58] paper r=3 fold 4: eval 25s
[SelectorBank] loaded 4 skills from /Users/aaron/research/01_navrouter-cil/outputs/navcil/mac/bank/fold5.pt
[17:16:59] paper r=3 fold 5 tcga_brca: train n=763 trainable=2823
[17:17:07]     epoch 1/5 n=763 loss=0.3819 read=1.9s compute=6.7s
[17:17:16]     epoch 2/5 n=763 loss=0.2706 read=1.7s compute=6.6s
[17:17:24]     epoch 3/5 n=763 loss=0.2347 read=1.6s compute=6.4s
[17:17:32]     epoch 4/5 n=763 loss=0.2195 read=1.6s compute=6.4s
[17:17:41]     epoch 5/5 n=763 loss=0.2058 read=1.8s compute=7.1s
[17:17:42] paper r=3 fold 5 tcga_rcc: train n=619 trainable=2823
[17:17:50]     epoch 1/5 n=619 loss=0.2835 read=1.7s compute=6.1s
[17:17:58]     epoch 2/5 n=619 loss=0.1622 read=1.5s compute=6.3s
[17:18:06]     epoch 3/5 n=619 loss=0.1491 read=1.5s compute=6.2s
[17:18:13]     epoch 4/5 n=619 loss=0.1382 read=1.4s compute=6.2s
[17:18:21]     epoch 5/5 n=619 loss=0.1296 read=1.4s compute=6.2s
[17:18:21] paper r=3 fold 5 tcga_esca: train n=120 trainable=2823
[17:18:23]     epoch 1/5 n=120 loss=0.7208 read=0.3s compute=1.1s
[17:18:24]     epoch 2/5 n=120 loss=0.1968 read=0.2s compute=1.1s
[17:18:25]     epoch 3/5 n=120 loss=0.1450 read=0.2s compute=1.1s
[17:18:27]     epoch 4/5 n=120 loss=0.1154 read=0.2s compute=1.1s
[17:18:28]     epoch 5/5 n=120 loss=0.1074 read=0.2s compute=1.1s
[17:18:51] paper r=3 fold 5: eval 23s
[SelectorBank] loaded 4 skills from /Users/aaron/research/01_navrouter-cil/outputs/navcil/mac/bank/fold6.pt
[17:18:51] paper r=3 fold 6 tcga_brca: train n=758 trainable=2823
[17:19:00]     epoch 1/5 n=758 loss=0.2681 read=1.8s compute=6.9s
[17:19:08]     epoch 2/5 n=758 loss=0.2453 read=1.6s compute=6.7s
[17:19:17]     epoch 3/5 n=758 loss=0.2255 read=1.5s compute=6.6s
[17:19:26]     epoch 4/5 n=758 loss=0.2073 read=1.6s compute=6.9s
[17:19:35]     epoch 5/5 n=758 loss=0.1958 read=1.7s compute=7.4s
[17:19:35] paper r=3 fold 6 tcga_rcc: train n=616 trainable=2823
[17:19:44]     epoch 1/5 n=616 loss=0.3296 read=1.7s compute=6.7s
[17:19:51]     epoch 2/5 n=616 loss=0.1880 read=1.4s compute=6.0s
[17:19:59]     epoch 3/5 n=616 loss=0.1744 read=1.4s compute=6.0s
[17:20:07]     epoch 4/5 n=616 loss=0.1668 read=1.4s compute=6.4s
[17:20:15]     epoch 5/5 n=616 loss=0.1463 read=1.5s compute=6.3s
[17:20:15] paper r=3 fold 6 tcga_esca: train n=119 trainable=2823
[17:20:17]     epoch 1/5 n=119 loss=1.2179 read=0.3s compute=1.1s
[17:20:18]     epoch 2/5 n=119 loss=0.1101 read=0.2s compute=1.1s
[17:20:19]     epoch 3/5 n=119 loss=0.0785 read=0.2s compute=1.2s
[17:20:21]     epoch 4/5 n=119 loss=0.0672 read=0.2s compute=1.1s
[17:20:22]     epoch 5/5 n=119 loss=0.0493 read=0.2s compute=1.1s
[17:20:44] paper r=3 fold 6: eval 22s
[SelectorBank] loaded 4 skills from /Users/aaron/research/01_navrouter-cil/outputs/navcil/mac/bank/fold7.pt
[17:20:44] paper r=3 fold 7 tcga_brca: train n=760 trainable=2823
[17:20:53]     epoch 1/5 n=760 loss=0.3636 read=1.8s compute=6.8s
[17:21:01]     epoch 2/5 n=760 loss=0.2576 read=1.6s compute=6.6s
[17:21:09]     epoch 3/5 n=760 loss=0.2358 read=1.5s compute=6.6s
[17:21:18]     epoch 4/5 n=760 loss=0.2143 read=1.5s compute=6.6s
[17:21:27]     epoch 5/5 n=760 loss=0.2095 read=1.6s compute=6.9s
[17:21:27] paper r=3 fold 7 tcga_rcc: train n=615 trainable=2823
[17:21:35]     epoch 1/5 n=615 loss=0.3499 read=1.6s compute=6.0s
[17:21:42]     epoch 2/5 n=615 loss=0.1923 read=1.4s compute=6.1s
[17:21:50]     epoch 3/5 n=615 loss=0.1493 read=1.4s compute=6.2s
[17:21:58]     epoch 4/5 n=615 loss=0.1367 read=1.4s compute=6.1s
[17:22:05]     epoch 5/5 n=615 loss=0.1304 read=1.4s compute=6.0s
[17:22:05] paper r=3 fold 7 tcga_esca: train n=120 trainable=2823
[17:22:07]     epoch 1/5 n=120 loss=1.3999 read=0.3s compute=1.1s
[17:22:08]     epoch 2/5 n=120 loss=0.3007 read=0.2s compute=1.1s
[17:22:09]     epoch 3/5 n=120 loss=0.1041 read=0.2s compute=1.1s
[17:22:11]     epoch 4/5 n=120 loss=0.0694 read=0.2s compute=1.1s
[17:22:12]     epoch 5/5 n=120 loss=0.0694 read=0.2s compute=1.2s
[17:22:35] paper r=3 fold 7: eval 23s
[SelectorBank] loaded 4 skills from /Users/aaron/research/01_navrouter-cil/outputs/navcil/mac/bank/fold8.pt
[17:22:35] paper r=3 fold 8 tcga_brca: train n=762 trainable=2823
[17:22:45]     epoch 1/5 n=762 loss=0.3323 read=1.9s compute=7.6s
[17:22:54]     epoch 2/5 n=762 loss=0.2711 read=1.7s compute=7.3s
[17:23:03]     epoch 3/5 n=762 loss=0.2597 read=1.7s compute=6.9s
[17:23:12]     epoch 4/5 n=762 loss=0.2432 read=1.6s compute=6.9s
[17:23:21]     epoch 5/5 n=762 loss=0.2292 read=1.6s compute=6.9s
[17:23:21] paper r=3 fold 8 tcga_rcc: train n=617 trainable=2823
[17:23:30]     epoch 1/5 n=617 loss=0.2370 read=1.7s compute=6.9s
[17:23:38]     epoch 2/5 n=617 loss=0.1622 read=1.5s compute=6.5s
[17:23:46]     epoch 3/5 n=617 loss=0.1519 read=1.5s compute=6.6s
[17:23:54]     epoch 4/5 n=617 loss=0.1388 read=1.5s compute=6.3s
[17:24:02]     epoch 5/5 n=617 loss=0.1280 read=1.5s compute=6.3s
[17:24:02] paper r=3 fold 8 tcga_esca: train n=120 trainable=2823
[17:24:04]     epoch 1/5 n=120 loss=1.5301 read=0.3s compute=1.1s
[17:24:05]     epoch 2/5 n=120 loss=0.1079 read=0.2s compute=1.2s
[17:24:07]     epoch 3/5 n=120 loss=0.0669 read=0.2s compute=1.1s
[17:24:08]     epoch 4/5 n=120 loss=0.0622 read=0.2s compute=1.1s
[17:24:09]     epoch 5/5 n=120 loss=0.0521 read=0.2s compute=1.2s
[17:24:31] paper r=3 fold 8: eval 21s
[SelectorBank] loaded 4 skills from /Users/aaron/research/01_navrouter-cil/outputs/navcil/mac/bank/fold9.pt
[17:24:31] paper r=3 fold 9 tcga_brca: train n=760 trainable=2823
[17:24:40]     epoch 1/5 n=760 loss=0.2993 read=1.8s compute=6.7s
[17:24:48]     epoch 2/5 n=760 loss=0.2519 read=1.6s compute=6.6s
[17:24:57]     epoch 3/5 n=760 loss=0.2417 read=1.5s compute=6.6s
[17:25:05]     epoch 4/5 n=760 loss=0.2262 read=1.6s compute=6.6s
[17:25:13]     epoch 5/5 n=760 loss=0.2164 read=1.5s compute=6.5s
[17:25:13] paper r=3 fold 9 tcga_rcc: train n=612 trainable=2823
[17:25:22]     epoch 1/5 n=612 loss=0.2639 read=1.7s compute=6.3s
[17:25:30]     epoch 2/5 n=612 loss=0.1396 read=1.5s compute=6.3s
[17:25:38]     epoch 3/5 n=612 loss=0.1206 read=1.5s compute=6.3s
[17:25:46]     epoch 4/5 n=612 loss=0.1124 read=1.5s compute=6.8s
[17:25:55]     epoch 5/5 n=612 loss=0.1021 read=1.5s compute=6.6s
[17:25:55] paper r=3 fold 9 tcga_esca: train n=121 trainable=2823
[17:25:56]     epoch 1/5 n=121 loss=1.3225 read=0.3s compute=1.2s
[17:25:58]     epoch 2/5 n=121 loss=0.0840 read=0.2s compute=1.2s
[17:25:59]     epoch 3/5 n=121 loss=0.0876 read=0.2s compute=1.3s
[17:26:01]     epoch 4/5 n=121 loss=0.0741 read=0.2s compute=1.3s
[17:26:02]     epoch 5/5 n=121 loss=0.0581 read=0.2s compute=1.3s
[17:26:26] paper r=3 fold 9: eval 24s
[SelectorBank] loaded 4 skills from /Users/aaron/research/01_navrouter-cil/outputs/navcil/mac/bank/fold10.pt
[17:26:26] paper r=3 fold 10 tcga_brca: train n=763 trainable=2823
[17:26:35]     epoch 1/5 n=763 loss=0.3179 read=1.8s compute=7.2s
[17:26:44]     epoch 2/5 n=763 loss=0.2432 read=1.7s compute=7.2s
[17:26:53]     epoch 3/5 n=763 loss=0.2144 read=1.6s compute=7.0s
[17:27:02]     epoch 4/5 n=763 loss=0.2120 read=1.6s compute=6.9s
[17:27:11]     epoch 5/5 n=763 loss=0.2039 read=1.7s compute=7.0s
[17:27:11] paper r=3 fold 10 tcga_rcc: train n=618 trainable=2823
[17:27:19]     epoch 1/5 n=618 loss=0.2781 read=1.7s compute=6.4s
[17:27:28]     epoch 2/5 n=618 loss=0.2102 read=1.5s compute=6.5s
[17:27:36]     epoch 3/5 n=618 loss=0.1813 read=1.5s compute=6.6s
[17:27:44]     epoch 4/5 n=618 loss=0.1651 read=1.5s compute=6.8s
[17:27:53]     epoch 5/5 n=618 loss=0.1325 read=1.5s compute=6.6s
[17:27:53] paper r=3 fold 10 tcga_esca: train n=121 trainable=2823
[17:27:54]     epoch 1/5 n=121 loss=1.4234 read=0.3s compute=1.3s
[17:27:56]     epoch 2/5 n=121 loss=0.3939 read=0.2s compute=1.1s
[17:27:57]     epoch 3/5 n=121 loss=0.2457 read=0.2s compute=1.2s
[17:27:59]     epoch 4/5 n=121 loss=0.1866 read=0.2s compute=1.2s
[17:28:00]     epoch 5/5 n=121 loss=0.0813 read=0.2s compute=1.2s
[17:28:20] paper r=3 fold 10: eval 20s
[17:28:20] paper r=3 完成（1118s）
[2026-09-30 17:28:20] exit=0
