[2026-09-25 10:14:50] start: env OMP_NUM_THREADS=4 /Users/aaron/venvs/navcil/bin/python scripts/nc2_r_cache.py --device cpu --folds 1-10 
[10:14:52] R cache: λ*=1.5 threads=4
[SelectorBank] loaded 4 skills from /Users/aaron/research/01_navrouter-cil/outputs/navcil/mac/bank/fold1.pt
[10:14:53]   nc2_fold1_val_tcga_esca: n=15 read=0.1s compute=0.7s
[10:14:54]   nc2_fold1_test_tcga_esca: n=15 read=0.1s compute=0.8s
[10:14:56]   nc2_fold1_train_tcga_esca: n=120 read=0.4s compute=1.5s
[10:15:00]   nc2_fold1_val_tcga_rcc: n=76 read=0.3s compute=3.8s
[10:15:04]   nc2_fold1_test_tcga_rcc: n=76 read=0.3s compute=3.2s
[10:15:13]   nc2_fold1_train_tcga_rcc: n=616 read=1.8s compute=7.1s
[10:15:17]   nc2_fold1_val_tcga_brca: n=96 read=0.3s compute=3.9s
[10:15:21]   nc2_fold1_test_tcga_brca: n=93 read=0.3s compute=3.7s
[10:15:31]   nc2_fold1_train_tcga_brca: n=763 read=2.2s compute=7.3s
[10:15:35]   nc2_fold1_val_tcga_lung: n=96 read=0.3s compute=4.2s
[10:15:39]   nc2_fold1_test_tcga_lung: n=95 read=0.3s compute=3.5s
[10:15:49]   nc2_fold1_train_tcga_lung: n=774 read=2.4s compute=7.7s
[10:15:49] fold 1 R cache 完成
[SelectorBank] loaded 4 skills from /Users/aaron/research/01_navrouter-cil/outputs/navcil/mac/bank/fold2.pt
[10:15:50]   nc2_fold2_val_tcga_esca: n=15 read=0.0s compute=0.7s
[10:15:51]   nc2_fold2_test_tcga_esca: n=15 read=0.0s compute=0.6s
[10:15:52]   nc2_fold2_train_tcga_esca: n=120 read=0.4s compute=1.2s
[10:15:56]   nc2_fold2_val_tcga_rcc: n=74 read=0.3s compute=3.7s
[10:16:00]   nc2_fold2_test_tcga_rcc: n=81 read=0.3s compute=3.5s
[10:16:09]   nc2_fold2_train_tcga_rcc: n=613 read=2.0s compute=6.8s
[10:16:13]   nc2_fold2_val_tcga_brca: n=93 read=0.3s compute=4.2s
[10:16:18]   nc2_fold2_test_tcga_brca: n=95 read=0.3s compute=4.6s
[10:16:29]   nc2_fold2_train_tcga_brca: n=764 read=2.3s compute=8.7s
[10:16:36]   nc2_fold2_val_tcga_lung: n=109 read=0.4s compute=6.0s
[10:16:41]   nc2_fold2_test_tcga_lung: n=95 read=0.3s compute=4.6s
[10:16:53]   nc2_fold2_train_tcga_lung: n=761 read=2.4s compute=9.1s
[10:16:53] fold 2 R cache 完成
[SelectorBank] loaded 4 skills from /Users/aaron/research/01_navrouter-cil/outputs/navcil/mac/bank/fold3.pt
[10:16:54]   nc2_fold3_val_tcga_esca: n=15 read=0.1s compute=1.1s
[10:16:55]   nc2_fold3_test_tcga_esca: n=15 read=0.1s compute=0.8s
[10:16:57]   nc2_fold3_train_tcga_esca: n=120 read=0.4s compute=1.5s
[10:17:02]   nc2_fold3_val_tcga_rcc: n=75 read=0.3s compute=4.6s
[10:17:06]   nc2_fold3_test_tcga_rcc: n=76 read=0.3s compute=4.3s
[10:17:17]   nc2_fold3_train_tcga_rcc: n=617 read=2.2s compute=8.7s
[10:17:22]   nc2_fold3_val_tcga_brca: n=93 read=0.3s compute=4.2s
[10:17:26]   nc2_fold3_test_tcga_brca: n=96 read=0.3s compute=4.1s
[10:17:38]   nc2_fold3_train_tcga_brca: n=763 read=2.4s compute=8.9s
[10:17:42]   nc2_fold3_val_tcga_lung: n=93 read=0.3s compute=4.0s
[10:17:47]   nc2_fold3_test_tcga_lung: n=107 read=0.4s compute=4.8s
[10:17:59]   nc2_fold3_train_tcga_lung: n=765 read=2.5s compute=8.7s
[10:17:59] fold 3 R cache 完成
[SelectorBank] loaded 4 skills from /Users/aaron/research/01_navrouter-cil/outputs/navcil/mac/bank/fold4.pt
[10:17:59]   nc2_fold4_val_tcga_esca: n=15 read=0.0s compute=0.7s
[10:18:00]   nc2_fold4_test_tcga_esca: n=16 read=0.1s compute=0.7s
[10:18:02]   nc2_fold4_train_tcga_esca: n=119 read=0.4s compute=1.4s
[10:18:06]   nc2_fold4_val_tcga_rcc: n=77 read=0.2s compute=3.9s
[10:18:10]   nc2_fold4_test_tcga_rcc: n=78 read=0.3s compute=3.8s
[10:18:20]   nc2_fold4_train_tcga_rcc: n=613 read=1.9s compute=7.3s
[10:18:24]   nc2_fold4_val_tcga_brca: n=96 read=0.3s compute=4.0s
[10:18:28]   nc2_fold4_test_tcga_brca: n=94 read=0.3s compute=4.0s
[10:18:39]   nc2_fold4_train_tcga_brca: n=762 read=2.3s compute=8.2s
[10:18:44]   nc2_fold4_val_tcga_lung: n=97 read=0.3s compute=4.0s
[10:18:49]   nc2_fold4_test_tcga_lung: n=112 read=0.4s compute=4.6s
[10:18:59]   nc2_fold4_train_tcga_lung: n=756 read=2.4s compute=7.8s
[10:18:59] fold 4 R cache 完成
[SelectorBank] loaded 4 skills from /Users/aaron/research/01_navrouter-cil/outputs/navcil/mac/bank/fold5.pt
[10:19:00]   nc2_fold5_val_tcga_esca: n=15 read=0.0s compute=0.7s
[10:19:00]   nc2_fold5_test_tcga_esca: n=15 read=0.1s compute=0.7s
[10:19:02]   nc2_fold5_train_tcga_esca: n=120 read=0.4s compute=1.2s
[10:19:06]   nc2_fold5_val_tcga_rcc: n=75 read=0.2s compute=3.7s
[10:19:10]   nc2_fold5_test_tcga_rcc: n=74 read=0.2s compute=3.2s
[10:19:19]   nc2_fold5_train_tcga_rcc: n=619 read=2.0s compute=7.0s
[10:19:23]   nc2_fold5_val_tcga_brca: n=95 read=0.2s compute=3.8s
[10:19:27]   nc2_fold5_test_tcga_brca: n=94 read=0.2s compute=3.5s
[10:19:36]   nc2_fold5_train_tcga_brca: n=763 read=2.0s compute=7.4s
[10:19:41]   nc2_fold5_val_tcga_lung: n=105 read=0.4s compute=4.5s
[10:19:45]   nc2_fold5_test_tcga_lung: n=96 read=0.3s compute=4.0s
[10:19:56]   nc2_fold5_train_tcga_lung: n=764 read=2.2s compute=8.1s
[10:19:56] fold 5 R cache 完成
[SelectorBank] loaded 4 skills from /Users/aaron/research/01_navrouter-cil/outputs/navcil/mac/bank/fold6.pt
[10:19:57]   nc2_fold6_val_tcga_esca: n=15 read=0.1s compute=0.8s
[10:19:58]   nc2_fold6_test_tcga_esca: n=16 read=0.1s compute=0.8s
[10:19:59]   nc2_fold6_train_tcga_esca: n=119 read=0.4s compute=1.4s
[10:20:04]   nc2_fold6_val_tcga_rcc: n=75 read=0.3s compute=4.6s
[10:20:08]   nc2_fold6_test_tcga_rcc: n=77 read=0.3s compute=3.4s
[10:20:18]   nc2_fold6_train_tcga_rcc: n=616 read=2.1s compute=7.6s
[10:20:22]   nc2_fold6_val_tcga_brca: n=96 read=0.3s compute=4.2s
[10:20:26]   nc2_fold6_test_tcga_brca: n=98 read=0.3s compute=3.7s
[10:20:36]   nc2_fold6_train_tcga_brca: n=758 read=2.2s compute=7.1s
[10:20:42]   nc2_fold6_val_tcga_lung: n=118 read=0.4s compute=6.0s
[10:20:47]   nc2_fold6_test_tcga_lung: n=88 read=0.3s compute=4.1s
[10:20:58]   nc2_fold6_train_tcga_lung: n=759 read=2.4s compute=8.4s
[10:20:58] fold 6 R cache 完成
[SelectorBank] loaded 4 skills from /Users/aaron/research/01_navrouter-cil/outputs/navcil/mac/bank/fold7.pt
[10:20:58]   nc2_fold7_val_tcga_esca: n=15 read=0.1s compute=0.8s
[10:20:59]   nc2_fold7_test_tcga_esca: n=15 read=0.0s compute=0.6s
[10:21:01]   nc2_fold7_train_tcga_esca: n=120 read=0.4s compute=1.5s
[10:21:05]   nc2_fold7_val_tcga_rcc: n=78 read=0.3s compute=4.1s
[10:21:10]   nc2_fold7_test_tcga_rcc: n=75 read=0.2s compute=4.1s
[10:21:20]   nc2_fold7_train_tcga_rcc: n=615 read=2.0s compute=8.3s
[10:21:25]   nc2_fold7_val_tcga_brca: n=96 read=0.3s compute=4.1s
[10:21:29]   nc2_fold7_test_tcga_brca: n=96 read=0.3s compute=3.5s
[10:21:39]   nc2_fold7_train_tcga_brca: n=760 read=2.2s compute=8.0s
[10:21:43]   nc2_fold7_val_tcga_lung: n=94 read=0.3s compute=4.1s
[10:21:48]   nc2_fold7_test_tcga_lung: n=97 read=0.3s compute=4.5s
[10:22:00]   nc2_fold7_train_tcga_lung: n=774 read=2.6s compute=9.1s
[10:22:00] fold 7 R cache 完成
[SelectorBank] loaded 4 skills from /Users/aaron/research/01_navrouter-cil/outputs/navcil/mac/bank/fold8.pt
[10:22:01]   nc2_fold8_val_tcga_esca: n=15 read=0.1s compute=0.9s
[10:22:02]   nc2_fold8_test_tcga_esca: n=15 read=0.0s compute=0.5s
[10:22:03]   nc2_fold8_train_tcga_esca: n=120 read=0.4s compute=1.4s
[10:22:07]   nc2_fold8_val_tcga_rcc: n=75 read=0.3s compute=3.7s
[10:22:11]   nc2_fold8_test_tcga_rcc: n=76 read=0.3s compute=3.2s
[10:22:20]   nc2_fold8_train_tcga_rcc: n=617 read=2.0s compute=6.9s
[10:22:24]   nc2_fold8_val_tcga_brca: n=94 read=0.3s compute=3.8s
[10:22:28]   nc2_fold8_test_tcga_brca: n=96 read=0.2s compute=3.5s
[10:22:37]   nc2_fold8_train_tcga_brca: n=762 read=2.0s compute=7.4s
[10:22:42]   nc2_fold8_val_tcga_lung: n=95 read=0.3s compute=4.1s
[10:22:46]   nc2_fold8_test_tcga_lung: n=93 read=0.3s compute=3.9s
[10:22:57]   nc2_fold8_train_tcga_lung: n=777 read=2.2s compute=8.2s
[10:22:57] fold 8 R cache 完成
[SelectorBank] loaded 4 skills from /Users/aaron/research/01_navrouter-cil/outputs/navcil/mac/bank/fold9.pt
[10:22:58]   nc2_fold9_val_tcga_esca: n=15 read=0.1s compute=0.8s
[10:22:58]   nc2_fold9_test_tcga_esca: n=14 read=0.0s compute=0.6s
[10:23:00]   nc2_fold9_train_tcga_esca: n=121 read=0.4s compute=1.3s
[10:23:04]   nc2_fold9_val_tcga_rcc: n=75 read=0.3s compute=3.6s
[10:23:08]   nc2_fold9_test_tcga_rcc: n=81 read=0.3s compute=3.5s
[10:23:17]   nc2_fold9_train_tcga_rcc: n=612 read=2.1s compute=7.1s
[10:23:22]   nc2_fold9_val_tcga_brca: n=93 read=0.3s compute=4.3s
[10:23:26]   nc2_fold9_test_tcga_brca: n=99 read=0.3s compute=4.2s
[10:23:38]   nc2_fold9_train_tcga_brca: n=760 read=2.4s compute=9.0s
[10:23:43]   nc2_fold9_val_tcga_lung: n=111 read=0.4s compute=5.4s
[10:23:47]   nc2_fold9_test_tcga_lung: n=92 read=0.3s compute=3.7s
[10:23:58]   nc2_fold9_train_tcga_lung: n=762 read=2.4s compute=8.1s
[10:23:58] fold 9 R cache 完成
[SelectorBank] loaded 4 skills from /Users/aaron/research/01_navrouter-cil/outputs/navcil/mac/bank/fold10.pt
[10:23:59]   nc2_fold10_val_tcga_esca: n=15 read=0.0s compute=0.6s
[10:23:59]   nc2_fold10_test_tcga_esca: n=14 read=0.0s compute=0.5s
[10:24:01]   nc2_fold10_train_tcga_esca: n=121 read=0.4s compute=1.4s
[10:24:05]   nc2_fold10_val_tcga_rcc: n=76 read=0.3s compute=3.8s
[10:24:09]   nc2_fold10_test_tcga_rcc: n=74 read=0.2s compute=3.4s
[10:24:18]   nc2_fold10_train_tcga_rcc: n=618 read=1.8s compute=7.1s
[10:24:23]   nc2_fold10_val_tcga_brca: n=98 read=0.3s compute=4.5s
[10:24:27]   nc2_fold10_test_tcga_brca: n=91 read=0.3s compute=4.2s
[10:24:38]   nc2_fold10_train_tcga_brca: n=763 read=2.4s compute=8.5s
[10:24:44]   nc2_fold10_val_tcga_lung: n=104 read=0.4s compute=5.2s
[10:24:48]   nc2_fold10_test_tcga_lung: n=90 read=0.3s compute=3.6s
[10:24:59]   nc2_fold10_train_tcga_lung: n=771 read=2.5s compute=8.5s
[10:24:59] fold 10 R cache 完成
[2026-09-25 10:24:59] exit=0
