[2026-09-25 13:14:41] start: bash -c /Users/aaron/venvs/navcil/bin/python\ scripts/nc3_verify_amendment.py\ --part\ ii\ \&\&\ /Users/aaron/venvs/navcil/bin/python\ scripts/nc3_verify_amendment.py\ --part\ i\ --threads\ 1\ \&\&\ /Users/aaron/venvs/navcil/bin/python\ scripts/nc3_verify_amendment.py\ --part\ i\ --threads\ 3\ \&\&\ /Users/aaron/venvs/navcil/bin/python\ scripts/nc3_verify_amendment.py\ --part\ i\ --threads\ 8 
[SelectorBank] loaded 4 skills from /Users/aaron/research/01_navrouter-cil/outputs/navcil/mac/bank/fold1.pt
[13:14:45]     epoch 1/1 n=50 loss=0.5558 read=0.2s compute=0.7s
[13:14:46]     epoch 1/1 n=50 loss=0.5558 read=0.1s compute=0.6s
[13:14:46] r=2: {'max_abs_diff': 0.0, 'per_param': {'A': 0.0, 'B': 0.0, 'b1': 0.0, 'W1_base': 0.0, 'fc2.weight': 0.0, 'fc2.bias': 0.0}, 'pass_': True}
[13:14:46]     epoch 1/1 n=50 loss=0.5566 read=0.1s compute=0.5s
[13:14:47]     epoch 1/1 n=50 loss=0.5566 read=0.1s compute=0.5s
[13:14:47] r=1: {'max_abs_diff': 2.0237386706867255e-05, 'per_param': {'A': 1.6763806343078613e-08, 'B': 1.979060471057892e-08, 'b1': 4.6566128730773926e-08, 'W1_base': 0.0, 'fc2.weight': 2.2351741790771484e-08, 'fc2.bias': 2.0237386706867255e-05}, 'pass_': False}
[SelectorBank] loaded 4 skills from /Users/aaron/research/01_navrouter-cil/outputs/navcil/mac/bank/fold1.pt
[13:15:02]     epoch 1/5 n=616 loss=0.3486 read=1.8s compute=10.4s
[13:15:15]     epoch 2/5 n=616 loss=0.2066 read=1.8s compute=10.4s
[13:15:27]     epoch 3/5 n=616 loss=0.1732 read=1.8s compute=10.7s
[13:15:40]     epoch 4/5 n=616 loss=0.1537 read=1.8s compute=10.7s
[13:15:52]     epoch 5/5 n=616 loss=0.1513 read=1.7s compute=10.2s
[13:15:52] {"threads": 1, "r": 1, "fold": 1, "order": "reverse", "task": "tcga_rcc", "finite": true, "epoch_loss": [0.3485620676598502, 0.20661871665969303, 0.1732122342263444, 0.15367324333568366, 0.15134927499558726], "params_finite": true, "seconds": 63.4}
[SelectorBank] loaded 4 skills from /Users/aaron/research/01_navrouter-cil/outputs/navcil/mac/bank/fold1.pt
[13:16:05]     epoch 1/5 n=616 loss=0.3486 read=1.8s compute=7.3s
[13:16:14]     epoch 2/5 n=616 loss=0.2066 read=1.7s compute=7.0s
[13:16:24]     epoch 3/5 n=616 loss=0.1732 read=1.7s compute=7.3s
[13:16:33]     epoch 4/5 n=616 loss=0.1537 read=1.8s compute=7.8s
[13:16:43]     epoch 5/5 n=616 loss=0.1513 read=1.7s compute=7.3s
[13:16:43] {"threads": 3, "r": 1, "fold": 1, "order": "reverse", "task": "tcga_rcc", "finite": true, "epoch_loss": [0.3485620676598502, 0.20661875340271202, 0.1732122602278294, 0.1536732266868044, 0.15134928294282285], "params_finite": true, "seconds": 47.7}
[SelectorBank] loaded 4 skills from /Users/aaron/research/01_navrouter-cil/outputs/navcil/mac/bank/fold1.pt
[13:16:55]     epoch 1/5 n=616 loss=0.3486 read=1.7s compute=6.4s
[13:17:03]     epoch 2/5 n=616 loss=0.2066 read=1.7s compute=6.1s
[13:17:12]     epoch 3/5 n=616 loss=0.1732 read=1.7s compute=7.1s
[13:17:20]     epoch 4/5 n=616 loss=0.1537 read=1.8s compute=6.7s
[13:17:30]     epoch 5/5 n=616 loss=0.1513 read=1.7s compute=7.5s
[13:17:30] {"threads": 8, "r": 1, "fold": 1, "order": "reverse", "task": "tcga_rcc", "finite": true, "epoch_loss": [0.3485620676598502, 0.20661871665969303, 0.1732122342263444, 0.15367324333568366, 0.15134927499558726], "params_finite": true, "seconds": 44.8}
[2026-09-25 13:17:30] exit=0
