[2026-09-26 10:47:19] start: /Users/aaron/venvs/navcil/bin/python scripts/nc7_i6.py --device cpu 
[10:47:22] I6 rs=[1, 2, 3] threads=8 λ*=1.5
[10:47:22] I6 r=1 fold 1 tcga_esca: train n=120 params=517
[10:47:24]     epoch 1/5 n=120 loss=0.2852 read=0.3s compute=0.6s
[10:47:25]     epoch 2/5 n=120 loss=0.2591 read=0.2s compute=0.7s
[10:47:26]     epoch 3/5 n=120 loss=0.2051 read=0.2s compute=0.7s
[10:47:27]     epoch 4/5 n=120 loss=0.1401 read=0.2s compute=0.8s
[10:47:28]     epoch 5/5 n=120 loss=0.1123 read=0.2s compute=0.7s
[10:47:28] I6 r=1 fold 1 tcga_rcc: train n=616 params=517
[10:47:34]     epoch 1/5 n=616 loss=0.2676 read=2.0s compute=4.1s
[10:47:40]     epoch 2/5 n=616 loss=0.2363 read=1.8s compute=4.0s
[10:47:46]     epoch 3/5 n=616 loss=0.2300 read=1.7s compute=3.9s
[10:47:52]     epoch 4/5 n=616 loss=0.2089 read=1.8s compute=3.9s
[10:47:58]     epoch 5/5 n=616 loss=0.1994 read=1.7s compute=4.0s
[10:47:58] I6 r=1 fold 1 tcga_brca: train n=763 params=517
[10:48:06]     epoch 1/5 n=763 loss=0.7339 read=2.4s compute=5.5s
[10:48:13]     epoch 2/5 n=763 loss=0.7324 read=2.0s compute=4.7s
[10:48:20]     epoch 3/5 n=763 loss=0.7214 read=1.9s compute=4.6s
[10:48:27]     epoch 4/5 n=763 loss=0.7153 read=1.9s compute=4.7s
[10:48:34]     epoch 5/5 n=763 loss=0.7012 read=2.0s compute=4.7s
[10:48:34] I6 r=1 fold 1 tcga_lung: train n=774 params=517
[10:48:41]     epoch 1/5 n=774 loss=0.7366 read=2.3s compute=4.6s
[10:48:48]     epoch 2/5 n=774 loss=0.5980 read=2.2s compute=4.7s
[10:48:56]     epoch 3/5 n=774 loss=0.4521 read=2.2s compute=4.7s
[10:49:03]     epoch 4/5 n=774 loss=0.3921 read=2.2s compute=4.5s
[10:49:10]     epoch 5/5 n=774 loss=0.3467 read=2.2s compute=4.6s
[10:49:10] I6 r=1 fold 2 tcga_esca: train n=120 params=517
[10:49:11]     epoch 1/5 n=120 loss=0.2859 read=0.4s compute=0.9s
[10:49:12]     epoch 2/5 n=120 loss=0.2579 read=0.2s compute=0.7s
[10:49:13]     epoch 3/5 n=120 loss=0.2268 read=0.2s compute=0.7s
[10:49:14]     epoch 4/5 n=120 loss=0.1962 read=0.2s compute=0.7s
[10:49:15]     epoch 5/5 n=120 loss=0.1585 read=0.2s compute=0.6s
[10:49:15] I6 r=1 fold 2 tcga_rcc: train n=613 params=517
[10:49:21]     epoch 1/5 n=613 loss=0.3629 read=2.0s compute=4.2s
[10:49:27]     epoch 2/5 n=613 loss=0.2768 read=1.7s compute=4.2s
[10:49:33]     epoch 3/5 n=613 loss=0.2603 read=1.7s compute=4.1s
[10:49:40]     epoch 4/5 n=613 loss=0.2448 read=1.7s compute=4.2s
[10:49:46]     epoch 5/5 n=613 loss=0.2353 read=1.7s compute=4.2s
[10:49:46] I6 r=1 fold 2 tcga_brca: train n=764 params=517
[10:49:54]     epoch 1/5 n=764 loss=0.4716 read=2.1s compute=5.1s
[10:50:01]     epoch 2/5 n=764 loss=0.3256 read=1.9s compute=5.2s
[10:50:08]     epoch 3/5 n=764 loss=0.3061 read=2.0s compute=5.0s
[10:50:16]     epoch 4/5 n=764 loss=0.2880 read=1.9s compute=5.2s
[10:50:24]     epoch 5/5 n=764 loss=0.2797 read=2.0s compute=5.5s
[10:50:24] I6 r=1 fold 2 tcga_lung: train n=761 params=517
[10:50:32]     epoch 1/5 n=761 loss=0.8033 read=2.4s compute=5.4s
[10:50:40]     epoch 2/5 n=761 loss=0.7636 read=2.1s compute=5.1s
[10:50:47]     epoch 3/5 n=761 loss=0.7480 read=2.3s compute=5.0s
[10:50:56]     epoch 4/5 n=761 loss=0.7321 read=2.5s compute=6.3s
[10:51:04]     epoch 5/5 n=761 loss=0.7175 read=2.2s compute=5.4s
[10:51:04] I6 r=1 fold 3 tcga_esca: train n=120 params=517
[10:51:06]     epoch 1/5 n=120 loss=0.2787 read=0.4s compute=1.1s
[10:51:07]     epoch 2/5 n=120 loss=0.2707 read=0.2s compute=1.0s
[10:51:08]     epoch 3/5 n=120 loss=0.2374 read=0.2s compute=0.8s
[10:51:09]     epoch 4/5 n=120 loss=0.2152 read=0.2s compute=0.8s
[10:51:10]     epoch 5/5 n=120 loss=0.1832 read=0.2s compute=0.8s
[10:51:10] I6 r=1 fold 3 tcga_rcc: train n=617 params=517
[10:51:17]     epoch 1/5 n=617 loss=0.3247 read=2.1s compute=4.6s
[10:51:25]     epoch 2/5 n=617 loss=0.2462 read=2.1s compute=5.5s
[10:51:32]     epoch 3/5 n=617 loss=0.2268 read=2.1s compute=4.5s
[10:51:39]     epoch 4/5 n=617 loss=0.2185 read=1.8s compute=4.7s
[10:51:45]     epoch 5/5 n=617 loss=0.2049 read=1.8s compute=4.7s
[10:51:46] I6 r=1 fold 3 tcga_brca: train n=763 params=517
[10:51:53]     epoch 1/5 n=763 loss=0.5026 read=2.0s compute=4.7s
[10:52:00]     epoch 2/5 n=763 loss=0.3441 read=1.9s compute=4.7s
[10:52:07]     epoch 3/5 n=763 loss=0.3199 read=2.0s compute=5.3s
[10:52:15]     epoch 4/5 n=763 loss=0.3059 read=2.0s compute=5.3s
[10:52:22]     epoch 5/5 n=763 loss=0.2906 read=1.9s compute=4.9s
[10:52:22] I6 r=1 fold 3 tcga_lung: train n=765 params=517
[10:52:31]     epoch 1/5 n=765 loss=0.8275 read=2.4s compute=5.9s
[10:52:39]     epoch 2/5 n=765 loss=0.5992 read=2.3s compute=5.7s
[10:52:46]     epoch 3/5 n=765 loss=0.4317 read=2.1s compute=4.8s
[10:52:54]     epoch 4/5 n=765 loss=0.3826 read=2.2s compute=5.4s
[10:53:01]     epoch 5/5 n=765 loss=0.3602 read=2.1s compute=4.8s
[10:53:01] I6 r=1 fold 4 tcga_esca: train n=119 params=517
[10:53:03]     epoch 1/5 n=119 loss=0.3819 read=0.4s compute=0.9s
[10:53:04]     epoch 2/5 n=119 loss=0.3785 read=0.2s compute=0.8s
[10:53:05]     epoch 3/5 n=119 loss=0.3604 read=0.2s compute=0.8s
[10:53:06]     epoch 4/5 n=119 loss=0.3289 read=0.2s compute=0.8s
[10:53:07]     epoch 5/5 n=119 loss=0.2738 read=0.2s compute=0.8s
[10:53:07] I6 r=1 fold 4 tcga_rcc: train n=613 params=517
[10:53:14]     epoch 1/5 n=613 loss=0.3744 read=2.0s compute=4.8s
[10:53:21]     epoch 2/5 n=613 loss=0.3741 read=1.9s compute=4.8s
[10:53:27]     epoch 3/5 n=613 loss=0.3830 read=1.8s compute=4.1s
[10:53:33]     epoch 4/5 n=613 loss=0.3752 read=1.7s compute=4.1s
[10:53:39]     epoch 5/5 n=613 loss=0.3751 read=1.7s compute=3.9s
[10:53:39] I6 r=1 fold 4 tcga_brca: train n=762 params=517
[10:53:46]     epoch 1/5 n=762 loss=0.4223 read=2.0s compute=4.7s
[10:53:53]     epoch 2/5 n=762 loss=0.3237 read=1.9s compute=4.8s
[10:54:00]     epoch 3/5 n=762 loss=0.2991 read=1.9s compute=4.7s
[10:54:07]     epoch 4/5 n=762 loss=0.2829 read=1.8s compute=4.5s
[10:54:13]     epoch 5/5 n=762 loss=0.2742 read=1.7s compute=4.3s
[10:54:13] I6 r=1 fold 4 tcga_lung: train n=756 params=517
[10:54:21]     epoch 1/5 n=756 loss=0.8022 read=2.2s compute=5.1s
[10:54:28]     epoch 2/5 n=756 loss=0.6780 read=2.1s compute=4.8s
[10:54:35]     epoch 3/5 n=756 loss=0.4974 read=2.0s compute=4.7s
[10:54:43]     epoch 4/5 n=756 loss=0.4022 read=2.2s compute=5.4s
[10:54:50]     epoch 5/5 n=756 loss=0.3516 read=2.1s compute=4.8s
[10:54:50] I6 r=1 fold 5 tcga_esca: train n=120 params=517
[10:54:51]     epoch 1/5 n=120 loss=0.2884 read=0.3s compute=0.7s
[10:54:52]     epoch 2/5 n=120 loss=0.2749 read=0.2s compute=0.8s
[10:54:53]     epoch 3/5 n=120 loss=0.2414 read=0.2s compute=0.7s
[10:54:54]     epoch 4/5 n=120 loss=0.2258 read=0.2s compute=0.8s
[10:54:55]     epoch 5/5 n=120 loss=0.1925 read=0.2s compute=0.7s
[10:54:55] I6 r=1 fold 5 tcga_rcc: train n=619 params=517
[10:55:01]     epoch 1/5 n=619 loss=0.3301 read=1.9s compute=4.1s
[10:55:07]     epoch 2/5 n=619 loss=0.2543 read=1.7s compute=3.9s
[10:55:14]     epoch 3/5 n=619 loss=0.2180 read=1.8s compute=4.8s
[10:55:20]     epoch 4/5 n=619 loss=0.1841 read=1.7s compute=4.0s
[10:55:26]     epoch 5/5 n=619 loss=0.1803 read=1.7s compute=4.0s
[10:55:26] I6 r=1 fold 5 tcga_brca: train n=763 params=517
[10:55:33]     epoch 1/5 n=763 loss=0.4679 read=1.9s compute=4.4s
[10:55:39]     epoch 2/5 n=763 loss=0.3544 read=1.8s compute=4.6s
[10:55:47]     epoch 3/5 n=763 loss=0.3317 read=2.0s compute=5.2s
[10:55:54]     epoch 4/5 n=763 loss=0.3140 read=1.9s compute=4.8s
[10:56:01]     epoch 5/5 n=763 loss=0.2980 read=1.9s compute=4.6s
[10:56:01] I6 r=1 fold 5 tcga_lung: train n=764 params=517
[10:56:08]     epoch 1/5 n=764 loss=0.7820 read=2.2s compute=4.6s
[10:56:15]     epoch 2/5 n=764 loss=0.7317 read=2.0s compute=4.4s
[10:56:22]     epoch 3/5 n=764 loss=0.7004 read=2.1s compute=5.1s
[10:56:29]     epoch 4/5 n=764 loss=0.6602 read=2.1s compute=4.7s
[10:56:36]     epoch 5/5 n=764 loss=0.6575 read=2.0s compute=4.4s
[10:56:36] I6 r=1 fold 6 tcga_esca: train n=119 params=517
[10:56:37]     epoch 1/5 n=119 loss=0.2849 read=0.3s compute=0.7s
[10:56:38]     epoch 2/5 n=119 loss=0.2758 read=0.2s compute=0.7s
[10:56:39]     epoch 3/5 n=119 loss=0.2538 read=0.2s compute=0.7s
[10:56:40]     epoch 4/5 n=119 loss=0.2419 read=0.2s compute=0.9s
[10:56:41]     epoch 5/5 n=119 loss=0.1894 read=0.2s compute=0.7s
[10:56:41] I6 r=1 fold 6 tcga_rcc: train n=616 params=517
[10:56:48]     epoch 1/5 n=616 loss=0.3415 read=1.9s compute=4.6s
[10:56:55]     epoch 2/5 n=616 loss=0.2348 read=1.9s compute=4.6s
[10:57:01]     epoch 3/5 n=616 loss=0.2238 read=1.8s compute=4.4s
[10:57:07]     epoch 4/5 n=616 loss=0.2126 read=1.7s compute=4.3s
[10:57:13]     epoch 5/5 n=616 loss=0.2024 read=1.7s compute=3.9s
[10:57:13] I6 r=1 fold 6 tcga_brca: train n=758 params=517
[10:57:20]     epoch 1/5 n=758 loss=0.4211 read=1.9s compute=4.3s
[10:57:26]     epoch 2/5 n=758 loss=0.3167 read=1.8s compute=4.5s
[10:57:34]     epoch 3/5 n=758 loss=0.2854 read=1.9s compute=5.1s
[10:57:40]     epoch 4/5 n=758 loss=0.2714 read=1.8s compute=4.4s
[10:57:47]     epoch 5/5 n=758 loss=0.2585 read=1.8s compute=4.8s
[10:57:47] I6 r=1 fold 6 tcga_lung: train n=759 params=517
[10:57:54]     epoch 1/5 n=759 loss=0.8828 read=2.1s compute=4.5s
[10:58:02]     epoch 2/5 n=759 loss=0.8120 read=2.1s compute=4.9s
[10:58:09]     epoch 3/5 n=759 loss=0.7701 read=2.0s compute=4.7s
[10:58:16]     epoch 4/5 n=759 loss=0.7496 read=2.1s compute=4.9s
[10:58:24]     epoch 5/5 n=759 loss=0.7459 read=2.2s compute=5.4s
[10:58:24] I6 r=1 fold 7 tcga_esca: train n=120 params=517
[10:58:25]     epoch 1/5 n=120 loss=0.3754 read=0.3s compute=0.8s
[10:58:26]     epoch 2/5 n=120 loss=0.3421 read=0.2s compute=0.8s
[10:58:27]     epoch 3/5 n=120 loss=0.2717 read=0.2s compute=0.8s
[10:58:28]     epoch 4/5 n=120 loss=0.2028 read=0.2s compute=0.8s
[10:58:29]     epoch 5/5 n=120 loss=0.1611 read=0.2s compute=0.8s
[10:58:29] I6 r=1 fold 7 tcga_rcc: train n=615 params=517
[10:58:36]     epoch 1/5 n=615 loss=0.3396 read=1.9s compute=4.3s
[10:58:42]     epoch 2/5 n=615 loss=0.2284 read=1.7s compute=4.2s
[10:58:48]     epoch 3/5 n=615 loss=0.1970 read=1.8s compute=4.5s
[10:58:55]     epoch 4/5 n=615 loss=0.1676 read=1.9s compute=4.6s
[10:59:02]     epoch 5/5 n=615 loss=0.1659 read=1.9s compute=4.5s
[10:59:02] I6 r=1 fold 7 tcga_brca: train n=760 params=517
[10:59:09]     epoch 1/5 n=760 loss=0.4807 read=2.0s compute=4.8s
[10:59:17]     epoch 2/5 n=760 loss=0.3427 read=2.2s compute=5.3s
[10:59:24]     epoch 3/5 n=760 loss=0.3224 read=1.9s compute=5.1s
[10:59:31]     epoch 4/5 n=760 loss=0.3007 read=1.9s compute=4.8s
[10:59:39]     epoch 5/5 n=760 loss=0.2869 read=2.0s compute=5.6s
[10:59:39] I6 r=1 fold 7 tcga_lung: train n=774 params=517
[10:59:47]     epoch 1/5 n=774 loss=0.8435 read=2.4s compute=5.3s
[10:59:56]     epoch 2/5 n=774 loss=0.8427 read=2.4s compute=6.1s
[11:00:04]     epoch 3/5 n=774 loss=0.8478 read=2.3s compute=5.3s
[11:00:13]     epoch 4/5 n=774 loss=0.8430 read=2.3s compute=5.9s
[11:00:22]     epoch 5/5 n=774 loss=0.8435 read=2.6s compute=6.2s
[11:00:22] I6 r=1 fold 8 tcga_esca: train n=120 params=517
[11:00:23]     epoch 1/5 n=120 loss=0.1973 read=0.4s compute=1.0s
[11:00:24]     epoch 2/5 n=120 loss=0.1803 read=0.2s compute=0.8s
[11:00:26]     epoch 3/5 n=120 loss=0.1457 read=0.2s compute=0.8s
[11:00:26]     epoch 4/5 n=120 loss=0.1140 read=0.2s compute=0.7s
[11:00:28]     epoch 5/5 n=120 loss=0.0800 read=0.2s compute=0.8s
[11:00:28] I6 r=1 fold 8 tcga_rcc: train n=617 params=517
[11:00:34]     epoch 1/5 n=617 loss=0.3531 read=2.0s compute=4.3s
[11:00:42]     epoch 2/5 n=617 loss=0.2552 read=1.9s compute=5.3s
[11:00:48]     epoch 3/5 n=617 loss=0.2117 read=1.9s compute=4.6s
[11:00:56]     epoch 4/5 n=617 loss=0.1899 read=1.9s compute=5.1s
[11:01:03]     epoch 5/5 n=617 loss=0.1754 read=1.9s compute=4.8s
[11:01:03] I6 r=1 fold 8 tcga_brca: train n=762 params=517
[11:01:11]     epoch 1/5 n=762 loss=0.4176 read=2.1s compute=5.1s
[11:01:19]     epoch 2/5 n=762 loss=0.3428 read=2.2s compute=5.6s
[11:01:28]     epoch 3/5 n=762 loss=0.3265 read=2.4s compute=6.2s
[11:01:35]     epoch 4/5 n=762 loss=0.3114 read=2.1s compute=5.4s
[11:01:43]     epoch 5/5 n=762 loss=0.3001 read=2.1s compute=5.2s
[11:01:43] I6 r=1 fold 8 tcga_lung: train n=777 params=517
[11:01:54]     epoch 1/5 n=777 loss=0.7718 read=2.9s compute=7.9s
[11:02:02]     epoch 2/5 n=777 loss=0.7461 read=2.2s compute=5.1s
[11:02:09]     epoch 3/5 n=777 loss=0.7199 read=2.1s compute=4.8s
[11:02:17]     epoch 4/5 n=777 loss=0.6993 read=2.1s compute=5.0s
[2026-09-26 11:02:19] heartbeat
[11:02:24]     epoch 5/5 n=777 loss=0.6845 read=2.0s compute=4.6s
[11:02:24] I6 r=1 fold 9 tcga_esca: train n=121 params=517
[11:02:25]     epoch 1/5 n=121 loss=0.2858 read=0.3s compute=0.8s
[11:02:26]     epoch 2/5 n=121 loss=0.2787 read=0.2s compute=0.8s
[11:02:27]     epoch 3/5 n=121 loss=0.2412 read=0.2s compute=0.7s
[11:02:28]     epoch 4/5 n=121 loss=0.2254 read=0.2s compute=0.7s
[11:02:29]     epoch 5/5 n=121 loss=0.1853 read=0.2s compute=0.8s
[11:02:29] I6 r=1 fold 9 tcga_rcc: train n=612 params=517
[11:02:35]     epoch 1/5 n=612 loss=0.3021 read=1.9s compute=4.0s
[11:02:41]     epoch 2/5 n=612 loss=0.1913 read=1.7s compute=3.9s
[11:02:47]     epoch 3/5 n=612 loss=0.1590 read=1.8s compute=4.2s
[11:02:53]     epoch 4/5 n=612 loss=0.1476 read=1.7s compute=4.0s
[11:02:59]     epoch 5/5 n=612 loss=0.1330 read=1.7s compute=4.1s
[11:02:59] I6 r=1 fold 9 tcga_brca: train n=760 params=517
[11:03:06]     epoch 1/5 n=760 loss=0.4864 read=1.9s compute=4.3s
[11:03:12]     epoch 2/5 n=760 loss=0.3160 read=1.8s compute=4.3s
[11:03:18]     epoch 3/5 n=760 loss=0.2878 read=1.8s compute=4.2s
[11:03:25]     epoch 4/5 n=760 loss=0.2643 read=1.8s compute=4.6s
[11:03:32]     epoch 5/5 n=760 loss=0.2504 read=1.8s compute=4.4s
[11:03:32] I6 r=1 fold 9 tcga_lung: train n=762 params=517
[11:03:39]     epoch 1/5 n=762 loss=0.8478 read=2.2s compute=5.0s
[11:03:49]     epoch 2/5 n=762 loss=0.6615 read=2.4s compute=7.2s
[11:04:02]     epoch 3/5 n=762 loss=0.4890 read=2.7s compute=9.6s
[11:04:15]     epoch 4/5 n=762 loss=0.4220 read=2.5s compute=9.9s
[11:04:22]     epoch 5/5 n=762 loss=0.3839 read=2.3s compute=5.1s
[11:04:22] I6 r=1 fold 10 tcga_esca: train n=121 params=517
[11:04:23]     epoch 1/5 n=121 loss=0.3712 read=0.4s compute=0.8s
[11:04:24]     epoch 2/5 n=121 loss=0.3212 read=0.2s compute=0.8s
[11:04:25]     epoch 3/5 n=121 loss=0.2585 read=0.2s compute=0.7s
[11:04:26]     epoch 4/5 n=121 loss=0.1853 read=0.2s compute=0.7s
[11:04:27]     epoch 5/5 n=121 loss=0.1573 read=0.2s compute=0.7s
[11:04:27] I6 r=1 fold 10 tcga_rcc: train n=618 params=517
[11:04:34]     epoch 1/5 n=618 loss=0.3767 read=1.9s compute=4.3s
[11:04:40]     epoch 2/5 n=618 loss=0.2259 read=1.8s compute=4.4s
[11:04:47]     epoch 3/5 n=618 loss=0.1909 read=1.8s compute=4.7s
[11:04:54]     epoch 4/5 n=618 loss=0.1711 read=1.8s compute=5.2s
[11:05:05]     epoch 5/5 n=618 loss=0.1613 read=2.1s compute=7.8s
[11:05:05] I6 r=1 fold 10 tcga_brca: train n=763 params=517
[11:05:18]     epoch 1/5 n=763 loss=0.4354 read=2.7s compute=9.6s
[11:05:29]     epoch 2/5 n=763 loss=0.3040 read=2.4s compute=9.0s
[11:05:37]     epoch 3/5 n=763 loss=0.2772 read=2.0s compute=4.8s
[11:05:43]     epoch 4/5 n=763 loss=0.2645 read=1.8s compute=4.3s
[11:05:50]     epoch 5/5 n=763 loss=0.2517 read=1.8s compute=4.5s
[11:05:50] I6 r=1 fold 10 tcga_lung: train n=771 params=517
[11:05:57]     epoch 1/5 n=771 loss=0.8116 read=2.1s compute=4.7s
[11:06:04]     epoch 2/5 n=771 loss=0.8114 read=2.0s compute=4.4s
[11:06:10]     epoch 3/5 n=771 loss=0.8113 read=2.0s compute=4.4s
[11:06:17]     epoch 4/5 n=771 loss=0.8117 read=2.1s compute=4.7s
[11:06:26]     epoch 5/5 n=771 loss=0.8122 read=2.3s compute=6.2s
[11:06:26] I6 r=1 訓練完成（1145s）
[11:06:26] I6 r=2 fold 1 tcga_esca: train n=120 params=1033
[11:06:27]     epoch 1/5 n=120 loss=0.2818 read=0.4s compute=0.9s
[11:06:29]     epoch 2/5 n=120 loss=0.2321 read=0.2s compute=0.9s
[11:06:29]     epoch 3/5 n=120 loss=0.1597 read=0.2s compute=0.7s
[11:06:30]     epoch 4/5 n=120 loss=0.1127 read=0.2s compute=0.7s
[11:06:31]     epoch 5/5 n=120 loss=0.0906 read=0.2s compute=0.7s
[11:06:32] I6 r=2 fold 1 tcga_rcc: train n=616 params=1033
[11:06:38]     epoch 1/5 n=616 loss=0.2416 read=1.8s compute=4.2s
[11:06:44]     epoch 2/5 n=616 loss=0.2367 read=1.7s compute=4.2s
[11:06:53]     epoch 3/5 n=616 loss=0.2210 read=2.2s compute=7.1s
[11:07:02]     epoch 4/5 n=616 loss=0.1961 read=2.3s compute=6.4s
[11:07:09]     epoch 5/5 n=616 loss=0.1851 read=1.9s compute=4.9s
[11:07:10] I6 r=2 fold 1 tcga_brca: train n=763 params=1033
[11:07:17]     epoch 1/5 n=763 loss=0.4247 read=1.9s compute=4.7s
[11:07:23]     epoch 2/5 n=763 loss=0.2960 read=1.8s compute=4.8s
[11:07:31]     epoch 3/5 n=763 loss=0.2695 read=1.9s compute=5.1s
[11:07:38]     epoch 4/5 n=763 loss=0.2541 read=1.8s compute=5.0s
[11:07:45]     epoch 5/5 n=763 loss=0.2324 read=1.9s compute=5.2s
[11:07:45] I6 r=2 fold 1 tcga_lung: train n=774 params=1033
[11:07:53]     epoch 1/5 n=774 loss=0.7473 read=2.2s compute=5.3s
[11:08:01]     epoch 2/5 n=774 loss=0.6266 read=2.2s compute=5.7s
[11:08:09]     epoch 3/5 n=774 loss=0.4635 read=2.2s compute=5.4s
[11:08:17]     epoch 4/5 n=774 loss=0.3849 read=2.0s compute=5.0s
[11:08:24]     epoch 5/5 n=774 loss=0.3298 read=2.1s compute=5.2s
[11:08:24] I6 r=2 fold 2 tcga_esca: train n=120 params=1033
[11:08:26]     epoch 1/5 n=120 loss=0.2817 read=0.4s compute=1.0s
[11:08:27]     epoch 2/5 n=120 loss=0.2395 read=0.2s compute=0.8s
[11:08:28]     epoch 3/5 n=120 loss=0.1883 read=0.2s compute=0.7s
[11:08:29]     epoch 4/5 n=120 loss=0.1528 read=0.2s compute=0.8s
[11:08:30]     epoch 5/5 n=120 loss=0.1179 read=0.2s compute=0.8s
[11:08:30] I6 r=2 fold 2 tcga_rcc: train n=613 params=1033
[11:08:36]     epoch 1/5 n=613 loss=0.3430 read=1.8s compute=4.6s
[11:08:43]     epoch 2/5 n=613 loss=0.2447 read=1.7s compute=4.6s
[11:08:50]     epoch 3/5 n=613 loss=0.2269 read=1.8s compute=4.7s
[11:08:56]     epoch 4/5 n=613 loss=0.1990 read=1.7s compute=4.6s
[11:09:03]     epoch 5/5 n=613 loss=0.1950 read=1.7s compute=4.5s
[11:09:03] I6 r=2 fold 2 tcga_brca: train n=764 params=1033
[11:09:10]     epoch 1/5 n=764 loss=0.4229 read=2.0s compute=4.9s
[11:09:17]     epoch 2/5 n=764 loss=0.2973 read=1.8s compute=4.7s
[11:09:23]     epoch 3/5 n=764 loss=0.2727 read=1.8s compute=4.7s
[11:09:31]     epoch 4/5 n=764 loss=0.2551 read=1.9s compute=5.0s
[11:09:37]     epoch 5/5 n=764 loss=0.2438 read=1.8s compute=4.7s
[11:09:38] I6 r=2 fold 2 tcga_lung: train n=761 params=1033
[11:09:45]     epoch 1/5 n=761 loss=0.7964 read=2.2s compute=5.3s
[11:09:54]     epoch 2/5 n=761 loss=0.6236 read=2.2s compute=5.8s
[11:10:01]     epoch 3/5 n=761 loss=0.4265 read=2.2s compute=5.5s
[11:10:09]     epoch 4/5 n=761 loss=0.3511 read=2.0s compute=5.1s
[11:10:17]     epoch 5/5 n=761 loss=0.3016 read=2.1s compute=5.5s
[11:10:17] I6 r=2 fold 3 tcga_esca: train n=120 params=1033
[11:10:18]     epoch 1/5 n=120 loss=0.2783 read=0.4s compute=0.8s
[11:10:19]     epoch 2/5 n=120 loss=0.2612 read=0.2s compute=0.8s
[11:10:20]     epoch 3/5 n=120 loss=0.2332 read=0.2s compute=0.8s
[11:10:21]     epoch 4/5 n=120 loss=0.1889 read=0.2s compute=0.8s
[11:10:22]     epoch 5/5 n=120 loss=0.1726 read=0.2s compute=0.9s
[11:10:22] I6 r=2 fold 3 tcga_rcc: train n=617 params=1033
[11:10:29]     epoch 1/5 n=617 loss=0.3258 read=1.9s compute=4.9s
[11:10:36]     epoch 2/5 n=617 loss=0.2344 read=1.8s compute=4.9s
[11:10:43]     epoch 3/5 n=617 loss=0.2064 read=1.8s compute=4.6s
[11:10:49]     epoch 4/5 n=617 loss=0.1940 read=1.7s compute=4.4s
[11:10:56]     epoch 5/5 n=617 loss=0.1750 read=1.7s compute=4.5s
[11:10:56] I6 r=2 fold 3 tcga_brca: train n=763 params=1033
[11:11:03]     epoch 1/5 n=763 loss=0.4577 read=2.0s compute=5.1s
[11:11:11]     epoch 2/5 n=763 loss=0.3085 read=1.9s compute=5.0s
[11:11:18]     epoch 3/5 n=763 loss=0.2850 read=1.9s compute=5.2s
[11:11:25]     epoch 4/5 n=763 loss=0.2677 read=1.9s compute=4.9s
[11:11:32]     epoch 5/5 n=763 loss=0.2516 read=1.9s compute=5.0s
[11:11:32] I6 r=2 fold 3 tcga_lung: train n=765 params=1033
[11:11:40]     epoch 1/5 n=765 loss=0.8278 read=2.1s compute=5.2s
[11:11:48]     epoch 2/5 n=765 loss=0.5970 read=2.1s compute=5.2s
[11:11:56]     epoch 3/5 n=765 loss=0.4303 read=2.1s compute=5.9s
[11:12:03]     epoch 4/5 n=765 loss=0.3703 read=2.1s compute=5.1s
[11:12:11]     epoch 5/5 n=765 loss=0.3551 read=2.0s compute=5.1s
[11:12:11] I6 r=2 fold 4 tcga_esca: train n=119 params=1033
[11:12:12]     epoch 1/5 n=119 loss=0.3818 read=0.4s compute=0.9s
[11:12:13]     epoch 2/5 n=119 loss=0.3785 read=0.2s compute=0.8s
[11:12:14]     epoch 3/5 n=119 loss=0.3606 read=0.2s compute=0.8s
[11:12:15]     epoch 4/5 n=119 loss=0.3290 read=0.2s compute=0.8s
[11:12:16]     epoch 5/5 n=119 loss=0.2738 read=0.2s compute=0.8s
[11:12:16] I6 r=2 fold 4 tcga_rcc: train n=613 params=1033
[11:12:23]     epoch 1/5 n=613 loss=0.3006 read=1.8s compute=4.4s
[11:12:29]     epoch 2/5 n=613 loss=0.1908 read=1.7s compute=4.4s
[11:12:36]     epoch 3/5 n=613 loss=0.1654 read=1.7s compute=4.6s
[11:12:42]     epoch 4/5 n=613 loss=0.1567 read=1.7s compute=4.3s
[11:12:49]     epoch 5/5 n=613 loss=0.1449 read=1.8s compute=4.9s
[11:12:49] I6 r=2 fold 4 tcga_brca: train n=762 params=1033
[11:12:57]     epoch 1/5 n=762 loss=0.3974 read=2.1s compute=5.5s
[11:13:06]     epoch 2/5 n=762 loss=0.2983 read=2.1s compute=6.8s
[11:13:18]     epoch 3/5 n=762 loss=0.2689 read=2.4s compute=8.5s
[11:13:29]     epoch 4/5 n=762 loss=0.2463 read=2.4s compute=8.9s
[11:13:39]     epoch 5/5 n=762 loss=0.2370 read=2.3s compute=7.0s
[11:13:39] I6 r=2 fold 4 tcga_lung: train n=756 params=1033
[11:13:47]     epoch 1/5 n=756 loss=0.8095 read=2.3s compute=5.5s
[11:13:56]     epoch 2/5 n=756 loss=0.6357 read=2.3s compute=6.2s
[11:14:04]     epoch 3/5 n=756 loss=0.4692 read=2.1s compute=5.2s
[11:14:11]     epoch 4/5 n=756 loss=0.3813 read=2.0s compute=5.0s
[11:14:19]     epoch 5/5 n=756 loss=0.3263 read=2.5s compute=5.0s
[11:14:19] I6 r=2 fold 5 tcga_esca: train n=120 params=1033
[11:14:20]     epoch 1/5 n=120 loss=0.2883 read=0.3s compute=0.8s
[11:14:21]     epoch 2/5 n=120 loss=0.2741 read=0.2s compute=0.8s
[11:14:22]     epoch 3/5 n=120 loss=0.2385 read=0.2s compute=1.0s
[11:14:23]     epoch 4/5 n=120 loss=0.2064 read=0.2s compute=0.9s
[11:14:25]     epoch 5/5 n=120 loss=0.1674 read=0.2s compute=1.1s
[11:14:25] I6 r=2 fold 5 tcga_rcc: train n=619 params=1033
[11:14:32]     epoch 1/5 n=619 loss=0.3147 read=1.9s compute=4.8s
[11:14:38]     epoch 2/5 n=619 loss=0.2317 read=1.8s compute=4.5s
[11:14:45]     epoch 3/5 n=619 loss=0.1924 read=1.8s compute=4.4s
[11:14:51]     epoch 4/5 n=619 loss=0.1740 read=1.8s compute=4.5s
[11:14:58]     epoch 5/5 n=619 loss=0.1642 read=1.8s compute=4.8s
[11:14:58] I6 r=2 fold 5 tcga_brca: train n=763 params=1033
[11:15:06]     epoch 1/5 n=763 loss=0.4321 read=2.0s compute=5.1s
[11:15:13]     epoch 2/5 n=763 loss=0.3180 read=1.9s compute=4.7s
[11:15:20]     epoch 3/5 n=763 loss=0.2949 read=1.9s compute=5.1s
[11:15:27]     epoch 4/5 n=763 loss=0.2746 read=1.8s compute=4.9s
[11:15:34]     epoch 5/5 n=763 loss=0.2571 read=1.9s compute=5.0s
[11:15:34] I6 r=2 fold 5 tcga_lung: train n=764 params=1033
[11:15:42]     epoch 1/5 n=764 loss=0.7572 read=2.2s compute=5.2s
[11:15:50]     epoch 2/5 n=764 loss=0.5667 read=2.1s compute=5.4s
[11:15:57]     epoch 3/5 n=764 loss=0.3968 read=2.0s compute=5.2s
[11:16:05]     epoch 4/5 n=764 loss=0.3113 read=2.0s compute=5.1s
[11:16:12]     epoch 5/5 n=764 loss=0.2684 read=2.1s compute=5.2s
[11:16:12] I6 r=2 fold 6 tcga_esca: train n=119 params=1033
[11:16:13]     epoch 1/5 n=119 loss=0.2850 read=0.3s compute=0.8s
[11:16:14]     epoch 2/5 n=119 loss=0.2680 read=0.2s compute=0.8s
[11:16:15]     epoch 3/5 n=119 loss=0.2493 read=0.2s compute=0.8s
[11:16:16]     epoch 4/5 n=119 loss=0.2149 read=0.2s compute=0.8s
[11:16:17]     epoch 5/5 n=119 loss=0.1712 read=0.2s compute=0.8s
[11:16:18] I6 r=2 fold 6 tcga_rcc: train n=616 params=1033
[11:16:26]     epoch 1/5 n=616 loss=0.3325 read=2.1s compute=5.8s
[11:16:32]     epoch 2/5 n=616 loss=0.2264 read=1.7s compute=4.5s
[11:16:40]     epoch 3/5 n=616 loss=0.1974 read=1.9s compute=5.4s
[11:16:46]     epoch 4/5 n=616 loss=0.1861 read=1.8s compute=4.7s
[11:16:53]     epoch 5/5 n=616 loss=0.1700 read=1.7s compute=4.3s
[11:16:53] I6 r=2 fold 6 tcga_brca: train n=758 params=1033
[11:17:01]     epoch 1/5 n=758 loss=0.3853 read=2.1s compute=5.4s
[11:17:08]     epoch 2/5 n=758 loss=0.2873 read=1.8s compute=4.7s
[11:17:15]     epoch 3/5 n=758 loss=0.2498 read=1.9s compute=5.0s
[2026-09-26 11:17:19] heartbeat
[11:17:22]     epoch 4/5 n=758 loss=0.2375 read=1.8s compute=4.7s
[11:17:29]     epoch 5/5 n=758 loss=0.2207 read=1.8s compute=4.9s
[11:17:29] I6 r=2 fold 6 tcga_lung: train n=759 params=1033
[11:17:36]     epoch 1/5 n=759 loss=0.8620 read=2.1s compute=5.0s
[11:17:43]     epoch 2/5 n=759 loss=0.6121 read=2.0s compute=5.1s
[11:17:51]     epoch 3/5 n=759 loss=0.4358 read=2.1s compute=5.5s
[11:17:59]     epoch 4/5 n=759 loss=0.3633 read=2.1s compute=5.7s
[11:18:07]     epoch 5/5 n=759 loss=0.3046 read=2.1s compute=5.0s
[11:18:07] I6 r=2 fold 7 tcga_esca: train n=120 params=1033
[11:18:08]     epoch 1/5 n=120 loss=0.3731 read=0.3s compute=0.8s
[11:18:09]     epoch 2/5 n=120 loss=0.3189 read=0.2s compute=0.8s
[11:18:10]     epoch 3/5 n=120 loss=0.2191 read=0.2s compute=0.8s
[11:18:11]     epoch 4/5 n=120 loss=0.1614 read=0.2s compute=0.8s
[11:18:12]     epoch 5/5 n=120 loss=0.1453 read=0.2s compute=0.8s
[11:18:12] I6 r=2 fold 7 tcga_rcc: train n=615 params=1033
[11:18:19]     epoch 1/5 n=615 loss=0.3396 read=1.8s compute=4.5s
[11:18:25]     epoch 2/5 n=615 loss=0.2295 read=1.7s compute=4.5s
[11:18:32]     epoch 3/5 n=615 loss=0.2015 read=1.7s compute=4.3s
[11:18:38]     epoch 4/5 n=615 loss=0.1673 read=1.7s compute=4.5s
[11:18:44]     epoch 5/5 n=615 loss=0.1663 read=1.7s compute=4.4s
[11:18:44] I6 r=2 fold 7 tcga_brca: train n=760 params=1033
[11:18:52]     epoch 1/5 n=760 loss=0.4353 read=2.0s compute=5.0s
[11:18:59]     epoch 2/5 n=760 loss=0.3103 read=1.9s compute=5.2s
[11:19:07]     epoch 3/5 n=760 loss=0.2867 read=2.0s compute=5.1s
[11:19:14]     epoch 4/5 n=760 loss=0.2652 read=2.0s compute=4.8s
[11:19:21]     epoch 5/5 n=760 loss=0.2479 read=2.0s compute=5.4s
[11:19:22] I6 r=2 fold 7 tcga_lung: train n=774 params=1033
[11:19:30]     epoch 1/5 n=774 loss=0.8551 read=2.3s compute=5.8s
[11:19:38]     epoch 2/5 n=774 loss=0.8505 read=2.0s compute=5.2s
[11:19:45]     epoch 3/5 n=774 loss=0.8420 read=2.0s compute=5.1s
[11:19:53]     epoch 4/5 n=774 loss=0.8058 read=2.1s compute=5.5s
[11:20:01]     epoch 5/5 n=774 loss=0.7957 read=2.2s compute=5.9s
[11:20:01] I6 r=2 fold 8 tcga_esca: train n=120 params=1033
[11:20:02]     epoch 1/5 n=120 loss=0.1903 read=0.3s compute=0.8s
[11:20:03]     epoch 2/5 n=120 loss=0.1600 read=0.2s compute=0.7s
[11:20:04]     epoch 3/5 n=120 loss=0.1246 read=0.2s compute=0.8s
[11:20:05]     epoch 4/5 n=120 loss=0.0752 read=0.2s compute=0.7s
[11:20:06]     epoch 5/5 n=120 loss=0.0610 read=0.2s compute=0.7s
[11:20:07] I6 r=2 fold 8 tcga_rcc: train n=617 params=1033
[11:20:13]     epoch 1/5 n=617 loss=0.3542 read=1.8s compute=4.6s
[11:20:20]     epoch 2/5 n=617 loss=0.2587 read=1.8s compute=4.8s
[11:20:27]     epoch 3/5 n=617 loss=0.2130 read=1.7s compute=4.6s
[11:20:33]     epoch 4/5 n=617 loss=0.1876 read=1.7s compute=4.5s
[11:20:40]     epoch 5/5 n=617 loss=0.1725 read=1.7s compute=4.7s
[11:20:40] I6 r=2 fold 8 tcga_brca: train n=762 params=1033
[11:20:47]     epoch 1/5 n=762 loss=0.3893 read=2.0s compute=4.8s
[11:20:54]     epoch 2/5 n=762 loss=0.3121 read=1.8s compute=5.2s
[11:21:01]     epoch 3/5 n=762 loss=0.2894 read=1.9s compute=5.0s
[11:21:08]     epoch 4/5 n=762 loss=0.2696 read=1.8s compute=4.9s
[11:21:16]     epoch 5/5 n=762 loss=0.2493 read=1.8s compute=5.0s
[11:21:16] I6 r=2 fold 8 tcga_lung: train n=777 params=1033
[11:21:23]     epoch 1/5 n=777 loss=0.7718 read=2.1s compute=5.3s
[11:21:31]     epoch 2/5 n=777 loss=0.7456 read=2.0s compute=5.3s
[11:21:39]     epoch 3/5 n=777 loss=0.7197 read=2.1s compute=5.3s
[11:21:46]     epoch 4/5 n=777 loss=0.6993 read=2.0s compute=5.2s
[11:21:54]     epoch 5/5 n=777 loss=0.6832 read=2.0s compute=5.4s
[11:21:54] I6 r=2 fold 9 tcga_esca: train n=121 params=1033
[11:21:55]     epoch 1/5 n=121 loss=0.2846 read=0.3s compute=0.8s
[11:21:56]     epoch 2/5 n=121 loss=0.2777 read=0.2s compute=0.7s
[11:21:57]     epoch 3/5 n=121 loss=0.2336 read=0.2s compute=0.9s
[11:21:58]     epoch 4/5 n=121 loss=0.1881 read=0.2s compute=0.7s
[11:21:59]     epoch 5/5 n=121 loss=0.1642 read=0.2s compute=0.7s
[11:21:59] I6 r=2 fold 9 tcga_rcc: train n=612 params=1033
[11:22:06]     epoch 1/5 n=612 loss=0.2722 read=2.0s compute=4.7s
[11:22:12]     epoch 2/5 n=612 loss=0.1790 read=1.7s compute=4.2s
[11:22:18]     epoch 3/5 n=612 loss=0.1602 read=1.6s compute=4.0s
[11:22:24]     epoch 4/5 n=612 loss=0.1523 read=1.6s compute=4.1s
[11:22:30]     epoch 5/5 n=612 loss=0.1371 read=1.6s compute=4.1s
[11:22:30] I6 r=2 fold 9 tcga_brca: train n=760 params=1033
[11:22:37]     epoch 1/5 n=760 loss=0.4497 read=1.9s compute=4.4s
[11:22:43]     epoch 2/5 n=760 loss=0.3016 read=1.7s compute=4.4s
[11:22:50]     epoch 3/5 n=760 loss=0.2719 read=1.7s compute=4.5s
[11:22:56]     epoch 4/5 n=760 loss=0.2504 read=1.7s compute=4.5s
[11:23:03]     epoch 5/5 n=760 loss=0.2410 read=1.7s compute=4.4s
[11:23:03] I6 r=2 fold 9 tcga_lung: train n=762 params=1033
[11:23:10]     epoch 1/5 n=762 loss=0.8504 read=2.0s compute=4.6s
[11:23:17]     epoch 2/5 n=762 loss=0.6683 read=1.9s compute=4.6s
[11:23:23]     epoch 3/5 n=762 loss=0.4899 read=1.9s compute=4.7s
[11:23:30]     epoch 4/5 n=762 loss=0.4196 read=1.9s compute=4.8s
[11:23:37]     epoch 5/5 n=762 loss=0.3689 read=1.9s compute=4.6s
[11:23:37] I6 r=2 fold 10 tcga_esca: train n=121 params=1033
[11:23:38]     epoch 1/5 n=121 loss=0.3643 read=0.3s compute=0.8s
[11:23:39]     epoch 2/5 n=121 loss=0.2837 read=0.2s compute=0.7s
[11:23:40]     epoch 3/5 n=121 loss=0.1835 read=0.2s compute=0.7s
[11:23:41]     epoch 4/5 n=121 loss=0.1458 read=0.2s compute=0.8s
[11:23:42]     epoch 5/5 n=121 loss=0.1257 read=0.2s compute=0.7s
[11:23:42] I6 r=2 fold 10 tcga_rcc: train n=618 params=1033
[11:23:48]     epoch 1/5 n=618 loss=0.3341 read=1.7s compute=4.0s
[11:23:54]     epoch 2/5 n=618 loss=0.2077 read=1.6s compute=4.0s
[11:24:00]     epoch 3/5 n=618 loss=0.1723 read=1.7s compute=4.5s
[11:24:06]     epoch 4/5 n=618 loss=0.1653 read=1.6s compute=4.0s
[11:24:12]     epoch 5/5 n=618 loss=0.1565 read=1.6s compute=4.1s
[11:24:12] I6 r=2 fold 10 tcga_brca: train n=763 params=1033
[11:24:19]     epoch 1/5 n=763 loss=0.3980 read=1.9s compute=4.4s
[11:24:26]     epoch 2/5 n=763 loss=0.2773 read=1.8s compute=4.6s
[11:24:32]     epoch 3/5 n=763 loss=0.2528 read=1.8s compute=4.5s
[11:24:39]     epoch 4/5 n=763 loss=0.2407 read=1.7s compute=4.4s
[11:24:45]     epoch 5/5 n=763 loss=0.2246 read=1.7s compute=4.5s
[11:24:45] I6 r=2 fold 10 tcga_lung: train n=771 params=1033
[11:24:52]     epoch 1/5 n=771 loss=0.8122 read=2.1s compute=4.7s
[11:24:59]     epoch 2/5 n=771 loss=0.8114 read=2.0s compute=4.8s
[11:25:06]     epoch 3/5 n=771 loss=0.8117 read=2.0s compute=4.7s
[11:25:13]     epoch 4/5 n=771 loss=0.8129 read=1.9s compute=4.5s
[11:25:20]     epoch 5/5 n=771 loss=0.8453 read=1.9s compute=4.5s
[11:25:20] I6 r=2 訓練完成（1134s）
[11:25:20] I6 r=3 fold 1 tcga_esca: train n=120 params=1549
[11:25:21]     epoch 1/5 n=120 loss=0.2765 read=0.3s compute=0.7s
[11:25:22]     epoch 2/5 n=120 loss=0.2077 read=0.2s compute=0.7s
[11:25:23]     epoch 3/5 n=120 loss=0.1305 read=0.2s compute=0.7s
[11:25:23]     epoch 4/5 n=120 loss=0.1043 read=0.2s compute=0.7s
[11:25:24]     epoch 5/5 n=120 loss=0.0796 read=0.2s compute=0.7s
[11:25:25] I6 r=3 fold 1 tcga_rcc: train n=616 params=1549
[11:25:30]     epoch 1/5 n=616 loss=0.2417 read=1.6s compute=4.1s
[11:25:36]     epoch 2/5 n=616 loss=0.2367 read=1.1s compute=4.0s
[11:25:41]     epoch 3/5 n=616 loss=0.2208 read=1.0s compute=4.1s
[11:25:46]     epoch 4/5 n=616 loss=0.1962 read=1.0s compute=4.0s
[11:25:51]     epoch 5/5 n=616 loss=0.1850 read=1.0s compute=3.9s
[11:25:51] I6 r=3 fold 1 tcga_brca: train n=763 params=1549
[11:25:57]     epoch 1/5 n=763 loss=0.3966 read=1.7s compute=4.1s
[11:26:03]     epoch 2/5 n=763 loss=0.2758 read=1.2s compute=4.3s
[11:26:09]     epoch 3/5 n=763 loss=0.2613 read=1.1s compute=4.4s
[11:26:15]     epoch 4/5 n=763 loss=0.2485 read=1.0s compute=4.5s
[11:26:21]     epoch 5/5 n=763 loss=0.2292 read=1.0s compute=4.5s
[11:26:21] I6 r=3 fold 1 tcga_lung: train n=774 params=1549
[11:26:28]     epoch 1/5 n=774 loss=0.7474 read=2.0s compute=4.6s
[11:26:34]     epoch 2/5 n=774 loss=0.6380 read=1.6s compute=4.6s
[11:26:40]     epoch 3/5 n=774 loss=0.4640 read=1.5s compute=4.6s
[11:26:47]     epoch 4/5 n=774 loss=0.3301 read=1.6s compute=4.6s
[11:26:53]     epoch 5/5 n=774 loss=0.2508 read=1.6s compute=4.7s
[11:26:53] I6 r=3 fold 2 tcga_esca: train n=120 params=1549
[11:26:54]     epoch 1/5 n=120 loss=0.2767 read=0.3s compute=0.7s
[11:26:55]     epoch 2/5 n=120 loss=0.2146 read=0.2s compute=0.7s
[11:26:56]     epoch 3/5 n=120 loss=0.1663 read=0.2s compute=0.7s
[11:26:57]     epoch 4/5 n=120 loss=0.1302 read=0.2s compute=0.7s
[11:26:58]     epoch 5/5 n=120 loss=0.0999 read=0.2s compute=0.7s
[11:26:58] I6 r=3 fold 2 tcga_rcc: train n=613 params=1549
[11:27:04]     epoch 1/5 n=613 loss=0.3430 read=1.6s compute=3.8s
[11:27:09]     epoch 2/5 n=613 loss=0.2447 read=1.1s compute=3.8s
[11:27:14]     epoch 3/5 n=613 loss=0.2268 read=1.0s compute=3.9s
[11:27:19]     epoch 4/5 n=613 loss=0.1992 read=1.0s compute=4.0s
[11:27:24]     epoch 5/5 n=613 loss=0.1948 read=1.1s compute=4.1s
[11:27:25] I6 r=3 fold 2 tcga_brca: train n=764 params=1549
[11:27:31]     epoch 1/5 n=764 loss=0.4010 read=1.8s compute=4.4s
[11:27:37]     epoch 2/5 n=764 loss=0.2869 read=1.2s compute=4.4s
[11:27:43]     epoch 3/5 n=764 loss=0.2602 read=1.1s compute=4.5s
[11:27:49]     epoch 4/5 n=764 loss=0.2466 read=1.1s compute=4.6s
[11:27:55]     epoch 5/5 n=764 loss=0.2342 read=1.2s compute=4.6s
[11:27:55] I6 r=3 fold 2 tcga_lung: train n=761 params=1549
[11:28:02]     epoch 1/5 n=761 loss=0.8023 read=2.0s compute=4.6s
[11:28:08]     epoch 2/5 n=761 loss=0.5936 read=1.5s compute=4.6s
[11:28:14]     epoch 3/5 n=761 loss=0.3883 read=1.5s compute=4.5s
[11:28:21]     epoch 4/5 n=761 loss=0.3033 read=1.5s compute=4.6s
[11:28:27]     epoch 5/5 n=761 loss=0.2587 read=1.5s compute=4.7s
[11:28:27] I6 r=3 fold 3 tcga_esca: train n=120 params=1549
[11:28:28]     epoch 1/5 n=120 loss=0.2790 read=0.3s compute=0.7s
[11:28:29]     epoch 2/5 n=120 loss=0.2612 read=0.2s compute=0.7s
[11:28:30]     epoch 3/5 n=120 loss=0.2222 read=0.2s compute=0.7s
[11:28:31]     epoch 4/5 n=120 loss=0.1738 read=0.2s compute=0.7s
[11:28:32]     epoch 5/5 n=120 loss=0.1664 read=0.2s compute=0.7s
[11:28:32] I6 r=3 fold 3 tcga_rcc: train n=617 params=1549
[11:28:38]     epoch 1/5 n=617 loss=0.3216 read=1.6s compute=4.0s
[11:28:43]     epoch 2/5 n=617 loss=0.2228 read=1.1s compute=4.0s
[11:28:49]     epoch 3/5 n=617 loss=0.1908 read=1.0s compute=4.1s
[11:28:54]     epoch 4/5 n=617 loss=0.1749 read=1.1s compute=4.2s
[11:28:59]     epoch 5/5 n=617 loss=0.1612 read=1.0s compute=4.1s
[11:29:00] I6 r=3 fold 3 tcga_brca: train n=763 params=1549
[11:29:06]     epoch 1/5 n=763 loss=0.4340 read=1.8s compute=4.4s
[11:29:12]     epoch 2/5 n=763 loss=0.2959 read=1.2s compute=4.3s
[11:29:18]     epoch 3/5 n=763 loss=0.2677 read=1.1s compute=4.5s
[11:29:24]     epoch 4/5 n=763 loss=0.2568 read=1.1s compute=4.6s
[11:29:30]     epoch 5/5 n=763 loss=0.2437 read=1.1s compute=4.7s
[11:29:30] I6 r=3 fold 3 tcga_lung: train n=765 params=1549
[11:29:37]     epoch 1/5 n=765 loss=0.8259 read=2.0s compute=4.6s
[11:29:43]     epoch 2/5 n=765 loss=0.5606 read=1.5s compute=4.6s
[11:29:50]     epoch 3/5 n=765 loss=0.3918 read=1.5s compute=4.7s
[11:29:56]     epoch 4/5 n=765 loss=0.3327 read=1.5s compute=4.7s
[11:30:03]     epoch 5/5 n=765 loss=0.2847 read=1.6s compute=5.0s
[11:30:03] I6 r=3 fold 4 tcga_esca: train n=119 params=1549
[11:30:04]     epoch 1/5 n=119 loss=0.3817 read=0.4s compute=0.8s
[11:30:05]     epoch 2/5 n=119 loss=0.3633 read=0.2s compute=0.8s
[11:30:06]     epoch 3/5 n=119 loss=0.3399 read=0.2s compute=0.7s
[11:30:07]     epoch 4/5 n=119 loss=0.2648 read=0.2s compute=0.8s
[11:30:08]     epoch 5/5 n=119 loss=0.2122 read=0.2s compute=0.7s
[11:30:08] I6 r=3 fold 4 tcga_rcc: train n=613 params=1549
[11:30:14]     epoch 1/5 n=613 loss=0.2625 read=1.7s compute=4.1s
[11:30:20]     epoch 2/5 n=613 loss=0.1772 read=1.3s compute=4.1s
[11:30:25]     epoch 3/5 n=613 loss=0.1550 read=1.2s compute=4.1s
[11:30:31]     epoch 4/5 n=613 loss=0.1442 read=1.1s compute=4.1s
[11:30:36]     epoch 5/5 n=613 loss=0.1369 read=1.1s compute=4.1s
[11:30:36] I6 r=3 fold 4 tcga_brca: train n=762 params=1549
[11:30:43]     epoch 1/5 n=762 loss=0.3830 read=1.8s compute=4.4s
[11:30:48]     epoch 2/5 n=762 loss=0.2844 read=1.2s compute=4.3s
[11:30:55]     epoch 3/5 n=762 loss=0.2558 read=1.3s compute=4.6s
[11:31:01]     epoch 4/5 n=762 loss=0.2329 read=1.3s compute=4.5s
[11:31:07]     epoch 5/5 n=762 loss=0.2280 read=1.3s compute=4.5s
[11:31:07] I6 r=3 fold 4 tcga_lung: train n=756 params=1549
[11:31:14]     epoch 1/5 n=756 loss=0.8152 read=1.9s compute=4.5s
[11:31:20]     epoch 2/5 n=756 loss=0.6050 read=1.6s compute=4.6s
[11:31:27]     epoch 3/5 n=756 loss=0.4415 read=1.6s compute=4.7s
[11:31:33]     epoch 4/5 n=756 loss=0.3397 read=1.5s compute=4.5s
[11:31:39]     epoch 5/5 n=756 loss=0.2748 read=1.6s compute=4.6s
[11:31:39] I6 r=3 fold 5 tcga_esca: train n=120 params=1549
[11:31:40]     epoch 1/5 n=120 loss=0.2876 read=0.3s compute=0.7s
[11:31:41]     epoch 2/5 n=120 loss=0.2723 read=0.2s compute=0.7s
[11:31:42]     epoch 3/5 n=120 loss=0.2258 read=0.2s compute=0.7s
[11:31:43]     epoch 4/5 n=120 loss=0.1843 read=0.2s compute=0.7s
[11:31:44]     epoch 5/5 n=120 loss=0.1635 read=0.2s compute=0.7s
[11:31:44] I6 r=3 fold 5 tcga_rcc: train n=619 params=1549
[11:31:50]     epoch 1/5 n=619 loss=0.3046 read=1.7s compute=4.1s
[11:31:56]     epoch 2/5 n=619 loss=0.2265 read=1.2s compute=4.1s
[11:32:01]     epoch 3/5 n=619 loss=0.1935 read=1.2s compute=4.0s
[11:32:06]     epoch 4/5 n=619 loss=0.1725 read=1.1s compute=4.0s
[11:32:12]     epoch 5/5 n=619 loss=0.1598 read=1.1s compute=4.1s
[11:32:12] I6 r=3 fold 5 tcga_brca: train n=763 params=1549
[11:32:18]     epoch 1/5 n=763 loss=0.4198 read=1.8s compute=4.3s
[2026-09-26 11:32:19] heartbeat
[11:32:24]     epoch 2/5 n=763 loss=0.3206 read=1.3s compute=4.5s
[11:32:30]     epoch 3/5 n=763 loss=0.2933 read=1.2s compute=4.5s
[11:32:36]     epoch 4/5 n=763 loss=0.2718 read=1.1s compute=4.5s
[11:32:42]     epoch 5/5 n=763 loss=0.2472 read=1.1s compute=4.4s
[11:32:42] I6 r=3 fold 5 tcga_lung: train n=764 params=1549
[11:32:49]     epoch 1/5 n=764 loss=0.7480 read=1.9s compute=4.5s
[11:32:55]     epoch 2/5 n=764 loss=0.5212 read=1.5s compute=4.7s
[11:33:02]     epoch 3/5 n=764 loss=0.3568 read=1.5s compute=4.6s
[11:33:08]     epoch 4/5 n=764 loss=0.2983 read=1.5s compute=4.6s
[11:33:14]     epoch 5/5 n=764 loss=0.2593 read=1.5s compute=4.6s
[11:33:14] I6 r=3 fold 6 tcga_esca: train n=119 params=1549
[11:33:15]     epoch 1/5 n=119 loss=0.2835 read=0.3s compute=0.7s
[11:33:16]     epoch 2/5 n=119 loss=0.2633 read=0.2s compute=0.7s
[11:33:17]     epoch 3/5 n=119 loss=0.2445 read=0.2s compute=0.7s
[11:33:18]     epoch 4/5 n=119 loss=0.1906 read=0.2s compute=0.7s
[11:33:19]     epoch 5/5 n=119 loss=0.1540 read=0.2s compute=0.7s
[11:33:19] I6 r=3 fold 6 tcga_rcc: train n=616 params=1549
[11:33:25]     epoch 1/5 n=616 loss=0.3326 read=1.6s compute=4.2s
[11:33:31]     epoch 2/5 n=616 loss=0.2267 read=1.2s compute=4.0s
[11:33:36]     epoch 3/5 n=616 loss=0.1972 read=1.1s compute=4.0s
[11:33:42]     epoch 4/5 n=616 loss=0.1864 read=1.0s compute=4.1s
[11:33:47]     epoch 5/5 n=616 loss=0.1699 read=1.0s compute=4.1s
[11:33:47] I6 r=3 fold 6 tcga_brca: train n=758 params=1549
[11:33:53]     epoch 1/5 n=758 loss=0.3665 read=1.7s compute=4.5s
[11:33:59]     epoch 2/5 n=758 loss=0.2710 read=1.2s compute=4.4s
[11:34:05]     epoch 3/5 n=758 loss=0.2309 read=1.2s compute=4.4s
[11:34:11]     epoch 4/5 n=758 loss=0.2206 read=1.2s compute=4.5s
[11:34:17]     epoch 5/5 n=758 loss=0.2095 read=1.2s compute=4.4s
[11:34:17] I6 r=3 fold 6 tcga_lung: train n=759 params=1549
[11:34:24]     epoch 1/5 n=759 loss=0.8377 read=1.9s compute=4.5s
[11:34:30]     epoch 2/5 n=759 loss=0.5573 read=1.6s compute=4.6s
[11:34:37]     epoch 3/5 n=759 loss=0.4492 read=1.5s compute=4.6s
[11:34:43]     epoch 4/5 n=759 loss=0.3982 read=1.5s compute=4.5s
[11:34:49]     epoch 5/5 n=759 loss=0.3616 read=1.5s compute=4.5s
[11:34:49] I6 r=3 fold 7 tcga_esca: train n=120 params=1549
[11:34:50]     epoch 1/5 n=120 loss=0.3664 read=0.3s compute=0.7s
[11:34:51]     epoch 2/5 n=120 loss=0.2943 read=0.2s compute=0.7s
[11:34:52]     epoch 3/5 n=120 loss=0.2033 read=0.2s compute=0.7s
[11:34:53]     epoch 4/5 n=120 loss=0.1515 read=0.2s compute=0.7s
[11:34:54]     epoch 5/5 n=120 loss=0.1286 read=0.2s compute=0.8s
[11:34:54] I6 r=3 fold 7 tcga_rcc: train n=615 params=1549
[11:35:00]     epoch 1/5 n=615 loss=0.3112 read=1.8s compute=4.0s
[11:35:06]     epoch 2/5 n=615 loss=0.2231 read=1.2s compute=4.0s
[11:35:11]     epoch 3/5 n=615 loss=0.1829 read=1.1s compute=4.0s
[11:35:16]     epoch 4/5 n=615 loss=0.1720 read=1.1s compute=4.1s
[11:35:22]     epoch 5/5 n=615 loss=0.1642 read=1.1s compute=4.0s
[11:35:22] I6 r=3 fold 7 tcga_brca: train n=760 params=1549
[11:35:28]     epoch 1/5 n=760 loss=0.4221 read=1.8s compute=4.5s
[11:35:34]     epoch 2/5 n=760 loss=0.2957 read=1.3s compute=4.4s
[11:35:40]     epoch 3/5 n=760 loss=0.2709 read=1.2s compute=4.4s
[11:35:46]     epoch 4/5 n=760 loss=0.2580 read=1.1s compute=4.5s
[11:35:52]     epoch 5/5 n=760 loss=0.2385 read=1.1s compute=4.7s
[11:35:52] I6 r=3 fold 7 tcga_lung: train n=774 params=1549
[11:35:59]     epoch 1/5 n=774 loss=0.8314 read=2.0s compute=4.7s
[11:36:06]     epoch 2/5 n=774 loss=0.6614 read=1.6s compute=4.7s
[11:36:12]     epoch 3/5 n=774 loss=0.4734 read=1.6s compute=4.7s
[11:36:19]     epoch 4/5 n=774 loss=0.3997 read=1.6s compute=4.7s
[11:36:25]     epoch 5/5 n=774 loss=0.3556 read=1.6s compute=4.7s
[11:36:25] I6 r=3 fold 8 tcga_esca: train n=120 params=1549
[11:36:26]     epoch 1/5 n=120 loss=0.1843 read=0.3s compute=0.7s
[11:36:27]     epoch 2/5 n=120 loss=0.1476 read=0.2s compute=0.7s
[11:36:28]     epoch 3/5 n=120 loss=0.0939 read=0.2s compute=0.8s
[11:36:29]     epoch 4/5 n=120 loss=0.0684 read=0.2s compute=0.7s
[11:36:30]     epoch 5/5 n=120 loss=0.0583 read=0.2s compute=0.7s
[11:36:30] I6 r=3 fold 8 tcga_rcc: train n=617 params=1549
[11:36:36]     epoch 1/5 n=617 loss=0.3378 read=1.6s compute=4.0s
[11:36:41]     epoch 2/5 n=617 loss=0.2574 read=1.2s compute=4.0s
[11:36:47]     epoch 3/5 n=617 loss=0.2196 read=1.1s compute=4.0s
[11:36:52]     epoch 4/5 n=617 loss=0.1980 read=1.1s compute=4.1s
[11:36:58]     epoch 5/5 n=617 loss=0.1842 read=1.1s compute=4.2s
[11:36:58] I6 r=3 fold 8 tcga_brca: train n=762 params=1549
[11:37:04]     epoch 1/5 n=762 loss=0.3728 read=1.8s compute=4.4s
[11:37:10]     epoch 2/5 n=762 loss=0.2989 read=1.2s compute=4.5s
[11:37:16]     epoch 3/5 n=762 loss=0.2744 read=1.2s compute=4.4s
[11:37:22]     epoch 4/5 n=762 loss=0.2543 read=1.1s compute=4.6s
[11:37:28]     epoch 5/5 n=762 loss=0.2368 read=1.3s compute=4.6s
[11:37:28] I6 r=3 fold 8 tcga_lung: train n=777 params=1549
[11:37:35]     epoch 1/5 n=777 loss=0.7752 read=2.0s compute=4.8s
[11:37:42]     epoch 2/5 n=777 loss=0.7128 read=1.6s compute=4.7s
[11:37:48]     epoch 3/5 n=777 loss=0.5097 read=1.6s compute=4.7s
[11:37:55]     epoch 4/5 n=777 loss=0.3329 read=1.6s compute=4.8s
[11:38:02]     epoch 5/5 n=777 loss=0.2568 read=1.6s compute=4.8s
[11:38:02] I6 r=3 fold 9 tcga_esca: train n=121 params=1549
[11:38:03]     epoch 1/5 n=121 loss=0.2849 read=0.3s compute=0.7s
[11:38:04]     epoch 2/5 n=121 loss=0.2720 read=0.2s compute=0.7s
[11:38:05]     epoch 3/5 n=121 loss=0.2125 read=0.2s compute=0.7s
[11:38:06]     epoch 4/5 n=121 loss=0.1696 read=0.2s compute=0.7s
[11:38:07]     epoch 5/5 n=121 loss=0.1526 read=0.2s compute=0.7s
[11:38:07] I6 r=3 fold 9 tcga_rcc: train n=612 params=1549
[11:38:12]     epoch 1/5 n=612 loss=0.2625 read=1.6s compute=3.9s
[11:38:18]     epoch 2/5 n=612 loss=0.1853 read=1.2s compute=4.0s
[11:38:23]     epoch 3/5 n=612 loss=0.1588 read=1.1s compute=4.1s
[11:38:29]     epoch 4/5 n=612 loss=0.1514 read=1.1s compute=4.1s
[11:38:34]     epoch 5/5 n=612 loss=0.1354 read=1.1s compute=4.1s
[11:38:34] I6 r=3 fold 9 tcga_brca: train n=760 params=1549
[11:38:40]     epoch 1/5 n=760 loss=0.4265 read=1.7s compute=4.3s
[11:38:46]     epoch 2/5 n=760 loss=0.2979 read=1.2s compute=4.5s
[11:38:52]     epoch 3/5 n=760 loss=0.2657 read=1.1s compute=4.6s
[11:38:58]     epoch 4/5 n=760 loss=0.2467 read=1.1s compute=4.4s
[11:39:04]     epoch 5/5 n=760 loss=0.2395 read=1.2s compute=4.4s
[11:39:04] I6 r=3 fold 9 tcga_lung: train n=762 params=1549
[11:39:11]     epoch 1/5 n=762 loss=0.8306 read=1.9s compute=4.6s
[11:39:17]     epoch 2/5 n=762 loss=0.5781 read=1.6s compute=4.6s
[11:39:24]     epoch 3/5 n=762 loss=0.4392 read=1.5s compute=4.5s
[11:39:30]     epoch 4/5 n=762 loss=0.3893 read=1.5s compute=4.6s
[11:39:36]     epoch 5/5 n=762 loss=0.3564 read=1.5s compute=4.6s
[11:39:36] I6 r=3 fold 10 tcga_esca: train n=121 params=1549
[11:39:37]     epoch 1/5 n=121 loss=0.3528 read=0.3s compute=0.7s
[11:39:38]     epoch 2/5 n=121 loss=0.2488 read=0.2s compute=0.7s
[11:39:39]     epoch 3/5 n=121 loss=0.1632 read=0.2s compute=0.7s
[11:39:40]     epoch 4/5 n=121 loss=0.1384 read=0.2s compute=0.7s
[11:39:41]     epoch 5/5 n=121 loss=0.1150 read=0.2s compute=0.7s
[11:39:41] I6 r=3 fold 10 tcga_rcc: train n=618 params=1549
[11:39:47]     epoch 1/5 n=618 loss=0.3036 read=1.6s compute=3.9s
[11:39:52]     epoch 2/5 n=618 loss=0.2018 read=1.1s compute=4.0s
[11:39:58]     epoch 3/5 n=618 loss=0.1681 read=1.1s compute=4.1s
[11:40:03]     epoch 4/5 n=618 loss=0.1671 read=1.1s compute=4.1s
[11:40:08]     epoch 5/5 n=618 loss=0.1537 read=1.1s compute=4.0s
[11:40:09] I6 r=3 fold 10 tcga_brca: train n=763 params=1549
[11:40:15]     epoch 1/5 n=763 loss=0.3731 read=1.8s compute=4.3s
[11:40:21]     epoch 2/5 n=763 loss=0.2669 read=1.2s compute=4.3s
[11:40:27]     epoch 3/5 n=763 loss=0.2480 read=1.2s compute=4.5s
[11:40:33]     epoch 4/5 n=763 loss=0.2342 read=1.2s compute=4.6s
[11:40:39]     epoch 5/5 n=763 loss=0.2176 read=1.2s compute=4.5s
[11:40:39] I6 r=3 fold 10 tcga_lung: train n=771 params=1549
[11:40:46]     epoch 1/5 n=771 loss=0.8146 read=2.0s compute=4.6s
[11:40:52]     epoch 2/5 n=771 loss=0.8200 read=1.6s compute=4.7s
[11:40:59]     epoch 3/5 n=771 loss=0.7893 read=1.6s compute=4.7s
[11:41:05]     epoch 4/5 n=771 loss=0.7702 read=1.6s compute=4.6s
[11:41:12]     epoch 5/5 n=771 loss=0.7336 read=1.6s compute=4.6s
[11:41:12] I6 r=3 訓練完成（952s）
[11:41:52] I6 fold 1: eval 40s
[11:42:35] I6 fold 2: eval 43s
[11:43:21] I6 fold 3: eval 45s
[11:44:08] I6 fold 4: eval 47s
[11:44:52] I6 fold 5: eval 43s
[11:45:36] I6 fold 6: eval 44s
[11:46:21] I6 fold 7: eval 45s
[11:47:04] I6 fold 8: eval 43s
[2026-09-26 11:47:19] heartbeat
[11:47:46] I6 fold 9: eval 42s
[11:48:24] I6 fold 10: eval 39s
[2026-09-26 11:48:25] exit=0
