[2026-10-02 22:18:57] start s6 folds=1-10 epochs=5
[22:18:59] MOE-1 s6 folds=[1, 2, 3, 4, 5, 6, 7, 8, 9, 10] out=moe1 threads=8 epochs=5
[22:19:00] K1 通過：逐折最大絕對差 0.00e+00
[22:19:00] I6 r=2 seed 42 fold 1 tcga_esca: train n=120／120 params=1033 epochs=5
[22:19:02]     epoch 1/5 n=120 loss=0.2818 read=0.3s compute=0.7s
[22:19:02]     epoch 2/5 n=120 loss=0.2321 read=0.2s compute=0.6s
[22:19:03]     epoch 3/5 n=120 loss=0.1597 read=0.2s compute=0.6s
[22:19:04]     epoch 4/5 n=120 loss=0.1127 read=0.2s compute=0.6s
[22:19:05]     epoch 5/5 n=120 loss=0.0906 read=0.2s compute=0.5s
[22:19:05] K3 通過：權重逐位元相同
[22:19:05] I6 r=2 seed 42 fold 1 tcga_esca: train n=80／120 params=1033 epochs=5
[22:19:05]     epoch 1/5 n=80 loss=0.1542 read=0.1s compute=0.4s
[22:19:06]     epoch 2/5 n=80 loss=0.1334 read=0.1s compute=0.4s
[22:19:06]     epoch 3/5 n=80 loss=0.0977 read=0.1s compute=0.4s
[22:19:07]     epoch 4/5 n=80 loss=0.0693 read=0.1s compute=0.4s
[22:19:07]     epoch 5/5 n=80 loss=0.0220 read=0.1s compute=0.4s
[22:19:08] I6 r=2 seed 42 fold 1 tcga_esca: train n=80／120 params=1033 epochs=5
[22:19:08]     epoch 1/5 n=80 loss=0.2930 read=0.1s compute=0.4s
[22:19:09]     epoch 2/5 n=80 loss=0.2653 read=0.1s compute=0.4s
[22:19:09]     epoch 3/5 n=80 loss=0.2233 read=0.1s compute=0.4s
[22:19:10]     epoch 4/5 n=80 loss=0.1928 read=0.1s compute=0.4s
[22:19:10]     epoch 5/5 n=80 loss=0.1548 read=0.1s compute=0.4s
[22:19:11] I6 r=2 seed 42 fold 1 tcga_esca: train n=80／120 params=1033 epochs=5
[22:19:11]     epoch 1/5 n=80 loss=0.4032 read=0.1s compute=0.4s
[22:19:12]     epoch 2/5 n=80 loss=0.3658 read=0.1s compute=0.4s
[22:19:12]     epoch 3/5 n=80 loss=0.2746 read=0.1s compute=0.4s
[22:19:13]     epoch 4/5 n=80 loss=0.1933 read=0.1s compute=0.4s
[22:19:13]     epoch 5/5 n=80 loss=0.1607 read=0.1s compute=0.4s
[22:19:14] I6 r=2 seed 42 fold 1 tcga_rcc: train n=410／616 params=1033 epochs=5
[22:19:18]     epoch 1/5 n=410 loss=0.3355 read=1.2s compute=2.3s
[22:19:21]     epoch 2/5 n=410 loss=0.2539 read=0.9s compute=2.3s
[22:19:24]     epoch 3/5 n=410 loss=0.2404 read=0.9s compute=2.3s
[22:19:27]     epoch 4/5 n=410 loss=0.2363 read=1.0s compute=2.3s
[22:19:31]     epoch 5/5 n=410 loss=0.2186 read=1.0s compute=2.4s
[22:19:33] I6 r=2 seed 42 fold 1 tcga_rcc: train n=411／616 params=1033 epochs=5
[22:19:37]     epoch 1/5 n=411 loss=0.2837 read=1.0s compute=2.3s
[22:19:40]     epoch 2/5 n=411 loss=0.2393 read=1.0s compute=2.6s
[22:19:44]     epoch 3/5 n=411 loss=0.2015 read=1.0s compute=2.5s
[22:19:47]     epoch 4/5 n=411 loss=0.1891 read=0.9s compute=2.3s
[22:19:50]     epoch 5/5 n=411 loss=0.1632 read=0.9s compute=2.3s
[22:19:53] I6 r=2 seed 42 fold 1 tcga_rcc: train n=411／616 params=1033 epochs=5
[22:19:56]     epoch 1/5 n=411 loss=0.3808 read=0.9s compute=2.4s
[22:20:00]     epoch 2/5 n=411 loss=0.2689 read=0.9s compute=2.3s
[22:20:03]     epoch 3/5 n=411 loss=0.2333 read=0.9s compute=2.3s
[22:20:06]     epoch 4/5 n=411 loss=0.2122 read=0.8s compute=2.2s
[22:20:09]     epoch 5/5 n=411 loss=0.1898 read=0.8s compute=2.3s
[22:20:12] I6 r=2 seed 42 fold 1 tcga_brca: train n=508／763 params=1033 epochs=5
[22:20:16]     epoch 1/5 n=508 loss=0.4373 read=1.3s compute=2.6s
[22:20:20]     epoch 2/5 n=508 loss=0.3079 read=1.0s compute=2.5s
[22:20:23]     epoch 3/5 n=508 loss=0.2858 read=0.9s compute=2.5s
[22:20:26]     epoch 4/5 n=508 loss=0.2732 read=0.8s compute=2.4s
[22:20:30]     epoch 5/5 n=508 loss=0.2583 read=0.8s compute=2.4s
[22:20:32] I6 r=2 seed 42 fold 1 tcga_brca: train n=509／763 params=1033 epochs=5
[22:20:36]     epoch 1/5 n=509 loss=0.4210 read=0.9s compute=2.4s
[22:20:39]     epoch 2/5 n=509 loss=0.3215 read=0.9s compute=2.4s
[22:20:42]     epoch 3/5 n=509 loss=0.3050 read=0.9s compute=2.4s
[22:20:46]     epoch 4/5 n=509 loss=0.2866 read=0.8s compute=2.4s
[22:20:49]     epoch 5/5 n=509 loss=0.2777 read=0.9s compute=2.4s
[22:20:52] I6 r=2 seed 42 fold 1 tcga_brca: train n=509／763 params=1033 epochs=5
[22:20:55]     epoch 1/5 n=509 loss=0.4749 read=0.9s compute=2.3s
[22:20:58]     epoch 2/5 n=509 loss=0.3177 read=0.8s compute=2.3s
[22:21:02]     epoch 3/5 n=509 loss=0.3096 read=0.8s compute=2.4s
[22:21:05]     epoch 4/5 n=509 loss=0.2878 read=0.9s compute=2.6s
[22:21:09]     epoch 5/5 n=509 loss=0.2736 read=0.9s compute=2.5s
[22:21:11] I6 r=2 seed 42 fold 1 tcga_lung: train n=516／774 params=1033 epochs=5
[22:21:15]     epoch 1/5 n=516 loss=0.8140 read=1.3s compute=2.5s
[22:21:19]     epoch 2/5 n=516 loss=0.8139 read=1.1s compute=2.4s
[22:21:23]     epoch 3/5 n=516 loss=0.7994 read=1.1s compute=2.6s
[22:21:27]     epoch 4/5 n=516 loss=0.8395 read=1.2s compute=2.6s
[22:21:31]     epoch 5/5 n=516 loss=0.7876 read=1.1s compute=2.6s
[22:21:33] I6 r=2 seed 42 fold 1 tcga_lung: train n=516／774 params=1033 epochs=5
[22:21:37]     epoch 1/5 n=516 loss=0.6436 read=1.2s compute=2.6s
[22:21:41]     epoch 2/5 n=516 loss=0.6433 read=1.1s compute=2.5s
[22:21:45]     epoch 3/5 n=516 loss=0.6433 read=1.1s compute=2.5s
[22:21:48]     epoch 4/5 n=516 loss=0.6453 read=1.0s compute=2.4s
[22:21:52]     epoch 5/5 n=516 loss=0.6401 read=1.0s compute=2.5s
[22:21:55] I6 r=2 seed 42 fold 1 tcga_lung: train n=516／774 params=1033 epochs=5
[22:21:59]     epoch 1/5 n=516 loss=0.7665 read=1.2s compute=2.8s
[22:22:03]     epoch 2/5 n=516 loss=0.7651 read=1.1s compute=2.6s
[22:22:06]     epoch 3/5 n=516 loss=0.7665 read=1.0s compute=2.6s
[22:22:10]     epoch 4/5 n=516 loss=0.7118 read=1.1s compute=2.6s
[22:22:14]     epoch 5/5 n=516 loss=0.5445 read=1.0s compute=2.5s
[22:22:16] I6 r=2 seed 42 fold 2 tcga_esca: train n=80／120 params=1033 epochs=5
[22:22:17]     epoch 1/5 n=80 loss=0.1455 read=0.2s compute=0.4s
[22:22:18]     epoch 2/5 n=80 loss=0.1421 read=0.1s compute=0.4s
[22:22:18]     epoch 3/5 n=80 loss=0.1295 read=0.1s compute=0.4s
[22:22:19]     epoch 4/5 n=80 loss=0.1210 read=0.1s compute=0.4s
[22:22:19]     epoch 5/5 n=80 loss=0.1078 read=0.1s compute=0.4s
[22:22:20] I6 r=2 seed 42 fold 2 tcga_esca: train n=80／120 params=1033 epochs=5
[22:22:21]     epoch 1/5 n=80 loss=0.2959 read=0.2s compute=0.6s
[22:22:21]     epoch 2/5 n=80 loss=0.2738 read=0.1s compute=0.4s
[22:22:22]     epoch 3/5 n=80 loss=0.2350 read=0.1s compute=0.4s
[22:22:22]     epoch 4/5 n=80 loss=0.1967 read=0.1s compute=0.4s
[22:22:23]     epoch 5/5 n=80 loss=0.1593 read=0.1s compute=0.4s
[22:22:23] I6 r=2 seed 42 fold 2 tcga_esca: train n=80／120 params=1033 epochs=5
[22:22:24]     epoch 1/5 n=80 loss=0.4204 read=0.1s compute=0.4s
[22:22:24]     epoch 2/5 n=80 loss=0.3900 read=0.1s compute=0.4s
[22:22:25]     epoch 3/5 n=80 loss=0.3349 read=0.1s compute=0.4s
[22:22:25]     epoch 4/5 n=80 loss=0.2813 read=0.1s compute=0.4s
[22:22:26]     epoch 5/5 n=80 loss=0.2211 read=0.1s compute=0.4s
[22:22:26] I6 r=2 seed 42 fold 2 tcga_rcc: train n=408／613 params=1033 epochs=5
[22:22:30]     epoch 1/5 n=408 loss=0.3672 read=1.1s compute=2.2s
[22:22:33]     epoch 2/5 n=408 loss=0.2080 read=0.7s compute=2.2s
[22:22:36]     epoch 3/5 n=408 loss=0.1652 read=0.7s compute=2.2s
[22:22:39]     epoch 4/5 n=408 loss=0.1533 read=0.7s compute=2.3s
[22:22:42]     epoch 5/5 n=408 loss=0.1378 read=0.7s compute=2.3s
[22:22:44] I6 r=2 seed 42 fold 2 tcga_rcc: train n=409／613 params=1033 epochs=5
[22:22:47]     epoch 1/5 n=409 loss=0.3925 read=0.8s compute=2.2s
[22:22:50]     epoch 2/5 n=409 loss=0.3418 read=0.6s compute=2.2s
[22:22:53]     epoch 3/5 n=409 loss=0.2806 read=0.6s compute=2.2s
[22:22:56]     epoch 4/5 n=409 loss=0.2653 read=0.7s compute=2.3s
[22:22:59]     epoch 5/5 n=409 loss=0.2339 read=0.7s compute=2.2s
[22:23:02] I6 r=2 seed 42 fold 2 tcga_rcc: train n=409／613 params=1033 epochs=5
[22:23:05]     epoch 1/5 n=409 loss=0.4681 read=0.8s compute=2.2s
[22:23:08]     epoch 2/5 n=409 loss=0.3711 read=0.8s compute=2.6s
[22:23:12]     epoch 3/5 n=409 loss=0.3173 read=0.9s compute=2.6s
[22:23:15]     epoch 4/5 n=409 loss=0.2822 read=0.8s compute=2.2s
[22:23:18]     epoch 5/5 n=409 loss=0.2654 read=0.8s compute=2.3s
[22:23:21] I6 r=2 seed 42 fold 2 tcga_brca: train n=509／764 params=1033 epochs=5
[22:23:24]     epoch 1/5 n=509 loss=0.4511 read=1.2s compute=2.3s
[22:23:27]     epoch 2/5 n=509 loss=0.3099 read=0.8s compute=2.4s
[22:23:31]     epoch 3/5 n=509 loss=0.2680 read=0.7s compute=2.3s
[22:23:34]     epoch 4/5 n=509 loss=0.2540 read=0.7s compute=2.4s
[22:23:37]     epoch 5/5 n=509 loss=0.2383 read=0.7s compute=2.5s
[22:23:40] I6 r=2 seed 42 fold 2 tcga_brca: train n=509／764 params=1033 epochs=5
[22:23:43]     epoch 1/5 n=509 loss=0.4237 read=0.9s compute=2.5s
[22:23:47]     epoch 2/5 n=509 loss=0.3184 read=0.9s compute=2.6s
[22:23:50]     epoch 3/5 n=509 loss=0.3020 read=0.7s compute=2.4s
[22:23:53]     epoch 4/5 n=509 loss=0.2779 read=0.7s compute=2.5s
[22:23:57]     epoch 5/5 n=509 loss=0.2735 read=0.8s compute=2.6s
[22:24:00] I6 r=2 seed 42 fold 2 tcga_brca: train n=510／764 params=1033 epochs=5
[22:24:03]     epoch 1/5 n=510 loss=0.5125 read=0.9s compute=2.4s
[22:24:06]     epoch 2/5 n=510 loss=0.3265 read=0.7s compute=2.4s
[22:24:10]     epoch 3/5 n=510 loss=0.2925 read=1.0s compute=2.7s
[22:24:13]     epoch 4/5 n=510 loss=0.2765 read=0.9s compute=2.5s
[22:24:17]     epoch 5/5 n=510 loss=0.2576 read=0.8s compute=2.4s
[22:24:19] I6 r=2 seed 42 fold 2 tcga_lung: train n=507／761 params=1033 epochs=5
[22:24:23]     epoch 1/5 n=507 loss=0.8762 read=1.2s compute=2.4s
[22:24:27]     epoch 2/5 n=507 loss=0.7807 read=0.9s compute=2.4s
[22:24:30]     epoch 3/5 n=507 loss=0.6395 read=0.9s compute=2.5s
[22:24:33]     epoch 4/5 n=507 loss=0.5191 read=0.8s compute=2.5s
[22:24:37]     epoch 5/5 n=507 loss=0.4275 read=0.9s compute=2.5s
[22:24:40] I6 r=2 seed 42 fold 2 tcga_lung: train n=507／761 params=1033 epochs=5
[22:24:43]     epoch 1/5 n=507 loss=0.8046 read=1.0s compute=2.6s
[22:24:47]     epoch 2/5 n=507 loss=0.8165 read=1.0s compute=2.5s
[22:24:51]     epoch 3/5 n=507 loss=0.6836 read=1.0s compute=2.8s
[22:24:55]     epoch 4/5 n=507 loss=0.4821 read=1.0s compute=2.6s
[22:24:58]     epoch 5/5 n=507 loss=0.3907 read=1.0s compute=2.4s
[22:25:01] I6 r=2 seed 42 fold 2 tcga_lung: train n=508／761 params=1033 epochs=5
[22:25:04]     epoch 1/5 n=508 loss=0.7552 read=1.1s compute=2.6s
[22:25:08]     epoch 2/5 n=508 loss=0.7456 read=1.1s compute=2.6s
[22:25:12]     epoch 3/5 n=508 loss=0.6454 read=1.1s compute=2.5s
[22:25:16]     epoch 4/5 n=508 loss=0.5317 read=1.1s compute=2.9s
[22:25:20]     epoch 5/5 n=508 loss=0.4042 read=1.1s compute=2.6s
[22:25:23] I6 r=2 seed 42 fold 3 tcga_esca: train n=80／120 params=1033 epochs=5
[22:25:23]     epoch 1/5 n=80 loss=0.1353 read=0.2s compute=0.5s
[22:25:24]     epoch 2/5 n=80 loss=0.1291 read=0.1s compute=0.4s
[22:25:25]     epoch 3/5 n=80 loss=0.1057 read=0.1s compute=0.4s
[22:25:25]     epoch 4/5 n=80 loss=0.0801 read=0.1s compute=0.5s
[22:25:26]     epoch 5/5 n=80 loss=0.0480 read=0.1s compute=0.4s
[22:25:26] I6 r=2 seed 42 fold 3 tcga_esca: train n=80／120 params=1033 epochs=5
[22:25:27]     epoch 1/5 n=80 loss=0.2871 read=0.1s compute=0.4s
[22:25:27]     epoch 2/5 n=80 loss=0.2829 read=0.1s compute=0.4s
[22:25:28]     epoch 3/5 n=80 loss=0.2735 read=0.1s compute=0.4s
[22:25:28]     epoch 4/5 n=80 loss=0.2685 read=0.1s compute=0.4s
[22:25:29]     epoch 5/5 n=80 loss=0.2584 read=0.1s compute=0.4s
[22:25:29] I6 r=2 seed 42 fold 3 tcga_esca: train n=80／120 params=1033 epochs=5
[22:25:30]     epoch 1/5 n=80 loss=0.4144 read=0.1s compute=0.4s
[22:25:31]     epoch 2/5 n=80 loss=0.3912 read=0.1s compute=0.4s
[22:25:31]     epoch 3/5 n=80 loss=0.3711 read=0.1s compute=0.5s
[22:25:32]     epoch 4/5 n=80 loss=0.3031 read=0.1s compute=0.4s
[22:25:32]     epoch 5/5 n=80 loss=0.2524 read=0.1s compute=0.4s
[22:25:33] I6 r=2 seed 42 fold 3 tcga_rcc: train n=411／617 params=1033 epochs=5
[22:25:36]     epoch 1/5 n=411 loss=0.3209 read=1.1s compute=2.3s
[22:25:39]     epoch 2/5 n=411 loss=0.2845 read=0.7s compute=2.2s
[22:25:42]     epoch 3/5 n=411 loss=0.2621 read=0.7s compute=2.2s
[22:25:45]     epoch 4/5 n=411 loss=0.2289 read=0.7s compute=2.1s
[22:25:48]     epoch 5/5 n=411 loss=0.2193 read=0.6s compute=2.1s
[22:25:50] I6 r=2 seed 42 fold 3 tcga_rcc: train n=411／617 params=1033 epochs=5
[22:25:54]     epoch 1/5 n=411 loss=0.3231 read=0.8s compute=2.3s
[22:25:57]     epoch 2/5 n=411 loss=0.2104 read=0.7s compute=2.2s
[22:26:00]     epoch 3/5 n=411 loss=0.1805 read=0.7s compute=2.1s
[22:26:02]     epoch 4/5 n=411 loss=0.1574 read=0.7s compute=2.1s
[22:26:06]     epoch 5/5 n=411 loss=0.1426 read=0.8s compute=2.5s
[22:26:09] I6 r=2 seed 42 fold 3 tcga_rcc: train n=412／617 params=1033 epochs=5
[22:26:13]     epoch 1/5 n=412 loss=0.4012 read=1.0s compute=2.6s
[22:26:16]     epoch 2/5 n=412 loss=0.2766 read=0.9s compute=2.6s
[22:26:20]     epoch 3/5 n=412 loss=0.2445 read=0.8s compute=2.5s
[22:26:23]     epoch 4/5 n=412 loss=0.2125 read=0.7s compute=2.4s
[22:26:26]     epoch 5/5 n=412 loss=0.1967 read=0.7s compute=2.2s
[22:26:28] I6 r=2 seed 42 fold 3 tcga_brca: train n=508／763 params=1033 epochs=5
[22:26:32]     epoch 1/5 n=508 loss=0.3966 read=1.2s compute=2.5s
[22:26:36]     epoch 2/5 n=508 loss=0.2694 read=0.9s compute=2.7s
[22:26:40]     epoch 3/5 n=508 loss=0.2391 read=0.9s compute=2.9s
[22:26:44]     epoch 4/5 n=508 loss=0.2185 read=0.9s compute=2.9s
[22:26:48]     epoch 5/5 n=508 loss=0.2087 read=0.9s compute=2.7s
[22:26:50] I6 r=2 seed 42 fold 3 tcga_brca: train n=509／763 params=1033 epochs=5
[22:26:54]     epoch 1/5 n=509 loss=0.5279 read=0.9s compute=2.7s
[22:26:58]     epoch 2/5 n=509 loss=0.3749 read=0.9s compute=2.9s
[22:27:02]     epoch 3/5 n=509 loss=0.3326 read=0.9s compute=2.7s
[22:27:06]     epoch 4/5 n=509 loss=0.3081 read=0.9s compute=2.7s
[22:27:09]     epoch 5/5 n=509 loss=0.3000 read=0.9s compute=2.9s
[22:27:12] I6 r=2 seed 42 fold 3 tcga_brca: train n=509／763 params=1033 epochs=5
[22:27:16]     epoch 1/5 n=509 loss=0.4509 read=1.0s compute=2.9s
[22:27:20]     epoch 2/5 n=509 loss=0.3490 read=0.9s compute=2.6s
[22:27:24]     epoch 3/5 n=509 loss=0.3171 read=0.9s compute=2.8s
[22:27:27]     epoch 4/5 n=509 loss=0.3077 read=0.8s compute=2.7s
[22:27:31]     epoch 5/5 n=509 loss=0.2933 read=0.8s compute=2.6s
[22:27:34] I6 r=2 seed 42 fold 3 tcga_lung: train n=510／765 params=1033 epochs=5
[22:27:37]     epoch 1/5 n=510 loss=0.7913 read=1.3s compute=2.4s
[22:27:41]     epoch 2/5 n=510 loss=0.7530 read=0.9s compute=2.5s
[22:27:45]     epoch 3/5 n=510 loss=0.7185 read=1.0s compute=2.5s
[22:27:48]     epoch 4/5 n=510 loss=0.6736 read=1.0s compute=2.5s
[22:27:52]     epoch 5/5 n=510 loss=0.6519 read=1.0s compute=2.6s
[22:27:55] I6 r=2 seed 42 fold 3 tcga_lung: train n=510／765 params=1033 epochs=5
[22:27:59]     epoch 1/5 n=510 loss=0.8181 read=1.1s compute=2.7s
[22:28:03]     epoch 2/5 n=510 loss=0.8239 read=1.1s compute=3.0s
[22:28:07]     epoch 3/5 n=510 loss=0.7412 read=1.1s compute=2.7s
[22:28:11]     epoch 4/5 n=510 loss=0.5932 read=1.0s compute=2.6s
[22:28:14]     epoch 5/5 n=510 loss=0.4409 read=1.0s compute=2.5s
[22:28:17] I6 r=2 seed 42 fold 3 tcga_lung: train n=510／765 params=1033 epochs=5
[22:28:21]     epoch 1/5 n=510 loss=0.8934 read=1.1s compute=2.4s
[22:28:24]     epoch 2/5 n=510 loss=0.8817 read=1.0s compute=2.5s
[22:28:28]     epoch 3/5 n=510 loss=0.8517 read=1.0s compute=2.5s
[22:28:31]     epoch 4/5 n=510 loss=0.6538 read=1.0s compute=2.5s
[22:28:35]     epoch 5/5 n=510 loss=0.4637 read=1.0s compute=2.5s
[22:28:38] I6 r=2 seed 42 fold 4 tcga_esca: train n=79／119 params=1033 epochs=5
[22:28:38]     epoch 1/5 n=79 loss=0.2868 read=0.2s compute=0.4s
[22:28:39]     epoch 2/5 n=79 loss=0.2611 read=0.1s compute=0.4s
[22:28:40]     epoch 3/5 n=79 loss=0.2108 read=0.1s compute=0.4s
[22:28:40]     epoch 4/5 n=79 loss=0.1628 read=0.1s compute=0.4s
[22:28:41]     epoch 5/5 n=79 loss=0.1016 read=0.1s compute=0.4s
[22:28:41] I6 r=2 seed 42 fold 4 tcga_esca: train n=79／119 params=1033 epochs=5
[22:28:42]     epoch 1/5 n=79 loss=0.3037 read=0.1s compute=0.4s
[22:28:42]     epoch 2/5 n=79 loss=0.2912 read=0.1s compute=0.4s
[22:28:43]     epoch 3/5 n=79 loss=0.2784 read=0.1s compute=0.4s
[22:28:43]     epoch 4/5 n=79 loss=0.2886 read=0.1s compute=0.4s
[22:28:44]     epoch 5/5 n=79 loss=0.2586 read=0.1s compute=0.4s
[22:28:44] I6 r=2 seed 42 fold 4 tcga_esca: train n=80／119 params=1033 epochs=5
[22:28:45]     epoch 1/5 n=80 loss=0.5513 read=0.1s compute=0.4s
[22:28:45]     epoch 2/5 n=80 loss=0.5290 read=0.1s compute=0.4s
[22:28:46]     epoch 3/5 n=80 loss=0.4863 read=0.1s compute=0.4s
[22:28:46]     epoch 4/5 n=80 loss=0.3891 read=0.1s compute=0.4s
[22:28:47]     epoch 5/5 n=80 loss=0.3391 read=0.1s compute=0.4s
[22:28:47] I6 r=2 seed 42 fold 4 tcga_rcc: train n=408／613 params=1033 epochs=5
[22:28:51]     epoch 1/5 n=408 loss=0.3357 read=1.1s compute=2.2s
[22:28:54]     epoch 2/5 n=408 loss=0.1923 read=0.7s compute=2.2s
[22:28:57]     epoch 3/5 n=408 loss=0.1622 read=0.8s compute=2.3s
[22:29:00]     epoch 4/5 n=408 loss=0.1436 read=0.8s compute=2.3s
[22:29:03]     epoch 5/5 n=408 loss=0.1378 read=0.7s compute=2.3s
[22:29:06] I6 r=2 seed 42 fold 4 tcga_rcc: train n=409／613 params=1033 epochs=5
[22:29:09]     epoch 1/5 n=409 loss=0.2550 read=0.9s compute=2.4s
[22:29:12]     epoch 2/5 n=409 loss=0.1788 read=0.8s compute=2.3s
[22:29:16]     epoch 3/5 n=409 loss=0.1690 read=0.8s compute=2.3s
[22:29:19]     epoch 4/5 n=409 loss=0.1559 read=0.8s compute=2.4s
[22:29:22]     epoch 5/5 n=409 loss=0.1365 read=0.8s compute=2.3s
[22:29:24] I6 r=2 seed 42 fold 4 tcga_rcc: train n=409／613 params=1033 epochs=5
[22:29:28]     epoch 1/5 n=409 loss=0.3474 read=0.8s compute=2.2s
[22:29:31]     epoch 2/5 n=409 loss=0.1786 read=0.7s compute=2.3s
[22:29:34]     epoch 3/5 n=409 loss=0.1494 read=0.7s compute=2.2s
[22:29:37]     epoch 4/5 n=409 loss=0.1430 read=0.8s compute=2.3s
[22:29:40]     epoch 5/5 n=409 loss=0.1301 read=0.8s compute=2.1s
[22:29:42] I6 r=2 seed 42 fold 4 tcga_brca: train n=508／762 params=1033 epochs=5
[22:29:46]     epoch 1/5 n=508 loss=0.4518 read=1.1s compute=2.3s
[22:29:49]     epoch 2/5 n=508 loss=0.3229 read=0.7s compute=2.3s
[22:29:52]     epoch 3/5 n=508 loss=0.2963 read=0.7s compute=2.4s
[22:29:55]     epoch 4/5 n=508 loss=0.2780 read=0.7s compute=2.5s
[22:29:59]     epoch 5/5 n=508 loss=0.2629 read=0.8s compute=2.5s
[22:30:02] I6 r=2 seed 42 fold 4 tcga_brca: train n=508／762 params=1033 epochs=5
[22:30:05]     epoch 1/5 n=508 loss=0.3952 read=0.9s compute=2.5s
[22:30:09]     epoch 2/5 n=508 loss=0.2994 read=0.8s compute=2.6s
[22:30:12]     epoch 3/5 n=508 loss=0.2506 read=0.8s compute=2.6s
[22:30:16]     epoch 4/5 n=508 loss=0.2492 read=0.8s compute=2.5s
[22:30:19]     epoch 5/5 n=508 loss=0.2320 read=0.8s compute=2.5s
[22:30:22] I6 r=2 seed 42 fold 4 tcga_brca: train n=508／762 params=1033 epochs=5
[22:30:25]     epoch 1/5 n=508 loss=0.4815 read=0.9s compute=2.5s
[22:30:29]     epoch 2/5 n=508 loss=0.3460 read=0.8s compute=2.5s
[22:30:32]     epoch 3/5 n=508 loss=0.3095 read=0.8s compute=2.6s
[22:30:36]     epoch 4/5 n=508 loss=0.2856 read=0.8s compute=2.5s
[22:30:39]     epoch 5/5 n=508 loss=0.2663 read=0.8s compute=2.5s
[22:30:42] I6 r=2 seed 42 fold 4 tcga_lung: train n=504／756 params=1033 epochs=5
[22:30:46]     epoch 1/5 n=504 loss=0.7748 read=1.3s compute=2.5s
[22:30:49]     epoch 2/5 n=504 loss=0.7370 read=1.0s compute=2.5s
[22:30:53]     epoch 3/5 n=504 loss=0.6749 read=1.1s compute=2.5s
[22:30:57]     epoch 4/5 n=504 loss=0.5787 read=1.1s compute=2.6s
[22:31:01]     epoch 5/5 n=504 loss=0.5016 read=1.1s compute=3.0s
[22:31:04] I6 r=2 seed 42 fold 4 tcga_lung: train n=504／756 params=1033 epochs=5
[22:31:08]     epoch 1/5 n=504 loss=0.7263 read=1.0s compute=2.8s
[22:31:12]     epoch 2/5 n=504 loss=0.6943 read=0.9s compute=2.8s
[22:31:15]     epoch 3/5 n=504 loss=0.6177 read=0.9s compute=2.7s
[22:31:19]     epoch 4/5 n=504 loss=0.4647 read=0.9s compute=2.7s
[22:31:23]     epoch 5/5 n=504 loss=0.3421 read=0.9s compute=2.9s
[22:31:27] I6 r=2 seed 42 fold 4 tcga_lung: train n=504／756 params=1033 epochs=5
[22:31:31]     epoch 1/5 n=504 loss=0.8965 read=1.1s compute=3.1s
[22:31:35]     epoch 2/5 n=504 loss=0.8623 read=1.0s compute=2.8s
[22:31:39]     epoch 3/5 n=504 loss=0.8161 read=1.0s compute=2.9s
[22:31:43]     epoch 4/5 n=504 loss=0.7676 read=1.0s compute=3.0s
[22:31:48]     epoch 5/5 n=504 loss=0.7607 read=1.1s compute=3.1s
[22:31:51] I6 r=2 seed 42 fold 5 tcga_esca: train n=80／120 params=1033 epochs=5
[22:31:51]     epoch 1/5 n=80 loss=0.1362 read=0.2s compute=0.4s
[22:31:52]     epoch 2/5 n=80 loss=0.1011 read=0.1s compute=0.4s
[22:31:52]     epoch 3/5 n=80 loss=0.0736 read=0.1s compute=0.5s
[22:31:53]     epoch 4/5 n=80 loss=0.0409 read=0.1s compute=0.5s
[22:31:54]     epoch 5/5 n=80 loss=0.0030 read=0.1s compute=0.5s
[22:31:54] I6 r=2 seed 42 fold 5 tcga_esca: train n=80／120 params=1033 epochs=5
[22:31:55]     epoch 1/5 n=80 loss=0.2855 read=0.1s compute=0.5s
[22:31:56]     epoch 2/5 n=80 loss=0.2829 read=0.1s compute=0.5s
[22:31:56]     epoch 3/5 n=80 loss=0.2723 read=0.1s compute=0.5s
[22:31:57]     epoch 4/5 n=80 loss=0.2745 read=0.1s compute=0.5s
[22:31:57]     epoch 5/5 n=80 loss=0.2595 read=0.1s compute=0.5s
[22:31:58] I6 r=2 seed 42 fold 5 tcga_esca: train n=80／120 params=1033 epochs=5
[22:31:59]     epoch 1/5 n=80 loss=0.4247 read=0.1s compute=0.5s
[22:31:59]     epoch 2/5 n=80 loss=0.4103 read=0.1s compute=0.5s
[22:32:00]     epoch 3/5 n=80 loss=0.3569 read=0.1s compute=0.6s
[22:32:01]     epoch 4/5 n=80 loss=0.3068 read=0.1s compute=0.6s
[22:32:01]     epoch 5/5 n=80 loss=0.2537 read=0.1s compute=0.6s
[22:32:02] I6 r=2 seed 42 fold 5 tcga_rcc: train n=412／619 params=1033 epochs=5
[22:32:07]     epoch 1/5 n=412 loss=0.2696 read=1.2s compute=3.1s
[22:32:10]     epoch 2/5 n=412 loss=0.2228 read=0.9s compute=2.9s
[22:32:14]     epoch 3/5 n=412 loss=0.2136 read=0.9s compute=2.7s
[22:32:18]     epoch 4/5 n=412 loss=0.2108 read=0.9s compute=2.9s
[22:32:22]     epoch 5/5 n=412 loss=0.1960 read=0.9s compute=2.9s
[22:32:25] I6 r=2 seed 42 fold 5 tcga_rcc: train n=413／619 params=1033 epochs=5
[22:32:29]     epoch 1/5 n=413 loss=0.3255 read=0.9s compute=2.8s
[22:32:32]     epoch 2/5 n=413 loss=0.3281 read=0.8s compute=2.4s
[22:32:36]     epoch 3/5 n=413 loss=0.3255 read=0.8s compute=2.8s
[22:32:39]     epoch 4/5 n=413 loss=0.3264 read=0.8s compute=2.6s
[22:32:43]     epoch 5/5 n=413 loss=0.3246 read=0.8s compute=2.6s
[22:32:47] I6 r=2 seed 42 fold 5 tcga_rcc: train n=413／619 params=1033 epochs=5
[22:32:51]     epoch 1/5 n=413 loss=0.4386 read=1.1s compute=2.9s
[22:32:55]     epoch 2/5 n=413 loss=0.3076 read=1.1s compute=2.7s
[22:32:58]     epoch 3/5 n=413 loss=0.2637 read=0.9s compute=2.5s
[22:33:02]     epoch 4/5 n=413 loss=0.2602 read=0.9s compute=2.5s
[22:33:06]     epoch 5/5 n=413 loss=0.2335 read=1.0s compute=2.7s
[22:33:09] I6 r=2 seed 42 fold 5 tcga_brca: train n=508／763 params=1033 epochs=5
[22:33:13]     epoch 1/5 n=508 loss=0.5313 read=1.2s compute=2.8s
[22:33:17]     epoch 2/5 n=508 loss=0.3588 read=0.9s compute=2.8s
[22:33:21]     epoch 3/5 n=508 loss=0.3229 read=0.9s compute=2.9s
[22:33:25]     epoch 4/5 n=508 loss=0.3045 read=0.9s compute=2.9s
[22:33:29]     epoch 5/5 n=508 loss=0.2878 read=0.8s compute=2.8s
[22:33:32] I6 r=2 seed 42 fold 5 tcga_brca: train n=509／763 params=1033 epochs=5
[22:33:36]     epoch 1/5 n=509 loss=0.4418 read=0.9s compute=2.7s
[22:33:39]     epoch 2/5 n=509 loss=0.3469 read=0.9s compute=2.8s
[22:33:43]     epoch 3/5 n=509 loss=0.3178 read=0.9s compute=2.8s
[22:33:47]     epoch 4/5 n=509 loss=0.2932 read=0.9s compute=2.8s
[22:33:51]     epoch 5/5 n=509 loss=0.2825 read=0.8s compute=2.9s
[22:33:54] I6 r=2 seed 42 fold 5 tcga_brca: train n=509／763 params=1033 epochs=5
[22:33:58]     epoch 1/5 n=509 loss=0.4731 read=1.0s compute=3.0s
[22:34:02]     epoch 2/5 n=509 loss=0.3145 read=0.9s compute=2.9s
[22:34:06]     epoch 3/5 n=509 loss=0.2881 read=0.9s compute=2.8s
[22:34:10]     epoch 4/5 n=509 loss=0.2734 read=0.8s compute=2.9s
[22:34:14]     epoch 5/5 n=509 loss=0.2614 read=0.8s compute=2.8s
[22:34:17] I6 r=2 seed 42 fold 5 tcga_lung: train n=509／764 params=1033 epochs=5
[22:34:21]     epoch 1/5 n=509 loss=0.6801 read=1.3s compute=2.9s
[22:34:25]     epoch 2/5 n=509 loss=0.5926 read=1.1s compute=2.9s
[22:34:29]     epoch 3/5 n=509 loss=0.4623 read=1.0s compute=2.9s
[22:34:33]     epoch 4/5 n=509 loss=0.3779 read=1.0s compute=2.8s
[22:34:37]     epoch 5/5 n=509 loss=0.3290 read=1.0s compute=2.9s
[22:34:40] I6 r=2 seed 42 fold 5 tcga_lung: train n=509／764 params=1033 epochs=5
[22:34:44]     epoch 1/5 n=509 loss=0.8680 read=1.1s compute=2.7s
[22:34:48]     epoch 2/5 n=509 loss=0.7440 read=1.0s compute=2.8s
[22:34:52]     epoch 3/5 n=509 loss=0.5360 read=1.0s compute=2.7s
[22:34:56]     epoch 4/5 n=509 loss=0.4339 read=1.0s compute=2.8s
[22:35:01]     epoch 5/5 n=509 loss=0.3847 read=1.1s compute=3.1s
[22:35:04] I6 r=2 seed 42 fold 5 tcga_lung: train n=510／764 params=1033 epochs=5
[22:35:08]     epoch 1/5 n=510 loss=0.8423 read=1.1s compute=2.9s
[22:35:12]     epoch 2/5 n=510 loss=0.7864 read=1.0s compute=2.9s
[22:35:16]     epoch 3/5 n=510 loss=0.6822 read=1.0s compute=3.0s
[22:35:20]     epoch 4/5 n=510 loss=0.5641 read=1.0s compute=2.8s
[22:35:24]     epoch 5/5 n=510 loss=0.4746 read=1.0s compute=2.8s
[22:35:27] I6 r=2 seed 42 fold 6 tcga_esca: train n=79／119 params=1033 epochs=5
[22:35:27]     epoch 1/5 n=79 loss=0.2880 read=0.2s compute=0.4s
[22:35:28]     epoch 2/5 n=79 loss=0.2638 read=0.1s compute=0.4s
[22:35:29]     epoch 3/5 n=79 loss=0.2087 read=0.1s compute=0.4s
[22:35:29]     epoch 4/5 n=79 loss=0.1624 read=0.1s compute=0.4s
[22:35:30]     epoch 5/5 n=79 loss=0.1024 read=0.1s compute=0.4s
[22:35:30] I6 r=2 seed 42 fold 6 tcga_esca: train n=79／119 params=1033 epochs=5
[22:35:31]     epoch 1/5 n=79 loss=0.2939 read=0.1s compute=0.4s
[22:35:31]     epoch 2/5 n=79 loss=0.2888 read=0.1s compute=0.4s
[22:35:32]     epoch 3/5 n=79 loss=0.2755 read=0.1s compute=0.4s
[22:35:33]     epoch 4/5 n=79 loss=0.2785 read=0.1s compute=0.4s
[22:35:33]     epoch 5/5 n=79 loss=0.2583 read=0.1s compute=0.4s
[22:35:34] I6 r=2 seed 42 fold 6 tcga_esca: train n=80／119 params=1033 epochs=5
[22:35:34]     epoch 1/5 n=80 loss=0.2695 read=0.1s compute=0.5s
[22:35:35]     epoch 2/5 n=80 loss=0.2629 read=0.1s compute=0.4s
[22:35:35]     epoch 3/5 n=80 loss=0.2595 read=0.1s compute=0.5s
[22:35:36]     epoch 4/5 n=80 loss=0.2251 read=0.1s compute=0.5s
[22:35:37]     epoch 5/5 n=80 loss=0.2060 read=0.1s compute=0.4s
[22:35:37] I6 r=2 seed 42 fold 6 tcga_rcc: train n=410／616 params=1033 epochs=5
[22:35:41]     epoch 1/5 n=410 loss=0.4526 read=1.1s compute=2.4s
[22:35:44]     epoch 2/5 n=410 loss=0.3458 read=0.7s compute=2.4s
[22:35:47]     epoch 3/5 n=410 loss=0.2886 read=0.7s compute=2.4s
[22:35:51]     epoch 4/5 n=410 loss=0.2829 read=0.7s compute=2.5s
[22:35:54]     epoch 5/5 n=410 loss=0.2710 read=0.7s compute=2.5s
[22:35:57] I6 r=2 seed 42 fold 6 tcga_rcc: train n=411／616 params=1033 epochs=5
[22:36:00]     epoch 1/5 n=411 loss=0.3920 read=0.9s compute=2.6s
[22:36:04]     epoch 2/5 n=411 loss=0.3177 read=0.8s compute=2.6s
[22:36:07]     epoch 3/5 n=411 loss=0.2689 read=0.8s compute=2.6s
[22:36:11]     epoch 4/5 n=411 loss=0.2228 read=0.8s compute=2.6s
[22:36:14]     epoch 5/5 n=411 loss=0.2049 read=0.8s compute=2.6s
[22:36:17] I6 r=2 seed 42 fold 6 tcga_rcc: train n=411／616 params=1033 epochs=5
[22:36:20]     epoch 1/5 n=411 loss=0.3416 read=0.8s compute=2.4s
[22:36:23]     epoch 2/5 n=411 loss=0.1811 read=0.7s compute=2.3s
[22:36:27]     epoch 3/5 n=411 loss=0.1501 read=0.7s compute=2.3s
[22:36:30]     epoch 4/5 n=411 loss=0.1273 read=0.7s compute=2.4s
[22:36:33]     epoch 5/5 n=411 loss=0.1243 read=0.7s compute=2.5s
[22:36:36] I6 r=2 seed 42 fold 6 tcga_brca: train n=505／758 params=1033 epochs=5
[22:36:40]     epoch 1/5 n=505 loss=0.5409 read=1.2s compute=2.7s
[22:36:44]     epoch 2/5 n=505 loss=0.3117 read=0.8s compute=2.7s
[22:36:48]     epoch 3/5 n=505 loss=0.2850 read=0.8s compute=2.8s
[22:36:51]     epoch 4/5 n=505 loss=0.2679 read=0.8s compute=2.8s
[22:36:55]     epoch 5/5 n=505 loss=0.2570 read=0.8s compute=2.8s
[22:36:58] I6 r=2 seed 42 fold 6 tcga_brca: train n=505／758 params=1033 epochs=5
[22:37:01]     epoch 1/5 n=505 loss=0.4529 read=0.9s compute=2.5s
[22:37:05]     epoch 2/5 n=505 loss=0.3369 read=0.8s compute=2.7s
[22:37:09]     epoch 3/5 n=505 loss=0.2958 read=0.9s compute=3.0s
[22:37:13]     epoch 4/5 n=505 loss=0.2740 read=0.9s compute=2.7s
[22:37:17]     epoch 5/5 n=505 loss=0.2494 read=0.9s compute=2.7s
[22:37:20] I6 r=2 seed 42 fold 6 tcga_brca: train n=506／758 params=1033 epochs=5
[22:37:24]     epoch 1/5 n=506 loss=0.3870 read=0.9s compute=2.9s
[22:37:28]     epoch 2/5 n=506 loss=0.2663 read=0.8s compute=2.9s
[22:37:32]     epoch 3/5 n=506 loss=0.2338 read=1.0s compute=3.0s
[22:37:36]     epoch 4/5 n=506 loss=0.2224 read=1.0s compute=2.9s
[22:37:40]     epoch 5/5 n=506 loss=0.2158 read=1.0s compute=3.1s
[22:37:43] I6 r=2 seed 42 fold 6 tcga_lung: train n=506／759 params=1033 epochs=5
[22:37:47]     epoch 1/5 n=506 loss=0.8166 read=1.3s compute=2.9s
[22:37:51]     epoch 2/5 n=506 loss=0.7131 read=1.1s compute=2.7s
[22:37:55]     epoch 3/5 n=506 loss=0.5151 read=1.0s compute=2.7s
[22:37:59]     epoch 4/5 n=506 loss=0.4229 read=1.1s compute=2.8s
[22:38:03]     epoch 5/5 n=506 loss=0.3714 read=1.0s compute=2.7s
[22:38:06] I6 r=2 seed 42 fold 6 tcga_lung: train n=506／759 params=1033 epochs=5
[22:38:10]     epoch 1/5 n=506 loss=0.8833 read=1.2s compute=2.8s
[22:38:14]     epoch 2/5 n=506 loss=0.8503 read=1.1s compute=2.6s
[22:38:18]     epoch 3/5 n=506 loss=0.7732 read=1.0s compute=2.6s
[22:38:22]     epoch 4/5 n=506 loss=0.5373 read=1.1s compute=2.6s
[22:38:26]     epoch 5/5 n=506 loss=0.3880 read=1.1s compute=2.7s
[22:38:28] I6 r=2 seed 42 fold 6 tcga_lung: train n=506／759 params=1033 epochs=5
[22:38:32]     epoch 1/5 n=506 loss=0.9803 read=0.9s compute=2.6s
[22:38:36]     epoch 2/5 n=506 loss=0.9123 read=1.0s compute=2.8s
[22:38:40]     epoch 3/5 n=506 loss=0.8601 read=1.0s compute=2.7s
[22:38:44]     epoch 4/5 n=506 loss=0.8323 read=1.0s compute=2.8s
[22:38:48]     epoch 5/5 n=506 loss=0.8076 read=1.0s compute=2.6s
[22:38:51] I6 r=2 seed 42 fold 7 tcga_esca: train n=80／120 params=1033 epochs=5
[22:38:51]     epoch 1/5 n=80 loss=0.2744 read=0.2s compute=0.5s
[22:38:52]     epoch 2/5 n=80 loss=0.2556 read=0.1s compute=0.5s
[22:38:53]     epoch 3/5 n=80 loss=0.2175 read=0.1s compute=0.4s
[22:38:53]     epoch 4/5 n=80 loss=0.1721 read=0.1s compute=0.4s
[22:38:54]     epoch 5/5 n=80 loss=0.1039 read=0.1s compute=0.4s
[22:38:54] I6 r=2 seed 42 fold 7 tcga_esca: train n=80／120 params=1033 epochs=5
[22:38:55]     epoch 1/5 n=80 loss=0.2931 read=0.1s compute=0.5s
[22:38:56]     epoch 2/5 n=80 loss=0.2731 read=0.1s compute=0.4s
[22:38:56]     epoch 3/5 n=80 loss=0.2421 read=0.1s compute=0.4s
[22:38:57]     epoch 4/5 n=80 loss=0.1979 read=0.1s compute=0.4s
[22:38:57]     epoch 5/5 n=80 loss=0.1670 read=0.1s compute=0.4s
[22:38:58] I6 r=2 seed 42 fold 7 tcga_esca: train n=80／120 params=1033 epochs=5
[22:38:58]     epoch 1/5 n=80 loss=0.5512 read=0.1s compute=0.4s
[22:38:59]     epoch 2/5 n=80 loss=0.4830 read=0.1s compute=0.4s
[22:38:59]     epoch 3/5 n=80 loss=0.3490 read=0.1s compute=0.4s
[22:39:00]     epoch 4/5 n=80 loss=0.2687 read=0.1s compute=0.5s
[22:39:01]     epoch 5/5 n=80 loss=0.2179 read=0.1s compute=0.4s
[22:39:01] I6 r=2 seed 42 fold 7 tcga_rcc: train n=410／615 params=1033 epochs=5
[22:39:05]     epoch 1/5 n=410 loss=0.3769 read=1.1s compute=2.5s
[22:39:08]     epoch 2/5 n=410 loss=0.3790 read=0.8s compute=2.6s
[22:39:13]     epoch 3/5 n=410 loss=0.3780 read=1.0s compute=3.4s
[22:39:17]     epoch 4/5 n=410 loss=0.3787 read=1.0s compute=2.7s
[22:39:20]     epoch 5/5 n=410 loss=0.3773 read=0.9s compute=2.6s
[22:39:23] I6 r=2 seed 42 fold 7 tcga_rcc: train n=410／615 params=1033 epochs=5
[22:39:27]     epoch 1/5 n=410 loss=0.2429 read=0.9s compute=2.5s
[22:39:30]     epoch 2/5 n=410 loss=0.2188 read=0.9s compute=2.5s
[22:39:34]     epoch 3/5 n=410 loss=0.1995 read=0.8s compute=2.5s
[22:39:38]     epoch 4/5 n=410 loss=0.1711 read=0.9s compute=2.6s
[22:39:41]     epoch 5/5 n=410 loss=0.1631 read=0.9s compute=2.7s
[22:39:44] I6 r=2 seed 42 fold 7 tcga_rcc: train n=410／615 params=1033 epochs=5
[22:39:47]     epoch 1/5 n=410 loss=0.4446 read=0.9s compute=2.5s
[22:39:51]     epoch 2/5 n=410 loss=0.2832 read=0.9s compute=2.5s
[22:39:54]     epoch 3/5 n=410 loss=0.2323 read=0.8s compute=2.4s
[22:39:58]     epoch 4/5 n=410 loss=0.2175 read=0.9s compute=2.6s
[22:40:01]     epoch 5/5 n=410 loss=0.2013 read=0.8s compute=2.4s
[22:40:04] I6 r=2 seed 42 fold 7 tcga_brca: train n=506／760 params=1033 epochs=5
[22:40:08]     epoch 1/5 n=506 loss=0.5018 read=1.2s compute=2.8s
[22:40:13]     epoch 2/5 n=506 loss=0.3447 read=1.0s compute=3.0s
[22:40:16]     epoch 3/5 n=506 loss=0.3236 read=1.0s compute=2.7s
[22:40:21]     epoch 4/5 n=506 loss=0.3050 read=1.1s compute=3.0s
[22:40:25]     epoch 5/5 n=506 loss=0.2893 read=1.0s compute=3.0s
[22:40:28] I6 r=2 seed 42 fold 7 tcga_brca: train n=507／760 params=1033 epochs=5
[22:40:32]     epoch 1/5 n=507 loss=0.4617 read=1.0s compute=2.7s
[22:40:37]     epoch 2/5 n=507 loss=0.3166 read=1.3s compute=3.7s
[22:40:41]     epoch 3/5 n=507 loss=0.2839 read=1.1s compute=2.8s
[22:40:44]     epoch 4/5 n=507 loss=0.2718 read=0.9s compute=2.6s
[22:40:49]     epoch 5/5 n=507 loss=0.2470 read=1.0s compute=3.1s
[22:40:52] I6 r=2 seed 42 fold 7 tcga_brca: train n=507／760 params=1033 epochs=5
[22:40:55]     epoch 1/5 n=507 loss=0.5885 read=0.9s compute=2.6s
[22:40:59]     epoch 2/5 n=507 loss=0.3631 read=0.9s compute=2.8s
[22:41:03]     epoch 3/5 n=507 loss=0.3359 read=0.9s compute=2.7s
[22:41:07]     epoch 4/5 n=507 loss=0.3117 read=0.9s compute=2.7s
[22:41:11]     epoch 5/5 n=507 loss=0.2988 read=0.9s compute=2.8s
[22:41:14] I6 r=2 seed 42 fold 7 tcga_lung: train n=516／774 params=1033 epochs=5
[22:41:18]     epoch 1/5 n=516 loss=0.7764 read=1.3s compute=2.9s
[22:41:22]     epoch 2/5 n=516 loss=0.7335 read=1.1s compute=2.7s
[22:41:26]     epoch 3/5 n=516 loss=0.6454 read=1.1s compute=2.8s
[22:41:30]     epoch 4/5 n=516 loss=0.5404 read=1.1s compute=2.8s
[22:41:34]     epoch 5/5 n=516 loss=0.4152 read=1.1s compute=2.8s
[22:41:37] I6 r=2 seed 42 fold 7 tcga_lung: train n=516／774 params=1033 epochs=5
[22:41:41]     epoch 1/5 n=516 loss=0.8569 read=1.1s compute=3.0s
[22:41:45]     epoch 2/5 n=516 loss=0.8773 read=1.1s compute=2.7s
[22:41:49]     epoch 3/5 n=516 loss=0.8564 read=1.1s compute=2.8s
[22:41:53]     epoch 4/5 n=516 loss=0.8368 read=1.1s compute=2.7s
[22:41:58]     epoch 5/5 n=516 loss=0.8185 read=1.1s compute=2.8s
[22:42:01] I6 r=2 seed 42 fold 7 tcga_lung: train n=516／774 params=1033 epochs=5
[22:42:04]     epoch 1/5 n=516 loss=0.9075 read=1.1s compute=2.7s
[22:42:08]     epoch 2/5 n=516 loss=0.8992 read=1.1s compute=2.7s
[22:42:12]     epoch 3/5 n=516 loss=0.9224 read=1.1s compute=2.8s
[22:42:16]     epoch 4/5 n=516 loss=0.8950 read=1.0s compute=2.7s
[22:42:20]     epoch 5/5 n=516 loss=0.8695 read=1.1s compute=2.8s
[22:42:23] I6 r=2 seed 42 fold 8 tcga_esca: train n=80／120 params=1033 epochs=5
[22:42:24]     epoch 1/5 n=80 loss=0.1267 read=0.2s compute=0.5s
[22:42:25]     epoch 2/5 n=80 loss=0.1006 read=0.1s compute=0.4s
[22:42:25]     epoch 3/5 n=80 loss=0.0819 read=0.1s compute=0.5s
[22:42:26]     epoch 4/5 n=80 loss=0.0473 read=0.1s compute=0.5s
[22:42:26]     epoch 5/5 n=80 loss=0.0045 read=0.1s compute=0.5s
[22:42:27] I6 r=2 seed 42 fold 8 tcga_esca: train n=80／120 params=1033 epochs=5
[22:42:27]     epoch 1/5 n=80 loss=0.1649 read=0.1s compute=0.4s
[22:42:28]     epoch 2/5 n=80 loss=0.1478 read=0.1s compute=0.4s
[22:42:29]     epoch 3/5 n=80 loss=0.1302 read=0.1s compute=0.4s
[22:42:29]     epoch 4/5 n=80 loss=0.1106 read=0.1s compute=0.4s
[22:42:30]     epoch 5/5 n=80 loss=0.0986 read=0.1s compute=0.4s
[22:42:30] I6 r=2 seed 42 fold 8 tcga_esca: train n=80／120 params=1033 epochs=5
[22:42:31]     epoch 1/5 n=80 loss=0.2880 read=0.1s compute=0.4s
[22:42:31]     epoch 2/5 n=80 loss=0.2475 read=0.1s compute=0.4s
[22:42:32]     epoch 3/5 n=80 loss=0.1978 read=0.1s compute=0.4s
[22:42:32]     epoch 4/5 n=80 loss=0.1279 read=0.1s compute=0.4s
[22:42:33]     epoch 5/5 n=80 loss=0.1005 read=0.1s compute=0.4s
[22:42:34] I6 r=2 seed 42 fold 8 tcga_rcc: train n=411／617 params=1033 epochs=5
[22:42:37]     epoch 1/5 n=411 loss=0.3537 read=1.1s compute=2.4s
[22:42:41]     epoch 2/5 n=411 loss=0.2834 read=0.9s compute=2.5s
[22:42:44]     epoch 3/5 n=411 loss=0.2495 read=0.8s compute=2.4s
[22:42:47]     epoch 4/5 n=411 loss=0.2316 read=0.8s compute=2.4s
[22:42:51]     epoch 5/5 n=411 loss=0.2182 read=0.8s compute=2.5s
[22:42:53] I6 r=2 seed 42 fold 8 tcga_rcc: train n=411／617 params=1033 epochs=5
[22:42:57]     epoch 1/5 n=411 loss=0.3710 read=0.9s compute=2.6s
[22:43:01]     epoch 2/5 n=411 loss=0.3221 read=0.9s compute=2.6s
[22:43:04]     epoch 3/5 n=411 loss=0.2835 read=0.9s compute=2.6s
[22:43:08]     epoch 4/5 n=411 loss=0.2322 read=0.9s compute=2.5s
[22:43:12]     epoch 5/5 n=411 loss=0.2041 read=0.9s compute=2.7s
[22:43:14] I6 r=2 seed 42 fold 8 tcga_rcc: train n=412／617 params=1033 epochs=5
[22:43:18]     epoch 1/5 n=412 loss=0.3683 read=0.9s compute=2.4s
[22:43:21]     epoch 2/5 n=412 loss=0.2654 read=0.9s compute=2.4s
[22:43:24]     epoch 3/5 n=412 loss=0.2142 read=0.8s compute=2.4s
[22:43:28]     epoch 4/5 n=412 loss=0.1843 read=0.9s compute=2.4s
[22:43:31]     epoch 5/5 n=412 loss=0.1782 read=0.9s compute=2.4s
[22:43:34] I6 r=2 seed 42 fold 8 tcga_brca: train n=508／762 params=1033 epochs=5
[22:43:38]     epoch 1/5 n=508 loss=0.5427 read=1.2s compute=2.5s
[22:43:41]     epoch 2/5 n=508 loss=0.3340 read=0.8s compute=2.6s
[22:43:45]     epoch 3/5 n=508 loss=0.3030 read=1.0s compute=2.9s
[22:43:49]     epoch 4/5 n=508 loss=0.2847 read=0.9s compute=2.6s
[22:43:53]     epoch 5/5 n=508 loss=0.2709 read=0.9s compute=2.6s
[22:43:56] I6 r=2 seed 42 fold 8 tcga_brca: train n=508／762 params=1033 epochs=5
[22:43:59]     epoch 1/5 n=508 loss=0.4587 read=1.0s compute=2.5s
[22:44:03]     epoch 2/5 n=508 loss=0.3528 read=0.9s compute=2.6s
[22:44:07]     epoch 3/5 n=508 loss=0.3239 read=0.9s compute=2.8s
[22:44:10]     epoch 4/5 n=508 loss=0.3021 read=0.9s compute=2.5s
[22:44:14]     epoch 5/5 n=508 loss=0.2833 read=1.0s compute=2.8s
[22:44:17] I6 r=2 seed 42 fold 8 tcga_brca: train n=508／762 params=1033 epochs=5
[22:44:21]     epoch 1/5 n=508 loss=0.4385 read=1.0s compute=2.7s
[22:44:25]     epoch 2/5 n=508 loss=0.3179 read=0.9s compute=2.8s
[22:44:29]     epoch 3/5 n=508 loss=0.2950 read=0.9s compute=2.7s
[22:44:32]     epoch 4/5 n=508 loss=0.2793 read=0.9s compute=2.6s
[22:44:36]     epoch 5/5 n=508 loss=0.2649 read=0.9s compute=2.8s
[22:44:39] I6 r=2 seed 42 fold 8 tcga_lung: train n=518／777 params=1033 epochs=5
[22:44:43]     epoch 1/5 n=518 loss=0.8385 read=1.3s compute=2.8s
[22:44:47]     epoch 2/5 n=518 loss=0.8016 read=1.1s compute=3.0s
[22:44:52]     epoch 3/5 n=518 loss=0.5961 read=1.1s compute=2.8s
[22:44:56]     epoch 4/5 n=518 loss=0.5043 read=1.1s compute=3.0s
[22:45:00]     epoch 5/5 n=518 loss=0.4317 read=1.1s compute=2.8s
[22:45:03] I6 r=2 seed 42 fold 8 tcga_lung: train n=518／777 params=1033 epochs=5
[22:45:07]     epoch 1/5 n=518 loss=0.7071 read=1.1s compute=2.8s
[22:45:11]     epoch 2/5 n=518 loss=0.6682 read=1.1s compute=2.6s
[22:45:15]     epoch 3/5 n=518 loss=0.6398 read=1.1s compute=2.6s
[22:45:18]     epoch 4/5 n=518 loss=0.5344 read=1.1s compute=2.7s
[22:45:22]     epoch 5/5 n=518 loss=0.4056 read=1.1s compute=2.6s
[22:45:25] I6 r=2 seed 42 fold 8 tcga_lung: train n=518／777 params=1033 epochs=5
[22:45:30]     epoch 1/5 n=518 loss=0.7976 read=1.1s compute=2.9s
[22:45:34]     epoch 2/5 n=518 loss=0.7646 read=1.1s compute=2.8s
[22:45:38]     epoch 3/5 n=518 loss=0.5907 read=1.1s compute=2.8s
[22:45:42]     epoch 4/5 n=518 loss=0.4763 read=1.1s compute=2.8s
[22:45:46]     epoch 5/5 n=518 loss=0.3963 read=1.1s compute=2.9s
[22:45:49] I6 r=2 seed 42 fold 9 tcga_esca: train n=80／121 params=1033 epochs=5
[22:45:49]     epoch 1/5 n=80 loss=0.2773 read=0.2s compute=0.4s
[22:45:50]     epoch 2/5 n=80 loss=0.2442 read=0.1s compute=0.4s
[22:45:50]     epoch 3/5 n=80 loss=0.1987 read=0.1s compute=0.4s
[22:45:51]     epoch 4/5 n=80 loss=0.1338 read=0.1s compute=0.4s
[22:45:52]     epoch 5/5 n=80 loss=0.0672 read=0.1s compute=0.5s
[22:45:52] I6 r=2 seed 42 fold 9 tcga_esca: train n=81／121 params=1033 epochs=5
[22:45:53]     epoch 1/5 n=81 loss=0.2831 read=0.1s compute=0.4s
[22:45:53]     epoch 2/5 n=81 loss=0.2775 read=0.1s compute=0.4s
[22:45:54]     epoch 3/5 n=81 loss=0.2764 read=0.1s compute=0.4s
[22:45:54]     epoch 4/5 n=81 loss=0.2685 read=0.1s compute=0.5s
[22:45:55]     epoch 5/5 n=81 loss=0.2613 read=0.1s compute=0.5s
[22:45:55] I6 r=2 seed 42 fold 9 tcga_esca: train n=81／121 params=1033 epochs=5
[22:45:56]     epoch 1/5 n=81 loss=0.3004 read=0.1s compute=0.4s
[22:45:57]     epoch 2/5 n=81 loss=0.2931 read=0.1s compute=0.5s
[22:45:57]     epoch 3/5 n=81 loss=0.2732 read=0.1s compute=0.4s
[22:45:58]     epoch 4/5 n=81 loss=0.2284 read=0.1s compute=0.4s
[22:45:58]     epoch 5/5 n=81 loss=0.2065 read=0.1s compute=0.4s
[22:45:59] I6 r=2 seed 42 fold 9 tcga_rcc: train n=408／612 params=1033 epochs=5
[22:46:03]     epoch 1/5 n=408 loss=0.3432 read=1.1s compute=2.4s
[22:46:06]     epoch 2/5 n=408 loss=0.3427 read=0.8s compute=2.5s
[22:46:10]     epoch 3/5 n=408 loss=0.3434 read=0.9s compute=2.5s
[22:46:13]     epoch 4/5 n=408 loss=0.3430 read=0.9s compute=2.5s
[22:46:17]     epoch 5/5 n=408 loss=0.3415 read=0.9s compute=2.5s
[22:46:19] I6 r=2 seed 42 fold 9 tcga_rcc: train n=408／612 params=1033 epochs=5
[22:46:23]     epoch 1/5 n=408 loss=0.2870 read=0.9s compute=2.4s
[22:46:26]     epoch 2/5 n=408 loss=0.2580 read=0.8s compute=2.4s
[22:46:30]     epoch 3/5 n=408 loss=0.2535 read=0.9s compute=2.4s
[22:46:33]     epoch 4/5 n=408 loss=0.2238 read=0.8s compute=2.4s
[22:46:36]     epoch 5/5 n=408 loss=0.2051 read=0.8s compute=2.4s
[22:46:39] I6 r=2 seed 42 fold 9 tcga_rcc: train n=408／612 params=1033 epochs=5
[22:46:42]     epoch 1/5 n=408 loss=0.4433 read=0.9s compute=2.3s
[22:46:45]     epoch 2/5 n=408 loss=0.2371 read=0.9s compute=2.4s
[22:46:49]     epoch 3/5 n=408 loss=0.2100 read=0.8s compute=2.4s
[22:46:52]     epoch 4/5 n=408 loss=0.1859 read=0.9s compute=2.2s
[22:46:55]     epoch 5/5 n=408 loss=0.1552 read=0.8s compute=2.3s
[22:46:58] I6 r=2 seed 42 fold 9 tcga_brca: train n=506／760 params=1033 epochs=5
[22:47:02]     epoch 1/5 n=506 loss=0.4308 read=1.2s compute=2.9s
[22:47:06]     epoch 2/5 n=506 loss=0.3157 read=1.0s compute=2.8s
[22:47:10]     epoch 3/5 n=506 loss=0.2765 read=0.9s compute=2.8s
[22:47:14]     epoch 4/5 n=506 loss=0.2578 read=1.0s compute=2.7s
[22:47:18]     epoch 5/5 n=506 loss=0.2491 read=1.0s compute=2.7s
[22:47:21] I6 r=2 seed 42 fold 9 tcga_brca: train n=507／760 params=1033 epochs=5
[22:47:24]     epoch 1/5 n=507 loss=0.5056 read=1.0s compute=2.5s
[22:47:29]     epoch 2/5 n=507 loss=0.3461 read=1.3s compute=3.4s
[22:47:33]     epoch 3/5 n=507 loss=0.3090 read=1.0s compute=2.8s
[22:47:37]     epoch 4/5 n=507 loss=0.2897 read=1.0s compute=2.8s
[22:47:42]     epoch 5/5 n=507 loss=0.2712 read=1.1s compute=3.2s
[22:47:45] I6 r=2 seed 42 fold 9 tcga_brca: train n=507／760 params=1033 epochs=5
[22:47:49]     epoch 1/5 n=507 loss=0.4763 read=1.1s compute=3.0s
[22:47:53]     epoch 2/5 n=507 loss=0.3350 read=0.9s compute=2.6s
[22:47:57]     epoch 3/5 n=507 loss=0.3195 read=1.1s compute=3.5s
[22:48:01]     epoch 4/5 n=507 loss=0.3096 read=1.0s compute=2.6s
[22:48:05]     epoch 5/5 n=507 loss=0.2853 read=0.9s compute=2.8s
[22:48:08] I6 r=2 seed 42 fold 9 tcga_lung: train n=508／762 params=1033 epochs=5
[22:48:12]     epoch 1/5 n=508 loss=0.8089 read=1.2s compute=2.6s
[22:48:16]     epoch 2/5 n=508 loss=0.7519 read=1.0s compute=2.6s
[22:48:20]     epoch 3/5 n=508 loss=0.7315 read=1.0s compute=2.6s
[22:48:24]     epoch 4/5 n=508 loss=0.7051 read=1.0s compute=2.7s
[22:48:27]     epoch 5/5 n=508 loss=0.6907 read=1.0s compute=2.6s
[22:48:30] I6 r=2 seed 42 fold 9 tcga_lung: train n=508／762 params=1033 epochs=5
[22:48:36]     epoch 1/5 n=508 loss=0.8908 read=1.5s compute=3.6s
[22:48:40]     epoch 2/5 n=508 loss=0.8251 read=1.2s compute=2.8s
[22:48:44]     epoch 3/5 n=508 loss=0.7494 read=1.2s compute=2.7s
[22:48:48]     epoch 4/5 n=508 loss=0.7195 read=1.2s compute=3.1s
[22:48:53]     epoch 5/5 n=508 loss=0.6990 read=1.2s compute=3.1s
[22:48:56] I6 r=2 seed 42 fold 9 tcga_lung: train n=508／762 params=1033 epochs=5
[22:49:00]     epoch 1/5 n=508 loss=0.8537 read=1.2s compute=3.0s
[22:49:04]     epoch 2/5 n=508 loss=0.8326 read=1.1s compute=2.8s
[22:49:09]     epoch 3/5 n=508 loss=0.7928 read=1.2s compute=3.3s
[22:49:13]     epoch 4/5 n=508 loss=0.7315 read=1.1s compute=2.8s
[22:49:17]     epoch 5/5 n=508 loss=0.6106 read=1.0s compute=2.8s
[22:49:20] I6 r=2 seed 42 fold 10 tcga_esca: train n=80／121 params=1033 epochs=5
[22:49:21]     epoch 1/5 n=80 loss=0.0086 read=0.2s compute=0.4s
[22:49:21]     epoch 2/5 n=80 loss=0.0065 read=0.1s compute=0.4s
[22:49:22]     epoch 3/5 n=80 loss=0.0033 read=0.2s compute=0.8s
[22:49:23]     epoch 4/5 n=80 loss=0.0012 read=0.1s compute=0.5s
[22:49:23]     epoch 5/5 n=80 loss=0.0007 read=0.1s compute=0.5s
[22:49:24] I6 r=2 seed 42 fold 10 tcga_esca: train n=81／121 params=1033 epochs=5
[22:49:25]     epoch 1/5 n=81 loss=0.5358 read=0.1s compute=0.5s
[22:49:25]     epoch 2/5 n=81 loss=0.4423 read=0.1s compute=0.5s
[22:49:26]     epoch 3/5 n=81 loss=0.3350 read=0.1s compute=0.5s
[22:49:27]     epoch 4/5 n=81 loss=0.2570 read=0.1s compute=0.5s
[22:49:27]     epoch 5/5 n=81 loss=0.2133 read=0.1s compute=0.6s
[22:49:28] I6 r=2 seed 42 fold 10 tcga_esca: train n=81／121 params=1033 epochs=5
[22:49:29]     epoch 1/5 n=81 loss=0.5491 read=0.1s compute=0.5s
[22:49:29]     epoch 2/5 n=81 loss=0.4923 read=0.1s compute=0.5s
[22:49:30]     epoch 3/5 n=81 loss=0.4021 read=0.1s compute=0.5s
[22:49:31]     epoch 4/5 n=81 loss=0.2703 read=0.2s compute=0.6s
[22:49:31]     epoch 5/5 n=81 loss=0.2390 read=0.2s compute=0.6s
[22:49:32] I6 r=2 seed 42 fold 10 tcga_rcc: train n=412／618 params=1033 epochs=5
[22:49:36]     epoch 1/5 n=412 loss=0.3595 read=1.2s compute=2.6s
[22:49:40]     epoch 2/5 n=412 loss=0.2322 read=0.9s compute=2.7s
[22:49:44]     epoch 3/5 n=412 loss=0.1953 read=1.1s compute=2.9s
[22:49:48]     epoch 4/5 n=412 loss=0.1864 read=1.0s compute=2.7s
[22:49:52]     epoch 5/5 n=412 loss=0.1717 read=0.9s compute=2.7s
[22:49:54] I6 r=2 seed 42 fold 10 tcga_rcc: train n=412／618 params=1033 epochs=5
[22:49:58]     epoch 1/5 n=412 loss=0.3739 read=0.9s compute=2.5s
[22:50:01]     epoch 2/5 n=412 loss=0.2576 read=0.9s compute=2.5s
[22:50:05]     epoch 3/5 n=412 loss=0.1982 read=0.9s compute=2.5s
[22:50:08]     epoch 4/5 n=412 loss=0.1807 read=0.9s compute=2.4s
[22:50:12]     epoch 5/5 n=412 loss=0.1716 read=0.9s compute=2.4s
[22:50:15] I6 r=2 seed 42 fold 10 tcga_rcc: train n=412／618 params=1033 epochs=5
[22:50:18]     epoch 1/5 n=412 loss=0.4030 read=0.9s compute=2.3s
[22:50:21]     epoch 2/5 n=412 loss=0.2883 read=0.8s compute=2.4s
[22:50:25]     epoch 3/5 n=412 loss=0.2306 read=0.8s compute=2.5s
[22:50:28]     epoch 4/5 n=412 loss=0.2090 read=0.9s compute=2.4s
[22:50:31]     epoch 5/5 n=412 loss=0.2008 read=0.9s compute=2.4s
[22:50:34] I6 r=2 seed 42 fold 10 tcga_brca: train n=508／763 params=1033 epochs=5
[22:50:38]     epoch 1/5 n=508 loss=0.3533 read=1.2s compute=2.6s
[22:50:42]     epoch 2/5 n=508 loss=0.2508 read=0.9s compute=2.7s
[22:50:46]     epoch 3/5 n=508 loss=0.2320 read=0.9s compute=2.7s
[22:50:50]     epoch 4/5 n=508 loss=0.2153 read=1.0s compute=3.1s
[22:50:55]     epoch 5/5 n=508 loss=0.2119 read=1.2s compute=3.0s
[22:50:59] I6 r=2 seed 42 fold 10 tcga_brca: train n=509／763 params=1033 epochs=5
[22:51:03]     epoch 1/5 n=509 loss=0.4836 read=1.3s compute=3.1s
[22:51:08]     epoch 2/5 n=509 loss=0.3485 read=1.2s compute=3.3s
[22:51:12]     epoch 3/5 n=509 loss=0.3229 read=1.1s compute=2.8s
[22:51:15]     epoch 4/5 n=509 loss=0.3044 read=1.0s compute=2.6s
[22:51:19]     epoch 5/5 n=509 loss=0.2905 read=0.9s compute=2.6s
[22:51:22] I6 r=2 seed 42 fold 10 tcga_brca: train n=509／763 params=1033 epochs=5
[22:51:27]     epoch 1/5 n=509 loss=0.4306 read=1.1s compute=3.0s
[22:51:30]     epoch 2/5 n=509 loss=0.2891 read=1.0s compute=2.7s
[22:51:34]     epoch 3/5 n=509 loss=0.2639 read=1.0s compute=2.8s
[22:51:38]     epoch 4/5 n=509 loss=0.2498 read=1.0s compute=2.7s
[22:51:42]     epoch 5/5 n=509 loss=0.2329 read=1.0s compute=2.8s
[22:51:45] I6 r=2 seed 42 fold 10 tcga_lung: train n=514／771 params=1033 epochs=5
[22:51:49]     epoch 1/5 n=514 loss=0.7940 read=1.3s compute=2.8s
[22:51:53]     epoch 2/5 n=514 loss=0.7946 read=1.1s compute=2.8s
[22:51:58]     epoch 3/5 n=514 loss=0.7532 read=1.2s compute=3.1s
[22:52:02]     epoch 4/5 n=514 loss=0.6218 read=1.2s compute=2.8s
[22:52:06]     epoch 5/5 n=514 loss=0.4960 read=1.1s compute=2.8s
[22:52:09] I6 r=2 seed 42 fold 10 tcga_lung: train n=514／771 params=1033 epochs=5
[22:52:13]     epoch 1/5 n=514 loss=0.8448 read=1.2s compute=2.6s
[22:52:17]     epoch 2/5 n=514 loss=0.8485 read=1.1s compute=2.6s
[22:52:21]     epoch 3/5 n=514 loss=0.8449 read=1.2s compute=2.6s
[22:52:25]     epoch 4/5 n=514 loss=0.8446 read=1.2s compute=2.7s
[22:52:29]     epoch 5/5 n=514 loss=0.8430 read=1.2s compute=2.6s
[22:52:32] I6 r=2 seed 42 fold 10 tcga_lung: train n=514／771 params=1033 epochs=5
[22:52:36]     epoch 1/5 n=514 loss=0.8121 read=1.1s compute=2.8s
[22:52:40]     epoch 2/5 n=514 loss=0.7856 read=1.2s compute=2.9s
[22:52:44]     epoch 3/5 n=514 loss=0.7171 read=1.2s compute=2.8s
[22:52:48]     epoch 4/5 n=514 loss=0.5647 read=1.1s compute=2.9s
[22:52:52]     epoch 5/5 n=514 loss=0.4377 read=1.1s compute=2.8s
[22:52:58] s6: 完成（2038s）
[2026-10-02 22:52:58] exit=0
